<?xml version="1.0"?>
<link_info>
   <banner>TI ARM Linker PC v5.2.5</banner>
   <copyright>Copyright (c) 1996-2015 Texas Instruments Incorporated</copyright>
   <link_time>0x55f6bff3</link_time>
   <link_errors>0x0</link_errors>
   <output_file>RYA_robot_v1.2222.out</output_file>
   <entry_point>
      <name>_c_int00</name>
      <address>0x6915</address>
   </entry_point>
   <input_file_list>
      <input_file id="fl-2">
         <path>.\</path>
         <kind>object</kind>
         <file>SystemConfig.obj</file>
         <name>SystemConfig.obj</name>
      </input_file>
      <input_file id="fl-3">
         <path>.\</path>
         <kind>object</kind>
         <file>main.obj</file>
         <name>main.obj</name>
      </input_file>
      <input_file id="fl-4">
         <path>.\</path>
         <kind>object</kind>
         <file>startup_ccs.obj</file>
         <name>startup_ccs.obj</name>
      </input_file>
      <input_file id="fl-5">
         <path>.\WallFollow\</path>
         <kind>object</kind>
         <file>Floodfill.obj</file>
         <name>Floodfill.obj</name>
      </input_file>
      <input_file id="fl-6">
         <path>.\WallFollow\</path>
         <kind>object</kind>
         <file>PID.obj</file>
         <name>PID.obj</name>
      </input_file>
      <input_file id="fl-7">
         <path>.\WallFollow\</path>
         <kind>object</kind>
         <file>WallFollow.obj</file>
         <name>WallFollow.obj</name>
      </input_file>
      <input_file id="fl-8">
         <path>.\Timer\</path>
         <kind>object</kind>
         <file>Timer.obj</file>
         <name>Timer.obj</name>
      </input_file>
      <input_file id="fl-9">
         <path>.\STR\</path>
         <kind>object</kind>
         <file>Control_initialize.obj</file>
         <name>Control_initialize.obj</name>
      </input_file>
      <input_file id="fl-a">
         <path>.\STR\</path>
         <kind>object</kind>
         <file>STR_Indirect.obj</file>
         <name>STR_Indirect.obj</name>
      </input_file>
      <input_file id="fl-b">
         <path>.\STR\</path>
         <kind>object</kind>
         <file>Uocluong.obj</file>
         <name>Uocluong.obj</name>
      </input_file>
      <input_file id="fl-c">
         <path>.\STR\</path>
         <kind>object</kind>
         <file>rtGetInf.obj</file>
         <name>rtGetInf.obj</name>
      </input_file>
      <input_file id="fl-d">
         <path>.\STR\</path>
         <kind>object</kind>
         <file>rtGetNaN.obj</file>
         <name>rtGetNaN.obj</name>
      </input_file>
      <input_file id="fl-e">
         <path>.\STR\</path>
         <kind>object</kind>
         <file>rt_nonfinite.obj</file>
         <name>rt_nonfinite.obj</name>
      </input_file>
      <input_file id="fl-f">
         <path>.\STR\</path>
         <kind>object</kind>
         <file>speed_control.obj</file>
         <name>speed_control.obj</name>
      </input_file>
      <input_file id="fl-10">
         <path>.\QEI\</path>
         <kind>object</kind>
         <file>qei.obj</file>
         <name>qei.obj</name>
      </input_file>
      <input_file id="fl-11">
         <path>.\ImageProcess\</path>
         <kind>object</kind>
         <file>HostComm.obj</file>
         <name>HostComm.obj</name>
      </input_file>
      <input_file id="fl-12">
         <path>.\ImageProcess\</path>
         <kind>object</kind>
         <file>ImgProcess.obj</file>
         <name>ImgProcess.obj</name>
      </input_file>
      <input_file id="fl-13">
         <path>.\ImageProcess\</path>
         <kind>object</kind>
         <file>Img_PID.obj</file>
         <name>Img_PID.obj</name>
      </input_file>
      <input_file id="fl-14">
         <path>.\IR\</path>
         <kind>object</kind>
         <file>IR.obj</file>
         <name>IR.obj</name>
      </input_file>
      <input_file id="fl-15">
         <path>.\Eeprom\</path>
         <kind>object</kind>
         <file>EEPROM.obj</file>
         <name>EEPROM.obj</name>
      </input_file>
      <input_file id="fl-16">
         <path>.\Buzzer\</path>
         <kind>object</kind>
         <file>Buzzer.obj</file>
         <name>Buzzer.obj</name>
      </input_file>
      <input_file id="fl-17">
         <path>.\Button\</path>
         <kind>object</kind>
         <file>Button.obj</file>
         <name>Button.obj</name>
      </input_file>
      <input_file id="fl-18">
         <path>.\Bluetooth\</path>
         <kind>object</kind>
         <file>Bluetooth.obj</file>
         <name>Bluetooth.obj</name>
      </input_file>
      <input_file id="fl-19">
         <path>.\Bluetooth\</path>
         <kind>object</kind>
         <file>uartstdio.obj</file>
         <name>uartstdio.obj</name>
      </input_file>
      <input_file id="fl-1a">
         <path>.\Bluetooth\</path>
         <kind>object</kind>
         <file>ustdlib.obj</file>
         <name>ustdlib.obj</name>
      </input_file>
      <input_file id="fl-1b">
         <path>.\Battery\</path>
         <kind>object</kind>
         <file>Bettery.obj</file>
         <name>Bettery.obj</name>
      </input_file>
      <input_file id="fl-142">
         <path>C:\ti\ccsv6\tools\compiler\ti-cgt-arm_5.2.5\lib\</path>
         <kind>archive</kind>
         <file>rtsv7M4_T_le_v4SPD16_eabi.lib</file>
         <name>boot.obj</name>
      </input_file>
      <input_file id="fl-143">
         <path>C:\ti\ccsv6\tools\compiler\ti-cgt-arm_5.2.5\lib\</path>
         <kind>archive</kind>
         <file>rtsv7M4_T_le_v4SPD16_eabi.lib</file>
         <name>copy_decompress_none.obj</name>
      </input_file>
      <input_file id="fl-144">
         <path>C:\ti\ccsv6\tools\compiler\ti-cgt-arm_5.2.5\lib\</path>
         <kind>archive</kind>
         <file>rtsv7M4_T_le_v4SPD16_eabi.lib</file>
         <name>copy_decompress_rle.obj</name>
      </input_file>
      <input_file id="fl-145">
         <path>C:\ti\ccsv6\tools\compiler\ti-cgt-arm_5.2.5\lib\</path>
         <kind>archive</kind>
         <file>rtsv7M4_T_le_v4SPD16_eabi.lib</file>
         <name>copy_zero_init.obj</name>
      </input_file>
      <input_file id="fl-146">
         <path>C:\ti\ccsv6\tools\compiler\ti-cgt-arm_5.2.5\lib\</path>
         <kind>archive</kind>
         <file>rtsv7M4_T_le_v4SPD16_eabi.lib</file>
         <name>exit.obj</name>
      </input_file>
      <input_file id="fl-147">
         <path>C:\ti\ccsv6\tools\compiler\ti-cgt-arm_5.2.5\lib\</path>
         <kind>archive</kind>
         <file>rtsv7M4_T_le_v4SPD16_eabi.lib</file>
         <name>fd_add_t2.obj</name>
      </input_file>
      <input_file id="fl-148">
         <path>C:\ti\ccsv6\tools\compiler\ti-cgt-arm_5.2.5\lib\</path>
         <kind>archive</kind>
         <file>rtsv7M4_T_le_v4SPD16_eabi.lib</file>
         <name>fd_cmp_t2.obj</name>
      </input_file>
      <input_file id="fl-149">
         <path>C:\ti\ccsv6\tools\compiler\ti-cgt-arm_5.2.5\lib\</path>
         <kind>archive</kind>
         <file>rtsv7M4_T_le_v4SPD16_eabi.lib</file>
         <name>fd_div_t2.obj</name>
      </input_file>
      <input_file id="fl-14a">
         <path>C:\ti\ccsv6\tools\compiler\ti-cgt-arm_5.2.5\lib\</path>
         <kind>archive</kind>
         <file>rtsv7M4_T_le_v4SPD16_eabi.lib</file>
         <name>fd_mul_t2.obj</name>
      </input_file>
      <input_file id="fl-14b">
         <path>C:\ti\ccsv6\tools\compiler\ti-cgt-arm_5.2.5\lib\</path>
         <kind>archive</kind>
         <file>rtsv7M4_T_le_v4SPD16_eabi.lib</file>
         <name>fd_toi_t2.obj</name>
      </input_file>
      <input_file id="fl-14c">
         <path>C:\ti\ccsv6\tools\compiler\ti-cgt-arm_5.2.5\lib\</path>
         <kind>archive</kind>
         <file>rtsv7M4_T_le_v4SPD16_eabi.lib</file>
         <name>fd_tos_t2.obj</name>
      </input_file>
      <input_file id="fl-14d">
         <path>C:\ti\ccsv6\tools\compiler\ti-cgt-arm_5.2.5\lib\</path>
         <kind>archive</kind>
         <file>rtsv7M4_T_le_v4SPD16_eabi.lib</file>
         <name>fs_tod_t2.obj</name>
      </input_file>
      <input_file id="fl-14e">
         <path>C:\ti\ccsv6\tools\compiler\ti-cgt-arm_5.2.5\lib\</path>
         <kind>archive</kind>
         <file>rtsv7M4_T_le_v4SPD16_eabi.lib</file>
         <name>i_tofd_t2.obj</name>
      </input_file>
      <input_file id="fl-14f">
         <path>C:\ti\ccsv6\tools\compiler\ti-cgt-arm_5.2.5\lib\</path>
         <kind>archive</kind>
         <file>rtsv7M4_T_le_v4SPD16_eabi.lib</file>
         <name>memcpy_t2.obj</name>
      </input_file>
      <input_file id="fl-150">
         <path>C:\ti\ccsv6\tools\compiler\ti-cgt-arm_5.2.5\lib\</path>
         <kind>archive</kind>
         <file>rtsv7M4_T_le_v4SPD16_eabi.lib</file>
         <name>memset_t2.obj</name>
      </input_file>
      <input_file id="fl-151">
         <path>C:\ti\ccsv6\tools\compiler\ti-cgt-arm_5.2.5\lib\</path>
         <kind>archive</kind>
         <file>rtsv7M4_T_le_v4SPD16_eabi.lib</file>
         <name>pre_init.obj</name>
      </input_file>
      <input_file id="fl-152">
         <path>C:\ti\ccsv6\tools\compiler\ti-cgt-arm_5.2.5\lib\</path>
         <kind>archive</kind>
         <file>rtsv7M4_T_le_v4SPD16_eabi.lib</file>
         <name>stkdepth_vars.obj</name>
      </input_file>
      <input_file id="fl-153">
         <path>C:\ti\ccsv6\tools\compiler\ti-cgt-arm_5.2.5\lib\</path>
         <kind>archive</kind>
         <file>rtsv7M4_T_le_v4SPD16_eabi.lib</file>
         <name>strlen.obj</name>
      </input_file>
      <input_file id="fl-154">
         <path>C:\ti\ccsv6\tools\compiler\ti-cgt-arm_5.2.5\lib\</path>
         <kind>archive</kind>
         <file>rtsv7M4_T_le_v4SPD16_eabi.lib</file>
         <name>u_divt2.obj</name>
      </input_file>
      <input_file id="fl-155">
         <path>C:\ti\ccsv6\tools\compiler\ti-cgt-arm_5.2.5\lib\</path>
         <kind>archive</kind>
         <file>rtsv7M4_T_le_v4SPD16_eabi.lib</file>
         <name>vsprintf.obj</name>
      </input_file>
      <input_file id="fl-156">
         <path>C:\ti\ccsv6\tools\compiler\ti-cgt-arm_5.2.5\lib\</path>
         <kind>archive</kind>
         <file>rtsv7M4_T_le_v4SPD16_eabi.lib</file>
         <name>_lock.obj</name>
      </input_file>
      <input_file id="fl-157">
         <path>C:\ti\ccsv6\tools\compiler\ti-cgt-arm_5.2.5\lib\</path>
         <kind>archive</kind>
         <file>rtsv7M4_T_le_v4SPD16_eabi.lib</file>
         <name>_printfi.obj</name>
      </input_file>
      <input_file id="fl-158">
         <path>C:\ti\ccsv6\tools\compiler\ti-cgt-arm_5.2.5\lib\</path>
         <kind>archive</kind>
         <file>rtsv7M4_T_le_v4SPD16_eabi.lib</file>
         <name>args_main.obj</name>
      </input_file>
      <input_file id="fl-159">
         <path>C:\ti\ccsv6\tools\compiler\ti-cgt-arm_5.2.5\lib\</path>
         <kind>archive</kind>
         <file>rtsv7M4_T_le_v4SPD16_eabi.lib</file>
         <name>atoi.obj</name>
      </input_file>
      <input_file id="fl-15a">
         <path>C:\ti\ccsv6\tools\compiler\ti-cgt-arm_5.2.5\lib\</path>
         <kind>archive</kind>
         <file>rtsv7M4_T_le_v4SPD16_eabi.lib</file>
         <name>autoinit.obj</name>
      </input_file>
      <input_file id="fl-15b">
         <path>C:\ti\ccsv6\tools\compiler\ti-cgt-arm_5.2.5\lib\</path>
         <kind>archive</kind>
         <file>rtsv7M4_T_le_v4SPD16_eabi.lib</file>
         <name>cpy_tbl.obj</name>
      </input_file>
      <input_file id="fl-15c">
         <path>C:\ti\ccsv6\tools\compiler\ti-cgt-arm_5.2.5\lib\</path>
         <kind>archive</kind>
         <file>rtsv7M4_T_le_v4SPD16_eabi.lib</file>
         <name>ctype.obj</name>
      </input_file>
      <input_file id="fl-15d">
         <path>C:\ti\ccsv6\tools\compiler\ti-cgt-arm_5.2.5\lib\</path>
         <kind>archive</kind>
         <file>rtsv7M4_T_le_v4SPD16_eabi.lib</file>
         <name>frexp.obj</name>
      </input_file>
      <input_file id="fl-15e">
         <path>C:\ti\ccsv6\tools\compiler\ti-cgt-arm_5.2.5\lib\</path>
         <kind>archive</kind>
         <file>rtsv7M4_T_le_v4SPD16_eabi.lib</file>
         <name>i_div0.obj</name>
      </input_file>
      <input_file id="fl-15f">
         <path>C:\ti\ccsv6\tools\compiler\ti-cgt-arm_5.2.5\lib\</path>
         <kind>archive</kind>
         <file>rtsv7M4_T_le_v4SPD16_eabi.lib</file>
         <name>ldexp.obj</name>
      </input_file>
      <input_file id="fl-160">
         <path>C:\ti\ccsv6\tools\compiler\ti-cgt-arm_5.2.5\lib\</path>
         <kind>archive</kind>
         <file>rtsv7M4_T_le_v4SPD16_eabi.lib</file>
         <name>ltoa.obj</name>
      </input_file>
      <input_file id="fl-161">
         <path>C:\ti\ccsv6\tools\compiler\ti-cgt-arm_5.2.5\lib\</path>
         <kind>archive</kind>
         <file>rtsv7M4_T_le_v4SPD16_eabi.lib</file>
         <name>memccpy.obj</name>
      </input_file>
      <input_file id="fl-162">
         <path>C:\ti\ccsv6\tools\compiler\ti-cgt-arm_5.2.5\lib\</path>
         <kind>archive</kind>
         <file>rtsv7M4_T_le_v4SPD16_eabi.lib</file>
         <name>strchr.obj</name>
      </input_file>
      <input_file id="fl-163">
         <path>C:\ti\ccsv6\tools\compiler\ti-cgt-arm_5.2.5\lib\</path>
         <kind>archive</kind>
         <file>rtsv7M4_T_le_v4SPD16_eabi.lib</file>
         <name>ull_div_t2.obj</name>
      </input_file>
      <input_file id="fl-164">
         <path>C:\ti\ccsv6\tools\compiler\ti-cgt-arm_5.2.5\lib\</path>
         <kind>archive</kind>
         <file>rtsv7M4_T_le_v4SPD16_eabi.lib</file>
         <name>xdclass.obj</name>
      </input_file>
      <input_file id="fl-165">
         <path>C:\ti\ccsv6\tools\compiler\ti-cgt-arm_5.2.5\lib\</path>
         <kind>archive</kind>
         <file>rtsv7M4_T_le_v4SPD16_eabi.lib</file>
         <name>xdscale.obj</name>
      </input_file>
      <input_file id="fl-166">
         <path>C:\ti\ccsv6\tools\compiler\ti-cgt-arm_5.2.5\lib\</path>
         <kind>archive</kind>
         <file>rtsv7M4_T_le_v4SPD16_eabi.lib</file>
         <name>xdunscal.obj</name>
      </input_file>
      <input_file id="fl-167">
         <path>C:\ti\ccsv6\tools\compiler\ti-cgt-arm_5.2.5\lib\</path>
         <kind>archive</kind>
         <file>rtsv7M4_T_le_v4SPD16_eabi.lib</file>
         <name>xferaise.obj</name>
      </input_file>
      <input_file id="fl-168">
         <path>C:\ti\ccsv6\tools\compiler\ti-cgt-arm_5.2.5\lib\</path>
         <kind>archive</kind>
         <file>rtsv7M4_T_le_v4SPD16_eabi.lib</file>
         <name>xvalues.obj</name>
      </input_file>
      <input_file id="fl-169">
         <path>C:\ti\ccsv6\tools\compiler\ti-cgt-arm_5.2.5\lib\</path>
         <kind>archive</kind>
         <file>rtsv7M4_T_le_v4SPD16_eabi.lib</file>
         <name>errno.obj</name>
      </input_file>
      <input_file id="fl-16a">
         <path>C:\ti\ccsv6\tools\compiler\ti-cgt-arm_5.2.5\lib\</path>
         <kind>archive</kind>
         <file>rtsv7M4_T_le_v4SPD16_eabi.lib</file>
         <name>feraiseexcept.obj</name>
      </input_file>
      <input_file id="fl-16b">
         <path>C:\ti\ccsv6\tools\compiler\ti-cgt-arm_5.2.5\lib\</path>
         <kind>archive</kind>
         <file>rtsv7M4_T_le_v4SPD16_eabi.lib</file>
         <name>raise.obj</name>
      </input_file>
      <input_file id="fl-16c">
         <path>C:\ti\ccsv6\tools\compiler\ti-cgt-arm_5.2.5\lib\</path>
         <kind>archive</kind>
         <file>rtsv7M4_T_le_v4SPD16_eabi.lib</file>
         <name>signal.obj</name>
      </input_file>
      <input_file id="fl-16d">
         <path>C:\ti\ccsv6\tools\compiler\ti-cgt-arm_5.2.5\lib\</path>
         <kind>archive</kind>
         <file>rtsv7M4_T_le_v4SPD16_eabi.lib</file>
         <name>xdnorm.obj</name>
      </input_file>
      <input_file id="fl-16e">
         <path>C:\ti\TivaWare_C_Series-2.1.1.71\driverlib\ccs\Debug\</path>
         <kind>archive</kind>
         <file>driverlib.lib</file>
         <name>adc.obj</name>
      </input_file>
      <input_file id="fl-16f">
         <path>C:\ti\TivaWare_C_Series-2.1.1.71\driverlib\ccs\Debug\</path>
         <kind>archive</kind>
         <file>driverlib.lib</file>
         <name>eeprom.obj</name>
      </input_file>
      <input_file id="fl-170">
         <path>C:\ti\TivaWare_C_Series-2.1.1.71\driverlib\ccs\Debug\</path>
         <kind>archive</kind>
         <file>driverlib.lib</file>
         <name>gpio.obj</name>
      </input_file>
      <input_file id="fl-171">
         <path>C:\ti\TivaWare_C_Series-2.1.1.71\driverlib\ccs\Debug\</path>
         <kind>archive</kind>
         <file>driverlib.lib</file>
         <name>interrupt.obj</name>
      </input_file>
      <input_file id="fl-172">
         <path>C:\ti\TivaWare_C_Series-2.1.1.71\driverlib\ccs\Debug\</path>
         <kind>archive</kind>
         <file>driverlib.lib</file>
         <name>qei.obj</name>
      </input_file>
      <input_file id="fl-173">
         <path>C:\ti\TivaWare_C_Series-2.1.1.71\driverlib\ccs\Debug\</path>
         <kind>archive</kind>
         <file>driverlib.lib</file>
         <name>sysctl.obj</name>
      </input_file>
      <input_file id="fl-174">
         <path>C:\ti\TivaWare_C_Series-2.1.1.71\driverlib\ccs\Debug\</path>
         <kind>archive</kind>
         <file>driverlib.lib</file>
         <name>systick.obj</name>
      </input_file>
      <input_file id="fl-175">
         <path>C:\ti\TivaWare_C_Series-2.1.1.71\driverlib\ccs\Debug\</path>
         <kind>archive</kind>
         <file>driverlib.lib</file>
         <name>timer.obj</name>
      </input_file>
      <input_file id="fl-176">
         <path>C:\ti\TivaWare_C_Series-2.1.1.71\driverlib\ccs\Debug\</path>
         <kind>archive</kind>
         <file>driverlib.lib</file>
         <name>uart.obj</name>
      </input_file>
      <input_file id="fl-177">
         <path>C:\ti\TivaWare_C_Series-2.1.1.71\driverlib\ccs\Debug\</path>
         <kind>archive</kind>
         <file>driverlib.lib</file>
         <name>cpu.obj</name>
      </input_file>
   </input_file_list>
   <object_component_list>
      <object_component id="oc-f">
         <name>.intvecs</name>
         <load_address>0x0</load_address>
         <run_address>0x0</run_address>
         <size>0x26c</size>
         <input_file_ref idref="fl-4"/>
      </object_component>
      <object_component id="oc-418">
         <name>.text</name>
         <load_address>0x26c</load_address>
         <run_address>0x26c</run_address>
         <size>0x10ba</size>
         <input_file_ref idref="fl-157"/>
      </object_component>
      <object_component id="oc-163">
         <name>.text</name>
         <load_address>0x1328</load_address>
         <run_address>0x1328</run_address>
         <size>0xac8</size>
         <input_file_ref idref="fl-b"/>
      </object_component>
      <object_component id="oc-10b">
         <name>.text</name>
         <load_address>0x1df0</load_address>
         <run_address>0x1df0</run_address>
         <size>0x8d0</size>
         <input_file_ref idref="fl-12"/>
      </object_component>
      <object_component id="oc-d5">
         <name>.text</name>
         <load_address>0x26c0</load_address>
         <run_address>0x26c0</run_address>
         <size>0x6b8</size>
         <input_file_ref idref="fl-14"/>
      </object_component>
      <object_component id="oc-1b9">
         <name>.text</name>
         <load_address>0x2d78</load_address>
         <run_address>0x2d78</run_address>
         <size>0x6a4</size>
         <input_file_ref idref="fl-18"/>
      </object_component>
      <object_component id="oc-cf">
         <name>.text</name>
         <load_address>0x341c</load_address>
         <run_address>0x341c</run_address>
         <size>0x588</size>
         <input_file_ref idref="fl-f"/>
      </object_component>
      <object_component id="oc-e7">
         <name>.text</name>
         <load_address>0x39a4</load_address>
         <run_address>0x39a4</run_address>
         <size>0x314</size>
         <input_file_ref idref="fl-10"/>
      </object_component>
      <object_component id="oc-f3">
         <name>.text</name>
         <load_address>0x3cb8</load_address>
         <run_address>0x3cb8</run_address>
         <size>0x2fc</size>
         <input_file_ref idref="fl-11"/>
      </object_component>
      <object_component id="oc-153">
         <name>.text</name>
         <load_address>0x3fb4</load_address>
         <run_address>0x3fb4</run_address>
         <size>0x2e0</size>
         <input_file_ref idref="fl-a"/>
      </object_component>
      <object_component id="oc-f9">
         <name>.text</name>
         <load_address>0x4294</load_address>
         <run_address>0x4294</run_address>
         <size>0x2c8</size>
         <input_file_ref idref="fl-16"/>
      </object_component>
      <object_component id="oc-c9">
         <name>.text</name>
         <load_address>0x455c</load_address>
         <run_address>0x455c</run_address>
         <size>0x2c0</size>
         <input_file_ref idref="fl-2"/>
      </object_component>
      <object_component id="oc-db">
         <name>.text</name>
         <load_address>0x481c</load_address>
         <run_address>0x481c</run_address>
         <size>0x2bc</size>
         <input_file_ref idref="fl-15"/>
      </object_component>
      <object_component id="oc-9d">
         <name>.text</name>
         <load_address>0x4ad8</load_address>
         <run_address>0x4ad8</run_address>
         <size>0x278</size>
         <input_file_ref idref="fl-3"/>
      </object_component>
      <object_component id="oc-105">
         <name>.text</name>
         <load_address>0x4d50</load_address>
         <run_address>0x4d50</run_address>
         <size>0x1fc</size>
         <input_file_ref idref="fl-17"/>
      </object_component>
      <object_component id="oc-47c">
         <name>.text</name>
         <load_address>0x4f4c</load_address>
         <run_address>0x4f4c</run_address>
         <size>0x1f4</size>
         <input_file_ref idref="fl-163"/>
      </object_component>
      <object_component id="oc-ff">
         <name>.text</name>
         <load_address>0x5140</load_address>
         <run_address>0x5140</run_address>
         <size>0x1d8</size>
         <input_file_ref idref="fl-1b"/>
      </object_component>
      <object_component id="oc-226">
         <name>.text</name>
         <load_address>0x5318</load_address>
         <run_address>0x5318</run_address>
         <size>0x1b6</size>
         <input_file_ref idref="fl-147"/>
      </object_component>
      <object_component id="oc-e1">
         <name>.text</name>
         <load_address>0x54d0</load_address>
         <run_address>0x54d0</run_address>
         <size>0x1b4</size>
         <input_file_ref idref="fl-8"/>
      </object_component>
      <object_component id="oc-3b9">
         <name>.text</name>
         <load_address>0x5684</load_address>
         <run_address>0x5684</run_address>
         <size>0x148</size>
         <input_file_ref idref="fl-c"/>
      </object_component>
      <object_component id="oc-261">
         <name>.text</name>
         <load_address>0x57cc</load_address>
         <run_address>0x57cc</run_address>
         <size>0x140</size>
         <input_file_ref idref="fl-13"/>
      </object_component>
      <object_component id="oc-26f">
         <name>.text</name>
         <load_address>0x590c</load_address>
         <run_address>0x590c</run_address>
         <size>0x140</size>
         <input_file_ref idref="fl-6"/>
      </object_component>
      <object_component id="oc-221">
         <name>.text</name>
         <load_address>0x5a4c</load_address>
         <run_address>0x5a4c</run_address>
         <size>0x136</size>
         <input_file_ref idref="fl-149"/>
      </object_component>
      <object_component id="oc-3f5">
         <name>.text:GPIOPadConfigSet</name>
         <load_address>0x5b82</load_address>
         <run_address>0x5b82</run_address>
         <size>0x130</size>
         <input_file_ref idref="fl-170"/>
      </object_component>
      <object_component id="oc-ed">
         <name>.text</name>
         <load_address>0x5cb4</load_address>
         <run_address>0x5cb4</run_address>
         <size>0x11c</size>
         <input_file_ref idref="fl-7"/>
      </object_component>
      <object_component id="oc-298">
         <name>.text</name>
         <load_address>0x5dd0</load_address>
         <run_address>0x5dd0</run_address>
         <size>0x114</size>
         <input_file_ref idref="fl-e"/>
      </object_component>
      <object_component id="oc-4d7">
         <name>.text</name>
         <load_address>0x5ee4</load_address>
         <run_address>0x5ee4</run_address>
         <size>0x110</size>
         <input_file_ref idref="fl-165"/>
      </object_component>
      <object_component id="oc-188">
         <name>.text:SysCtlClockGet</name>
         <load_address>0x5ff4</load_address>
         <run_address>0x5ff4</run_address>
         <size>0x10c</size>
         <input_file_ref idref="fl-173"/>
      </object_component>
      <object_component id="oc-1cc">
         <name>.text</name>
         <load_address>0x6100</load_address>
         <run_address>0x6100</run_address>
         <size>0xfc</size>
         <input_file_ref idref="fl-14a"/>
      </object_component>
      <object_component id="oc-3b3">
         <name>.text</name>
         <load_address>0x61fc</load_address>
         <run_address>0x61fc</run_address>
         <size>0xe8</size>
         <input_file_ref idref="fl-d"/>
      </object_component>
      <object_component id="oc-4fd">
         <name>.text</name>
         <load_address>0x62e4</load_address>
         <run_address>0x62e4</run_address>
         <size>0xbe</size>
         <input_file_ref idref="fl-16d"/>
      </object_component>
      <object_component id="oc-33">
         <name>.text</name>
         <load_address>0x63a2</load_address>
         <run_address>0x63a2</run_address>
         <size>0x9c</size>
         <input_file_ref idref="fl-14f"/>
      </object_component>
      <object_component id="oc-2a0">
         <name>.text:__aeabi_cdcmple</name>
         <load_address>0x643e</load_address>
         <run_address>0x643e</run_address>
         <size>0x86</size>
         <input_file_ref idref="fl-148"/>
      </object_component>
      <object_component id="oc-254">
         <name>.text:__aeabi_cdrcmple</name>
         <load_address>0x64c4</load_address>
         <run_address>0x64c4</run_address>
         <size>0x86</size>
         <input_file_ref idref="fl-148"/>
      </object_component>
      <object_component id="oc-4c">
         <name>.text</name>
         <load_address>0x654a</load_address>
         <run_address>0x654a</run_address>
         <size>0x7a</size>
         <input_file_ref idref="fl-150"/>
      </object_component>
      <object_component id="oc-5e">
         <name>.text</name>
         <load_address>0x65c4</load_address>
         <run_address>0x65c4</run_address>
         <size>0x6c</size>
         <input_file_ref idref="fl-15a"/>
      </object_component>
      <object_component id="oc-3f">
         <name>.text</name>
         <load_address>0x6630</load_address>
         <run_address>0x6630</run_address>
         <size>0x6a</size>
         <input_file_ref idref="fl-144"/>
      </object_component>
      <object_component id="oc-19a">
         <name>.text:IntEnable</name>
         <load_address>0x669c</load_address>
         <run_address>0x669c</run_address>
         <size>0x68</size>
         <input_file_ref idref="fl-171"/>
      </object_component>
      <object_component id="oc-4cf">
         <name>.text</name>
         <load_address>0x6704</load_address>
         <run_address>0x6704</run_address>
         <size>0x66</size>
         <input_file_ref idref="fl-166"/>
      </object_component>
      <object_component id="oc-182">
         <name>.text:TimerConfigure</name>
         <load_address>0x676c</load_address>
         <run_address>0x676c</run_address>
         <size>0x60</size>
         <input_file_ref idref="fl-175"/>
      </object_component>
      <object_component id="oc-481">
         <name>.text</name>
         <load_address>0x67cc</load_address>
         <run_address>0x67cc</run_address>
         <size>0x56</size>
         <input_file_ref idref="fl-160"/>
      </object_component>
      <object_component id="oc-48d">
         <name>.text</name>
         <load_address>0x6822</load_address>
         <run_address>0x6822</run_address>
         <size>0x52</size>
         <input_file_ref idref="fl-15f"/>
      </object_component>
      <object_component id="oc-354">
         <name>.text:SysCtlPeripheralReset</name>
         <load_address>0x6874</load_address>
         <run_address>0x6874</run_address>
         <size>0x50</size>
         <input_file_ref idref="fl-173"/>
      </object_component>
      <object_component id="oc-2b8">
         <name>.text:_ADCIntNumberGet</name>
         <load_address>0x68c4</load_address>
         <run_address>0x68c4</run_address>
         <size>0x50</size>
         <input_file_ref idref="fl-16e"/>
      </object_component>
      <object_component id="oc-24">
         <name>.text</name>
         <load_address>0x6914</load_address>
         <run_address>0x6914</run_address>
         <size>0x50</size>
         <input_file_ref idref="fl-142"/>
      </object_component>
      <object_component id="oc-2ca">
         <name>.text:_TimerIntNumberGet</name>
         <load_address>0x6964</load_address>
         <run_address>0x6964</run_address>
         <size>0x4c</size>
         <input_file_ref idref="fl-175"/>
      </object_component>
      <object_component id="oc-4a5">
         <name>.text</name>
         <load_address>0x69b0</load_address>
         <run_address>0x69b0</run_address>
         <size>0x4c</size>
         <input_file_ref idref="fl-159"/>
      </object_component>
      <object_component id="oc-95">
         <name>.text</name>
         <load_address>0x69fc</load_address>
         <run_address>0x69fc</run_address>
         <size>0x4c</size>
         <input_file_ref idref="fl-15b"/>
      </object_component>
      <object_component id="oc-2dd">
         <name>.text:GPIOPinConfigure</name>
         <load_address>0x6a48</load_address>
         <run_address>0x6a48</run_address>
         <size>0x48</size>
         <input_file_ref idref="fl-170"/>
      </object_component>
      <object_component id="oc-363">
         <name>.text:_QEIIntNumberGet</name>
         <load_address>0x6a90</load_address>
         <run_address>0x6a90</run_address>
         <size>0x48</size>
         <input_file_ref idref="fl-172"/>
      </object_component>
      <object_component id="oc-1d1">
         <name>.text</name>
         <load_address>0x6ad8</load_address>
         <run_address>0x6ad8</run_address>
         <size>0x48</size>
         <input_file_ref idref="fl-14b"/>
      </object_component>
      <object_component id="oc-159">
         <name>.text</name>
         <load_address>0x6b20</load_address>
         <run_address>0x6b20</run_address>
         <size>0x48</size>
         <input_file_ref idref="fl-14c"/>
      </object_component>
      <object_component id="oc-31f">
         <name>.text</name>
         <load_address>0x6b68</load_address>
         <run_address>0x6b68</run_address>
         <size>0x48</size>
         <input_file_ref idref="fl-155"/>
      </object_component>
      <object_component id="oc-6a">
         <name>.text</name>
         <load_address>0x6bb0</load_address>
         <run_address>0x6bb0</run_address>
         <size>0x44</size>
         <input_file_ref idref="fl-146"/>
      </object_component>
      <object_component id="oc-2e9">
         <name>.text:UARTConfigSetExpClk</name>
         <load_address>0x6bf4</load_address>
         <run_address>0x6bf4</run_address>
         <size>0x42</size>
         <input_file_ref idref="fl-176"/>
      </object_component>
      <object_component id="oc-1c6">
         <name>.text:EEPROMInit</name>
         <load_address>0x6c38</load_address>
         <run_address>0x6c38</run_address>
         <size>0x40</size>
         <input_file_ref idref="fl-16f"/>
      </object_component>
      <object_component id="oc-38c">
         <name>.text:_GPIOIntNumberGet</name>
         <load_address>0x6c78</load_address>
         <run_address>0x6c78</run_address>
         <size>0x40</size>
         <input_file_ref idref="fl-170"/>
      </object_component>
      <object_component id="oc-40a">
         <name>.text:_UARTIntNumberGet</name>
         <load_address>0x6cb8</load_address>
         <run_address>0x6cb8</run_address>
         <size>0x40</size>
         <input_file_ref idref="fl-176"/>
      </object_component>
      <object_component id="oc-540">
         <name>.text</name>
         <load_address>0x6cf8</load_address>
         <run_address>0x6cf8</run_address>
         <size>0x40</size>
         <input_file_ref idref="fl-16c"/>
      </object_component>
      <object_component id="oc-15e">
         <name>.text</name>
         <load_address>0x6d38</load_address>
         <run_address>0x6d38</run_address>
         <size>0x38</size>
         <input_file_ref idref="fl-14d"/>
      </object_component>
      <object_component id="oc-287">
         <name>.text:IntRegister</name>
         <load_address>0x6d70</load_address>
         <run_address>0x6d70</run_address>
         <size>0x34</size>
         <input_file_ref idref="fl-171"/>
      </object_component>
      <object_component id="oc-17c">
         <name>.text:SysCtlPeripheralEnable</name>
         <load_address>0x6da4</load_address>
         <run_address>0x6da4</run_address>
         <size>0x34</size>
         <input_file_ref idref="fl-173"/>
      </object_component>
      <object_component id="oc-50c">
         <name>.text</name>
         <load_address>0x6dd8</load_address>
         <run_address>0x6dd8</run_address>
         <size>0x34</size>
         <input_file_ref idref="fl-16a"/>
      </object_component>
      <object_component id="oc-499">
         <name>.text</name>
         <load_address>0x6e0c</load_address>
         <run_address>0x6e0c</run_address>
         <size>0x30</size>
         <input_file_ref idref="fl-164"/>
      </object_component>
      <object_component id="oc-4dd">
         <name>.text</name>
         <load_address>0x6e3c</load_address>
         <run_address>0x6e3c</run_address>
         <size>0x30</size>
         <input_file_ref idref="fl-167"/>
      </object_component>
      <object_component id="oc-14e">
         <name>.text</name>
         <load_address>0x6e6c</load_address>
         <run_address>0x6e6c</run_address>
         <size>0x2e</size>
         <input_file_ref idref="fl-14e"/>
      </object_component>
      <object_component id="oc-530">
         <name>.text</name>
         <load_address>0x6e9a</load_address>
         <run_address>0x6e9a</run_address>
         <size>0x2e</size>
         <input_file_ref idref="fl-16b"/>
      </object_component>
      <object_component id="oc-3ef">
         <name>.text:GPIODirModeSet</name>
         <load_address>0x6ec8</load_address>
         <run_address>0x6ec8</run_address>
         <size>0x2a</size>
         <input_file_ref idref="fl-170"/>
      </object_component>
      <object_component id="oc-487">
         <name>.text</name>
         <load_address>0x6ef2</load_address>
         <run_address>0x6ef2</run_address>
         <size>0x2a</size>
         <input_file_ref idref="fl-15d"/>
      </object_component>
      <object_component id="oc-133">
         <name>.text:SysTickIntRegister</name>
         <load_address>0x6f1c</load_address>
         <run_address>0x6f1c</run_address>
         <size>0x1c</size>
         <input_file_ref idref="fl-174"/>
      </object_component>
      <object_component id="oc-3fc">
         <name>.text:UARTDisable</name>
         <load_address>0x6f38</load_address>
         <run_address>0x6f38</run_address>
         <size>0x1c</size>
         <input_file_ref idref="fl-176"/>
      </object_component>
      <object_component id="oc-49f">
         <name>.text</name>
         <load_address>0x6f54</load_address>
         <run_address>0x6f54</run_address>
         <size>0x1c</size>
         <input_file_ref idref="fl-161"/>
      </object_component>
      <object_component id="oc-176">
         <name>.text:ADCIntRegister</name>
         <load_address>0x6f70</load_address>
         <run_address>0x6f70</run_address>
         <size>0x18</size>
         <input_file_ref idref="fl-16e"/>
      </object_component>
      <object_component id="oc-22f">
         <name>.text:GPIOIntRegister</name>
         <load_address>0x6f88</load_address>
         <run_address>0x6f88</run_address>
         <size>0x18</size>
         <input_file_ref idref="fl-170"/>
      </object_component>
      <object_component id="oc-1e6">
         <name>.text:QEIIntRegister</name>
         <load_address>0x6fa0</load_address>
         <run_address>0x6fa0</run_address>
         <size>0x18</size>
         <input_file_ref idref="fl-172"/>
      </object_component>
      <object_component id="oc-194">
         <name>.text:TimerIntRegister</name>
         <load_address>0x6fb8</load_address>
         <run_address>0x6fb8</run_address>
         <size>0x18</size>
         <input_file_ref idref="fl-175"/>
      </object_component>
      <object_component id="oc-2ef">
         <name>.text:UARTIntRegister</name>
         <load_address>0x6fd0</load_address>
         <run_address>0x6fd0</run_address>
         <size>0x18</size>
         <input_file_ref idref="fl-176"/>
      </object_component>
      <object_component id="oc-64">
         <name>.text</name>
         <load_address>0x6fe8</load_address>
         <run_address>0x6fe8</run_address>
         <size>0x18</size>
         <input_file_ref idref="fl-158"/>
      </object_component>
      <object_component id="oc-493">
         <name>.text</name>
         <load_address>0x7000</load_address>
         <run_address>0x7000</run_address>
         <size>0x16</size>
         <input_file_ref idref="fl-162"/>
      </object_component>
      <object_component id="oc-402">
         <name>.text:UARTEnable</name>
         <load_address>0x7016</load_address>
         <run_address>0x7016</run_address>
         <size>0x14</size>
         <input_file_ref idref="fl-176"/>
      </object_component>
      <object_component id="oc-11c">
         <name>.text</name>
         <load_address>0x702c</load_address>
         <run_address>0x702c</run_address>
         <size>0x14</size>
         <input_file_ref idref="fl-156"/>
      </object_component>
      <object_component id="oc-325">
         <name>.text</name>
         <load_address>0x7040</load_address>
         <run_address>0x7040</run_address>
         <size>0x14</size>
         <input_file_ref idref="fl-153"/>
      </object_component>
      <object_component id="oc-2e3">
         <name>.text:GPIOPinTypeUART</name>
         <load_address>0x7054</load_address>
         <run_address>0x7054</run_address>
         <size>0x12</size>
         <input_file_ref idref="fl-170"/>
      </object_component>
      <object_component id="oc-18e">
         <name>.text:TimerLoadSet</name>
         <load_address>0x7066</load_address>
         <run_address>0x7066</run_address>
         <size>0x12</size>
         <input_file_ref idref="fl-175"/>
      </object_component>
      <object_component id="oc-139">
         <name>.text:IntMasterDisable</name>
         <load_address>0x7078</load_address>
         <run_address>0x7078</run_address>
         <size>0x10</size>
         <input_file_ref idref="fl-171"/>
      </object_component>
      <object_component id="oc-34e">
         <name>.text:_EEPROMWaitForDone</name>
         <load_address>0x7088</load_address>
         <run_address>0x7088</run_address>
         <size>0x10</size>
         <input_file_ref idref="fl-16f"/>
      </object_component>
      <object_component id="oc-241">
         <name>.text:GPIOIntStatus</name>
         <load_address>0x7098</load_address>
         <run_address>0x7098</run_address>
         <size>0xe</size>
         <input_file_ref idref="fl-170"/>
      </object_component>
      <object_component id="oc-1ac">
         <name>.text:TimerEnable</name>
         <load_address>0x70a6</load_address>
         <run_address>0x70a6</run_address>
         <size>0xe</size>
         <input_file_ref idref="fl-175"/>
      </object_component>
      <object_component id="oc-30d">
         <name>.text:UARTCharPutNonBlocking</name>
         <load_address>0x70b4</load_address>
         <run_address>0x70b4</run_address>
         <size>0xe</size>
         <input_file_ref idref="fl-176"/>
      </object_component>
      <object_component id="oc-12">
         <name>.text:decompress:none</name>
         <load_address>0x70c2</load_address>
         <run_address>0x70c2</run_address>
         <size>0xe</size>
         <input_file_ref idref="fl-143"/>
      </object_component>
      <object_component id="oc-28f">
         <name>.text:CPUcpsid</name>
         <load_address>0x70d0</load_address>
         <run_address>0x70d0</run_address>
         <size>0xc</size>
         <input_file_ref idref="fl-177"/>
      </object_component>
      <object_component id="oc-235">
         <name>.text:GPIOIntEnable</name>
         <load_address>0x70dc</load_address>
         <run_address>0x70dc</run_address>
         <size>0xc</size>
         <input_file_ref idref="fl-170"/>
      </object_component>
      <object_component id="oc-319">
         <name>.text:UARTCharsAvail</name>
         <load_address>0x70e8</load_address>
         <run_address>0x70e8</run_address>
         <size>0xc</size>
         <input_file_ref idref="fl-176"/>
      </object_component>
      <object_component id="oc-2fb">
         <name>.text:UARTTxIntModeSet</name>
         <load_address>0x70f4</load_address>
         <run_address>0x70f4</run_address>
         <size>0xc</size>
         <input_file_ref idref="fl-176"/>
      </object_component>
      <object_component id="oc-1e">
         <name>.text:decompress:ZI</name>
         <load_address>0x7100</load_address>
         <run_address>0x7100</run_address>
         <size>0xc</size>
         <input_file_ref idref="fl-145"/>
      </object_component>
      <object_component id="oc-2a">
         <name>.text</name>
         <load_address>0x710c</load_address>
         <run_address>0x710c</run_address>
         <size>0xc</size>
         <input_file_ref idref="fl-4"/>
      </object_component>
      <object_component id="oc-148">
         <name>.text</name>
         <load_address>0x7118</load_address>
         <run_address>0x7118</run_address>
         <size>0xa</size>
         <input_file_ref idref="fl-9"/>
      </object_component>
      <object_component id="oc-313">
         <name>.text:UARTCharGet</name>
         <load_address>0x7122</load_address>
         <run_address>0x7122</run_address>
         <size>0xa</size>
         <input_file_ref idref="fl-176"/>
      </object_component>
      <object_component id="oc-301">
         <name>.text:UARTIntStatus</name>
         <load_address>0x712c</load_address>
         <run_address>0x712c</run_address>
         <size>0xa</size>
         <input_file_ref idref="fl-176"/>
      </object_component>
      <object_component id="oc-1a0">
         <name>.text:TimerIntEnable</name>
         <load_address>0x7136</load_address>
         <run_address>0x7136</run_address>
         <size>0x8</size>
         <input_file_ref idref="fl-175"/>
      </object_component>
      <object_component id="oc-2f5">
         <name>.text:UARTIntEnable</name>
         <load_address>0x713e</load_address>
         <run_address>0x713e</run_address>
         <size>0x8</size>
         <input_file_ref idref="fl-176"/>
      </object_component>
      <object_component id="oc-23b">
         <name>.text:GPIOIntClear</name>
         <load_address>0x7146</load_address>
         <run_address>0x7146</run_address>
         <size>0x6</size>
         <input_file_ref idref="fl-170"/>
      </object_component>
      <object_component id="oc-c3">
         <name>.text:GPIOPinRead</name>
         <load_address>0x714c</load_address>
         <run_address>0x714c</run_address>
         <size>0x6</size>
         <input_file_ref idref="fl-170"/>
      </object_component>
      <object_component id="oc-34d">
         <name>.text:SysCtlDelay</name>
         <load_address>0x7152</load_address>
         <run_address>0x7152</run_address>
         <size>0x6</size>
         <input_file_ref idref="fl-173"/>
      </object_component>
      <object_component id="oc-18">
         <name>.text:decompress:rle24</name>
         <load_address>0x7158</load_address>
         <run_address>0x7158</run_address>
         <size>0x6</size>
         <input_file_ref idref="fl-144"/>
      </object_component>
      <object_component id="oc-1a6">
         <name>.text:TimerIntClear</name>
         <load_address>0x715e</load_address>
         <run_address>0x715e</run_address>
         <size>0x4</size>
         <input_file_ref idref="fl-175"/>
      </object_component>
      <object_component id="oc-307">
         <name>.text:UARTIntClear</name>
         <load_address>0x7162</load_address>
         <run_address>0x7162</run_address>
         <size>0x4</size>
         <input_file_ref idref="fl-176"/>
      </object_component>
      <object_component id="oc-58">
         <name>.text</name>
         <load_address>0x7166</load_address>
         <run_address>0x7166</run_address>
         <size>0x4</size>
         <input_file_ref idref="fl-151"/>
      </object_component>
      <object_component id="oc-4eb">
         <name>.const:.string:_ctypes_</name>
         <load_address>0x716c</load_address>
         <run_address>0x716c</run_address>
         <size>0x101</size>
         <input_file_ref idref="fl-15c"/>
      </object_component>
      <object_component id="oc-446">
         <name>.const:g_ppui32GPIOIntMapBlizzard</name>
         <load_address>0x7270</load_address>
         <run_address>0x7270</run_address>
         <size>0xc0</size>
         <input_file_ref idref="fl-170"/>
      </object_component>
      <object_component id="oc-449">
         <name>.const:g_ppui32GPIOIntMapSnowflake</name>
         <load_address>0x7330</load_address>
         <run_address>0x7330</run_address>
         <size>0xc0</size>
         <input_file_ref idref="fl-170"/>
      </object_component>
      <object_component id="oc-3eb">
         <name>.const:g_pui32GPIOBaseAddrs</name>
         <load_address>0x73f0</load_address>
         <run_address>0x73f0</run_address>
         <size>0x90</size>
         <input_file_ref idref="fl-170"/>
      </object_component>
      <object_component id="oc-2d1">
         <name>.const</name>
         <load_address>0x7480</load_address>
         <run_address>0x7480</run_address>
         <size>0x70</size>
         <input_file_ref idref="fl-171"/>
      </object_component>
      <object_component id="oc-2c5">
         <name>.const:g_pui32Xtals</name>
         <load_address>0x74f0</load_address>
         <run_address>0x74f0</run_address>
         <size>0x6c</size>
         <input_file_ref idref="fl-173"/>
      </object_component>
      <object_component id="oc-3e0">
         <name>.const:g_ppui32TimerIntMap</name>
         <load_address>0x755c</load_address>
         <run_address>0x755c</run_address>
         <size>0x60</size>
         <input_file_ref idref="fl-175"/>
      </object_component>
      <object_component id="oc-3e3">
         <name>.const:g_ppui32TimerIntMapSnowflake</name>
         <load_address>0x75bc</load_address>
         <run_address>0x75bc</run_address>
         <size>0x40</size>
         <input_file_ref idref="fl-175"/>
      </object_component>
      <object_component id="oc-475">
         <name>.const:g_ppui32UARTIntMap</name>
         <load_address>0x75fc</load_address>
         <run_address>0x75fc</run_address>
         <size>0x40</size>
         <input_file_ref idref="fl-176"/>
      </object_component>
      <object_component id="oc-478">
         <name>.const:g_ppui32UARTIntMapSnowflake</name>
         <load_address>0x763c</load_address>
         <run_address>0x763c</run_address>
         <size>0x40</size>
         <input_file_ref idref="fl-176"/>
      </object_component>
      <object_component id="oc-21a">
         <name>.const</name>
         <load_address>0x767c</load_address>
         <run_address>0x767c</run_address>
         <size>0x20</size>
         <input_file_ref idref="fl-16"/>
      </object_component>
      <object_component id="oc-453">
         <name>.const</name>
         <load_address>0x769c</load_address>
         <run_address>0x769c</run_address>
         <size>0x4</size>
         <input_file_ref idref="fl-d"/>
      </object_component>
      <object_component id="oc-587">
         <name>.cinit..data.load</name>
         <load_address>0x76a0</load_address>
         <run_address>0x76a0</run_address>
         <size>0x10b</size>
      </object_component>
      <object_component id="oc-584">
         <name>__TI_handler_table</name>
         <load_address>0x77ac</load_address>
         <run_address>0x77ac</run_address>
         <size>0xc</size>
      </object_component>
      <object_component id="oc-588">
         <name>.cinit..bss.load</name>
         <load_address>0x77b8</load_address>
         <run_address>0x77b8</run_address>
         <size>0x8</size>
      </object_component>
      <object_component id="oc-586">
         <name>.cinit..vtable.load</name>
         <load_address>0x77c0</load_address>
         <run_address>0x77c0</run_address>
         <size>0x8</size>
      </object_component>
      <object_component id="oc-585">
         <name>__TI_cinit_table</name>
         <load_address>0x77c8</load_address>
         <run_address>0x77c8</run_address>
         <size>0x18</size>
      </object_component>
      <object_component id="oc-3ac">
         <name>.vtable</name>
         <uninitialized>true</uninitialized>
         <run_address>0x20000000</run_address>
         <size>0x26c</size>
         <input_file_ref idref="fl-171"/>
      </object_component>
      <object_component id="oc-29">
         <name>.stack</name>
         <uninitialized>true</uninitialized>
         <run_address>0x2000026c</run_address>
         <size>0x0</size>
         <input_file_ref idref="fl-142"/>
      </object_component>
      <object_component id="oc-589">
         <name>.stack</name>
         <uninitialized>true</uninitialized>
         <run_address>0x2000026c</run_address>
         <size>0x0</size>
      </object_component>
      <object_component id="oc-1dd">
         <name>.bss:timer_event_list</name>
         <uninitialized>true</uninitialized>
         <run_address>0x20001e28</run_address>
         <size>0x50</size>
         <input_file_ref idref="fl-8"/>
      </object_component>
      <object_component id="oc-211">
         <name>.bss:rcvMsg</name>
         <uninitialized>true</uninitialized>
         <run_address>0x20001eac</run_address>
         <size>0x34</size>
         <input_file_ref idref="fl-11"/>
      </object_component>
      <object_component id="oc-20e">
         <name>.bss:data</name>
         <uninitialized>true</uninitialized>
         <run_address>0x20001e78</run_address>
         <size>0x34</size>
         <input_file_ref idref="fl-11"/>
      </object_component>
      <object_component id="oc-337">
         <name>.bss:rxBuffer</name>
         <uninitialized>true</uninitialized>
         <run_address>0x20001270</run_address>
         <size>0x5dc</size>
         <input_file_ref idref="fl-18"/>
      </object_component>
      <object_component id="oc-32f">
         <name>.bss:txBuffer</name>
         <uninitialized>true</uninitialized>
         <run_address>0x2000184c</run_address>
         <size>0x5dc</size>
         <input_file_ref idref="fl-18"/>
      </object_component>
      <object_component id="oc-1f9">
         <name>.common:avrSpeed</name>
         <uninitialized>true</uninitialized>
         <run_address>0x20001fa8</run_address>
         <size>0x4</size>
      </object_component>
      <object_component id="oc-3c3">
         <name>.common:rtInf</name>
         <uninitialized>true</uninitialized>
         <run_address>0x20001f80</run_address>
         <size>0x8</size>
      </object_component>
      <object_component id="oc-3c5">
         <name>.common:rtMinusInf</name>
         <uninitialized>true</uninitialized>
         <run_address>0x20001f88</run_address>
         <size>0x8</size>
      </object_component>
      <object_component id="oc-3bf">
         <name>.common:rtNaN</name>
         <uninitialized>true</uninitialized>
         <run_address>0x20001f90</run_address>
         <size>0x8</size>
      </object_component>
      <object_component id="oc-3c4">
         <name>.common:rtInfF</name>
         <uninitialized>true</uninitialized>
         <run_address>0x20001fc0</run_address>
         <size>0x4</size>
      </object_component>
      <object_component id="oc-3c6">
         <name>.common:rtMinusInfF</name>
         <uninitialized>true</uninitialized>
         <run_address>0x20001fc4</run_address>
         <size>0x4</size>
      </object_component>
      <object_component id="oc-3c2">
         <name>.common:rtNaNF</name>
         <uninitialized>true</uninitialized>
         <run_address>0x20001fc8</run_address>
         <size>0x4</size>
      </object_component>
      <object_component id="oc-16c">
         <name>.common:Theta</name>
         <uninitialized>true</uninitialized>
         <run_address>0x20001ee0</run_address>
         <size>0x20</size>
      </object_component>
      <object_component id="oc-16f">
         <name>.common:Theta2</name>
         <uninitialized>true</uninitialized>
         <run_address>0x20001f00</run_address>
         <size>0x20</size>
      </object_component>
      <object_component id="oc-1ef">
         <name>.common:qei_velocity_timeout</name>
         <uninitialized>true</uninitialized>
         <run_address>0x20001fbc</run_address>
         <size>0x4</size>
      </object_component>
      <object_component id="oc-20d">
         <name>.common:len</name>
         <uninitialized>true</uninitialized>
         <run_address>0x20001fb8</run_address>
         <size>0x4</size>
      </object_component>
      <object_component id="oc-209">
         <name>.common:x</name>
         <uninitialized>true</uninitialized>
         <run_address>0x20001fe4</run_address>
         <size>0x4</size>
      </object_component>
      <object_component id="oc-20a">
         <name>.common:y</name>
         <uninitialized>true</uninitialized>
         <run_address>0x20001ff0</run_address>
         <size>0x4</size>
      </object_component>
      <object_component id="oc-20b">
         <name>.common:x_dest</name>
         <uninitialized>true</uninitialized>
         <run_address>0x20001fe8</run_address>
         <size>0x4</size>
      </object_component>
      <object_component id="oc-20c">
         <name>.common:y_dest</name>
         <uninitialized>true</uninitialized>
         <run_address>0x20001ff4</run_address>
         <size>0x4</size>
      </object_component>
      <object_component id="oc-205">
         <name>.common:angle</name>
         <uninitialized>true</uninitialized>
         <run_address>0x20001fa0</run_address>
         <size>0x4</size>
      </object_component>
      <object_component id="oc-208">
         <name>.common:angle_2</name>
         <uninitialized>true</uninitialized>
         <run_address>0x20001fa4</run_address>
         <size>0x4</size>
      </object_component>
      <object_component id="oc-279">
         <name>.common:x_temp</name>
         <uninitialized>true</uninitialized>
         <run_address>0x20001fec</run_address>
         <size>0x4</size>
      </object_component>
      <object_component id="oc-267">
         <name>.common:avrSpeed</name>
         <uninitialized>true</uninitialized>
         <run_address>0x20001fac</run_address>
         <size>0x4</size>
      </object_component>
      <object_component id="oc-260">
         <name>.common:vt$1</name>
         <uninitialized>true</uninitialized>
         <run_address>0x20001fdc</run_address>
         <size>0x4</size>
      </object_component>
      <object_component id="oc-25f">
         <name>.common:vp$2</name>
         <uninitialized>true</uninitialized>
         <run_address>0x20001fd4</run_address>
         <size>0x4</size>
      </object_component>
      <object_component id="oc-26b">
         <name>.common:vt$3</name>
         <uninitialized>true</uninitialized>
         <run_address>0x20001fe0</run_address>
         <size>0x4</size>
      </object_component>
      <object_component id="oc-26a">
         <name>.common:vp$4</name>
         <uninitialized>true</uninitialized>
         <run_address>0x20001fd8</run_address>
         <size>0x4</size>
      </object_component>
      <object_component id="oc-26c">
         <name>.common:e$5</name>
         <uninitialized>true</uninitialized>
         <run_address>0x20001fb0</run_address>
         <size>0x4</size>
      </object_component>
      <object_component id="oc-26d">
         <name>.common:u$6</name>
         <uninitialized>true</uninitialized>
         <run_address>0x20001fcc</run_address>
         <size>0x4</size>
      </object_component>
      <object_component id="oc-26e">
         <name>.common:e$7</name>
         <uninitialized>true</uninitialized>
         <run_address>0x20001fb4</run_address>
         <size>0x4</size>
      </object_component>
      <object_component id="oc-275">
         <name>.common:u$8</name>
         <uninitialized>true</uninitialized>
         <run_address>0x20001fd0</run_address>
         <size>0x4</size>
      </object_component>
      <object_component id="oc-1bf">
         <name>.common:ir_calib_values</name>
         <uninitialized>true</uninitialized>
         <run_address>0x20001f20</run_address>
         <size>0x20</size>
      </object_component>
      <object_component id="oc-1b5">
         <name>.common:IR_Result</name>
         <uninitialized>true</uninitialized>
         <run_address>0x20001f54</run_address>
         <size>0x10</size>
      </object_component>
      <object_component id="oc-1b8">
         <name>.common:IR_ResultTmp</name>
         <uninitialized>true</uninitialized>
         <run_address>0x20001f64</run_address>
         <size>0x10</size>
      </object_component>
      <object_component id="oc-247">
         <name>.common:Button_right_callback</name>
         <uninitialized>true</uninitialized>
         <run_address>0x20001f9c</run_address>
         <size>0x4</size>
      </object_component>
      <object_component id="oc-24a">
         <name>.common:Button_left_callback</name>
         <uninitialized>true</uninitialized>
         <run_address>0x20001f98</run_address>
         <size>0x4</size>
      </object_component>
      <object_component id="oc-335">
         <name>.common:rxHead</name>
         <uninitialized>true</uninitialized>
         <run_address>0x20001ff8</run_address>
         <size>0x2</size>
      </object_component>
      <object_component id="oc-336">
         <name>.common:rxTail</name>
         <uninitialized>true</uninitialized>
         <run_address>0x20001ffa</run_address>
         <size>0x2</size>
      </object_component>
      <object_component id="oc-32e">
         <name>.common:txHead</name>
         <uninitialized>true</uninitialized>
         <run_address>0x20001ffc</run_address>
         <size>0x2</size>
      </object_component>
      <object_component id="oc-32b">
         <name>.common:txTail</name>
         <uninitialized>true</uninitialized>
         <run_address>0x20001ffe</run_address>
         <size>0x2</size>
      </object_component>
      <object_component id="oc-33b">
         <name>.common:hc05_SystemInfoType</name>
         <uninitialized>true</uninitialized>
         <run_address>0x20002002</run_address>
         <size>0x1</size>
      </object_component>
      <object_component id="oc-33c">
         <name>.common:hc05_SystemInfoID</name>
         <uninitialized>true</uninitialized>
         <run_address>0x20002001</run_address>
         <size>0x1</size>
      </object_component>
      <object_component id="oc-341">
         <name>.common:hc05_Timer_ID</name>
         <uninitialized>true</uninitialized>
         <run_address>0x20002003</run_address>
         <size>0x1</size>
      </object_component>
      <object_component id="oc-340">
         <name>.common:hc05_EvtQueue</name>
         <uninitialized>true</uninitialized>
         <run_address>0x20001f74</run_address>
         <size>0xc</size>
      </object_component>
      <object_component id="oc-33f">
         <name>.common:hc05_evt_w_index</name>
         <uninitialized>true</uninitialized>
         <run_address>0x20002005</run_address>
         <size>0x1</size>
      </object_component>
      <object_component id="oc-33e">
         <name>.common:hc05_evt_r_index</name>
         <uninitialized>true</uninitialized>
         <run_address>0x20002004</run_address>
         <size>0x1</size>
      </object_component>
      <object_component id="oc-33d">
         <name>.common:hc05_IsEvtQueueFull</name>
         <uninitialized>true</uninitialized>
         <run_address>0x20002000</run_address>
         <size>0x1</size>
      </object_component>
      <object_component id="oc-33a">
         <name>.common:HC05_Notify_Callbacks</name>
         <uninitialized>true</uninitialized>
         <run_address>0x20001f40</run_address>
         <size>0x14</size>
      </object_component>
      <object_component id="oc-13f">
         <name>.data</name>
         <load_address>0x200023b8</load_address>
         <run_address>0x200023b8</run_address>
         <size>0xc</size>
         <input_file_ref idref="fl-2"/>
      </object_component>
      <object_component id="oc-111">
         <name>.data</name>
         <load_address>0x2000228f</load_address>
         <run_address>0x2000228f</run_address>
         <size>0x1</size>
         <input_file_ref idref="fl-3"/>
      </object_component>
      <object_component id="oc-1f3">
         <name>.data</name>
         <load_address>0x20002394</load_address>
         <run_address>0x20002394</run_address>
         <size>0x16</size>
         <input_file_ref idref="fl-7"/>
      </object_component>
      <object_component id="oc-1f6">
         <name>.data:pid_wall_left</name>
         <load_address>0x20002350</load_address>
         <run_address>0x20002350</run_address>
         <size>0x28</size>
         <input_file_ref idref="fl-7"/>
      </object_component>
      <object_component id="oc-2a5">
         <name>.data</name>
         <load_address>0x200022d0</load_address>
         <run_address>0x200022d0</run_address>
         <size>0x30</size>
         <input_file_ref idref="fl-a"/>
      </object_component>
      <object_component id="oc-2af">
         <name>.data</name>
         <load_address>0x20002290</load_address>
         <run_address>0x20002290</run_address>
         <size>0x40</size>
         <input_file_ref idref="fl-b"/>
      </object_component>
      <object_component id="oc-2b0">
         <name>.data:P_$3</name>
         <load_address>0x200020b8</load_address>
         <run_address>0x200020b8</run_address>
         <size>0x80</size>
         <input_file_ref idref="fl-b"/>
      </object_component>
      <object_component id="oc-2b1">
         <name>.data:P_$6</name>
         <load_address>0x20002138</load_address>
         <run_address>0x20002138</run_address>
         <size>0x80</size>
         <input_file_ref idref="fl-b"/>
      </object_component>
      <object_component id="oc-169">
         <name>.data</name>
         <load_address>0x20002238</load_address>
         <run_address>0x20002238</run_address>
         <size>0x55</size>
         <input_file_ref idref="fl-f"/>
      </object_component>
      <object_component id="oc-1ec">
         <name>.data</name>
         <load_address>0x200023c4</load_address>
         <run_address>0x200023c4</run_address>
         <size>0x8</size>
         <input_file_ref idref="fl-10"/>
      </object_component>
      <object_component id="oc-202">
         <name>.data</name>
         <load_address>0x200023ac</load_address>
         <run_address>0x200023ac</run_address>
         <size>0xc</size>
         <input_file_ref idref="fl-11"/>
      </object_component>
      <object_component id="oc-25c">
         <name>.data:pid_ImgProcessParam</name>
         <load_address>0x20002328</load_address>
         <run_address>0x20002328</run_address>
         <size>0x28</size>
         <input_file_ref idref="fl-12"/>
      </object_component>
      <object_component id="oc-276">
         <name>.data:pid_ImgProcessBackParam</name>
         <load_address>0x20002300</load_address>
         <run_address>0x20002300</run_address>
         <size>0x28</size>
         <input_file_ref idref="fl-12"/>
      </object_component>
      <object_component id="oc-259">
         <name>.data</name>
         <load_address>0x20002378</load_address>
         <run_address>0x20002378</run_address>
         <size>0x1c</size>
         <input_file_ref idref="fl-12"/>
      </object_component>
      <object_component id="oc-1b2">
         <name>.data</name>
         <load_address>0x200023aa</load_address>
         <run_address>0x200023aa</run_address>
         <size>0x2</size>
         <input_file_ref idref="fl-14"/>
      </object_component>
      <object_component id="oc-21d">
         <name>.data</name>
         <load_address>0x200023e9</load_address>
         <run_address>0x200023e9</run_address>
         <size>0x5</size>
         <input_file_ref idref="fl-16"/>
      </object_component>
      <object_component id="oc-24b">
         <name>.data</name>
         <load_address>0x2000228d</load_address>
         <run_address>0x2000228d</run_address>
         <size>0x2</size>
         <input_file_ref idref="fl-17"/>
      </object_component>
      <object_component id="oc-332">
         <name>.data</name>
         <load_address>0x200023ee</load_address>
         <run_address>0x200023ee</run_address>
         <size>0x4</size>
         <input_file_ref idref="fl-18"/>
      </object_component>
      <object_component id="oc-22b">
         <name>.data</name>
         <load_address>0x200023e4</load_address>
         <run_address>0x200023e4</run_address>
         <size>0x5</size>
         <input_file_ref idref="fl-1b"/>
      </object_component>
      <object_component id="oc-a8">
         <name>.data</name>
         <load_address>0x200023d4</load_address>
         <run_address>0x200023d4</run_address>
         <size>0x8</size>
         <input_file_ref idref="fl-146"/>
      </object_component>
      <object_component id="oc-70">
         <name>.data</name>
         <load_address>0x200023f8</load_address>
         <run_address>0x200023f8</run_address>
         <size>0x4</size>
         <input_file_ref idref="fl-152"/>
      </object_component>
      <object_component id="oc-a5">
         <name>.data</name>
         <load_address>0x200023cc</load_address>
         <run_address>0x200023cc</run_address>
         <size>0x8</size>
         <input_file_ref idref="fl-156"/>
      </object_component>
      <object_component id="oc-507">
         <name>.data</name>
         <load_address>0x200021b8</load_address>
         <run_address>0x200021b8</run_address>
         <size>0x80</size>
         <input_file_ref idref="fl-168"/>
      </object_component>
      <object_component id="oc-512">
         <name>.data</name>
         <load_address>0x200023f4</load_address>
         <run_address>0x200023f4</run_address>
         <size>0x4</size>
         <input_file_ref idref="fl-169"/>
      </object_component>
      <object_component id="oc-536">
         <name>.data</name>
         <load_address>0x200023dc</load_address>
         <run_address>0x200023dc</run_address>
         <size>0x8</size>
         <input_file_ref idref="fl-16a"/>
      </object_component>
      <object_component id="oc-551">
         <name>.data:sigtable</name>
         <load_address>0x20002008</load_address>
         <run_address>0x20002008</run_address>
         <size>0xb0</size>
         <input_file_ref idref="fl-16c"/>
      </object_component>
      <object_component id="oc-362">
         <name>.debug_info</name>
         <load_address>0x0</load_address>
         <run_address>0x0</run_address>
         <size>0x246</size>
         <input_file_ref idref="fl-2"/>
      </object_component>
      <object_component id="oc-140">
         <name>.debug_info</name>
         <load_address>0x246</load_address>
         <run_address>0x246</run_address>
         <size>0x130</size>
         <input_file_ref idref="fl-2"/>
      </object_component>
      <object_component id="oc-ca">
         <name>.debug_info</name>
         <load_address>0x376</load_address>
         <run_address>0x376</run_address>
         <size>0x71f</size>
         <input_file_ref idref="fl-2"/>
      </object_component>
      <object_component id="oc-143">
         <name>.debug_info</name>
         <load_address>0xa95</load_address>
         <run_address>0xa95</run_address>
         <size>0x99</size>
         <input_file_ref idref="fl-2"/>
      </object_component>
      <object_component id="oc-1c1">
         <name>.debug_info</name>
         <load_address>0xb2e</load_address>
         <run_address>0xb2e</run_address>
         <size>0x147</size>
         <input_file_ref idref="fl-2"/>
      </object_component>
      <object_component id="oc-348">
         <name>.debug_info</name>
         <load_address>0xc75</load_address>
         <run_address>0xc75</run_address>
         <size>0x14a</size>
         <input_file_ref idref="fl-2"/>
      </object_component>
      <object_component id="oc-24f">
         <name>.debug_info</name>
         <load_address>0xdbf</load_address>
         <run_address>0xdbf</run_address>
         <size>0x51</size>
         <input_file_ref idref="fl-2"/>
      </object_component>
      <object_component id="oc-171">
         <name>.debug_info</name>
         <load_address>0xe10</load_address>
         <run_address>0xe10</run_address>
         <size>0x48</size>
         <input_file_ref idref="fl-2"/>
      </object_component>
      <object_component id="oc-1fd">
         <name>.debug_info</name>
         <load_address>0xe58</load_address>
         <run_address>0xe58</run_address>
         <size>0xeb</size>
         <input_file_ref idref="fl-2"/>
      </object_component>
      <object_component id="oc-215">
         <name>.debug_info</name>
         <load_address>0xf43</load_address>
         <run_address>0xf43</run_address>
         <size>0x63</size>
         <input_file_ref idref="fl-2"/>
      </object_component>
      <object_component id="oc-2a7">
         <name>.debug_info</name>
         <load_address>0xfa6</load_address>
         <run_address>0xfa6</run_address>
         <size>0x326</size>
         <input_file_ref idref="fl-2"/>
      </object_component>
      <object_component id="oc-45c">
         <name>.debug_info</name>
         <load_address>0x12cc</load_address>
         <run_address>0x12cc</run_address>
         <size>0x136</size>
         <input_file_ref idref="fl-2"/>
      </object_component>
      <object_component id="oc-373">
         <name>.debug_info</name>
         <load_address>0x1402</load_address>
         <run_address>0x1402</run_address>
         <size>0xfe</size>
         <input_file_ref idref="fl-2"/>
      </object_component>
      <object_component id="oc-43f">
         <name>.debug_info</name>
         <load_address>0x1500</load_address>
         <run_address>0x1500</run_address>
         <size>0x5e</size>
         <input_file_ref idref="fl-2"/>
      </object_component>
      <object_component id="oc-b0">
         <name>.debug_info</name>
         <load_address>0x155e</load_address>
         <run_address>0x155e</run_address>
         <size>0x8b</size>
         <input_file_ref idref="fl-2"/>
      </object_component>
      <object_component id="oc-1e1">
         <name>.debug_info</name>
         <load_address>0x15e9</load_address>
         <run_address>0x15e9</run_address>
         <size>0x39</size>
         <input_file_ref idref="fl-2"/>
      </object_component>
      <object_component id="oc-7c">
         <name>.debug_info</name>
         <load_address>0x1622</load_address>
         <run_address>0x1622</run_address>
         <size>0x18b</size>
         <input_file_ref idref="fl-2"/>
      </object_component>
      <object_component id="oc-8c">
         <name>.debug_info</name>
         <load_address>0x17ad</load_address>
         <run_address>0x17ad</run_address>
         <size>0x2c</size>
         <input_file_ref idref="fl-2"/>
      </object_component>
      <object_component id="oc-343">
         <name>.debug_info</name>
         <load_address>0x17d9</load_address>
         <run_address>0x17d9</run_address>
         <size>0x4e</size>
         <input_file_ref idref="fl-2"/>
      </object_component>
      <object_component id="oc-112">
         <name>.debug_info</name>
         <load_address>0x1827</load_address>
         <run_address>0x1827</run_address>
         <size>0xdb</size>
         <input_file_ref idref="fl-3"/>
      </object_component>
      <object_component id="oc-9f">
         <name>.debug_info</name>
         <load_address>0x1902</load_address>
         <run_address>0x1902</run_address>
         <size>0x53e</size>
         <input_file_ref idref="fl-3"/>
      </object_component>
      <object_component id="oc-32">
         <name>.debug_info</name>
         <load_address>0x1e40</load_address>
         <run_address>0x1e40</run_address>
         <size>0xfb</size>
         <input_file_ref idref="fl-4"/>
      </object_component>
      <object_component id="oc-10">
         <name>.debug_info</name>
         <load_address>0x1f3b</load_address>
         <run_address>0x1f3b</run_address>
         <size>0xe0</size>
         <input_file_ref idref="fl-4"/>
      </object_component>
      <object_component id="oc-2b">
         <name>.debug_info</name>
         <load_address>0x201b</load_address>
         <run_address>0x201b</run_address>
         <size>0x1f4</size>
         <input_file_ref idref="fl-4"/>
      </object_component>
      <object_component id="oc-77">
         <name>.debug_info</name>
         <load_address>0x220f</load_address>
         <run_address>0x220f</run_address>
         <size>0x84</size>
         <input_file_ref idref="fl-4"/>
      </object_component>
      <object_component id="oc-3a9">
         <name>.debug_info</name>
         <load_address>0x2293</load_address>
         <run_address>0x2293</run_address>
         <size>0x124</size>
         <input_file_ref idref="fl-6"/>
      </object_component>
      <object_component id="oc-270">
         <name>.debug_info</name>
         <load_address>0x23b7</load_address>
         <run_address>0x23b7</run_address>
         <size>0x334</size>
         <input_file_ref idref="fl-6"/>
      </object_component>
      <object_component id="oc-1fa">
         <name>.debug_info</name>
         <load_address>0x26eb</load_address>
         <run_address>0x26eb</run_address>
         <size>0x2d0</size>
         <input_file_ref idref="fl-7"/>
      </object_component>
      <object_component id="oc-1f4">
         <name>.debug_info</name>
         <load_address>0x29bb</load_address>
         <run_address>0x29bb</run_address>
         <size>0x22b</size>
         <input_file_ref idref="fl-7"/>
      </object_component>
      <object_component id="oc-1f7">
         <name>.debug_info</name>
         <load_address>0x2be6</load_address>
         <run_address>0x2be6</run_address>
         <size>0xec</size>
         <input_file_ref idref="fl-7"/>
      </object_component>
      <object_component id="oc-ee">
         <name>.debug_info</name>
         <load_address>0x2cd2</load_address>
         <run_address>0x2cd2</run_address>
         <size>0x687</size>
         <input_file_ref idref="fl-7"/>
      </object_component>
      <object_component id="oc-361">
         <name>.debug_info</name>
         <load_address>0x3359</load_address>
         <run_address>0x3359</run_address>
         <size>0x166</size>
         <input_file_ref idref="fl-8"/>
      </object_component>
      <object_component id="oc-1de">
         <name>.debug_info</name>
         <load_address>0x34bf</load_address>
         <run_address>0x34bf</run_address>
         <size>0xe7</size>
         <input_file_ref idref="fl-8"/>
      </object_component>
      <object_component id="oc-e4">
         <name>.debug_info</name>
         <load_address>0x35a6</load_address>
         <run_address>0x35a6</run_address>
         <size>0x34e</size>
         <input_file_ref idref="fl-8"/>
      </object_component>
      <object_component id="oc-433">
         <name>.debug_info</name>
         <load_address>0x38f4</load_address>
         <run_address>0x38f4</run_address>
         <size>0x6b</size>
         <input_file_ref idref="fl-8"/>
      </object_component>
      <object_component id="oc-149">
         <name>.debug_info</name>
         <load_address>0x395f</load_address>
         <run_address>0x395f</run_address>
         <size>0x15c</size>
         <input_file_ref idref="fl-9"/>
      </object_component>
      <object_component id="oc-3c8">
         <name>.debug_info</name>
         <load_address>0x3abb</load_address>
         <run_address>0x3abb</run_address>
         <size>0x46</size>
         <input_file_ref idref="fl-9"/>
      </object_component>
      <object_component id="oc-2ac">
         <name>.debug_info</name>
         <load_address>0x3b01</load_address>
         <run_address>0x3b01</run_address>
         <size>0x110</size>
         <input_file_ref idref="fl-a"/>
      </object_component>
      <object_component id="oc-154">
         <name>.debug_info</name>
         <load_address>0x3c11</load_address>
         <run_address>0x3c11</run_address>
         <size>0x592</size>
         <input_file_ref idref="fl-a"/>
      </object_component>
      <object_component id="oc-2b3">
         <name>.debug_info</name>
         <load_address>0x41a3</load_address>
         <run_address>0x41a3</run_address>
         <size>0x149</size>
         <input_file_ref idref="fl-b"/>
      </object_component>
      <object_component id="oc-166">
         <name>.debug_info</name>
         <load_address>0x42ec</load_address>
         <run_address>0x42ec</run_address>
         <size>0x83c</size>
         <input_file_ref idref="fl-b"/>
      </object_component>
      <object_component id="oc-4c7">
         <name>.debug_info</name>
         <load_address>0x4b28</load_address>
         <run_address>0x4b28</run_address>
         <size>0xc4</size>
         <input_file_ref idref="fl-c"/>
      </object_component>
      <object_component id="oc-3ba">
         <name>.debug_info</name>
         <load_address>0x4bec</load_address>
         <run_address>0x4bec</run_address>
         <size>0x419</size>
         <input_file_ref idref="fl-c"/>
      </object_component>
      <object_component id="oc-462">
         <name>.debug_info</name>
         <load_address>0x5005</load_address>
         <run_address>0x5005</run_address>
         <size>0x12c</size>
         <input_file_ref idref="fl-c"/>
      </object_component>
      <object_component id="oc-4c6">
         <name>.debug_info</name>
         <load_address>0x5131</load_address>
         <run_address>0x5131</run_address>
         <size>0xc9</size>
         <input_file_ref idref="fl-d"/>
      </object_component>
      <object_component id="oc-454">
         <name>.debug_info</name>
         <load_address>0x51fa</load_address>
         <run_address>0x51fa</run_address>
         <size>0xd6</size>
         <input_file_ref idref="fl-d"/>
      </object_component>
      <object_component id="oc-3b4">
         <name>.debug_info</name>
         <load_address>0x52d0</load_address>
         <run_address>0x52d0</run_address>
         <size>0x292</size>
         <input_file_ref idref="fl-d"/>
      </object_component>
      <object_component id="oc-457">
         <name>.debug_info</name>
[...]
         <object_component_ref idref="oc-1b9"/>
      </symbol>
      <symbol id="sm-6c6">
         <name>HC05_GetSystemInfoType</name>
         <value>0x31b1</value>
         <object_component_ref idref="oc-1b9"/>
      </symbol>
      <symbol id="sm-6c7">
         <name>bluetooth_recv</name>
         <value>0x2eb1</value>
         <object_component_ref idref="oc-1b9"/>
      </symbol>
      <symbol id="sm-6c8">
         <name>HC05_NotifyUpperLayer</name>
         <value>0x316b</value>
         <object_component_ref idref="oc-1b9"/>
      </symbol>
      <symbol id="sm-6c9">
         <name>HC05_HandleTimeoutEvt</name>
         <value>0x33d1</value>
         <object_component_ref idref="oc-1b9"/>
      </symbol>
      <symbol id="sm-6ca">
         <name>HC05_GetRxSize</name>
         <value>0x30cb</value>
         <object_component_ref idref="oc-1b9"/>
      </symbol>
      <symbol id="sm-6cb">
         <name>HC05_EventProcessing</name>
         <value>0x31bd</value>
         <object_component_ref idref="oc-1b9"/>
      </symbol>
      <symbol id="sm-6cc">
         <name>HC05_ClearEvtQueue</name>
         <value>0x33b1</value>
         <object_component_ref idref="oc-1b9"/>
      </symbol>
      <symbol id="sm-6cd">
         <name>bluetooth_init</name>
         <value>0x2d79</value>
         <object_component_ref idref="oc-1b9"/>
      </symbol>
      <symbol id="sm-701">
         <name>BatteryVoltage</name>
         <value>0x200023e4</value>
         <object_component_ref idref="oc-22b"/>
      </symbol>
      <symbol id="sm-702">
         <name>BattSenseTimerTimeout</name>
         <value>0x51cd</value>
         <object_component_ref idref="oc-ff"/>
      </symbol>
      <symbol id="sm-703">
         <name>BattSense_init</name>
         <value>0x5141</value>
         <object_component_ref idref="oc-ff"/>
      </symbol>
      <symbol id="sm-704">
         <name>BattSenseISR</name>
         <value>0x51e5</value>
         <object_component_ref idref="oc-ff"/>
      </symbol>
      <symbol id="sm-716">
         <name>_c_int00</name>
         <value>0x6915</value>
         <object_component_ref idref="oc-24"/>
      </symbol>
      <symbol id="sm-717">
         <name>__stack</name>
         <value>0x2000026c</value>
         <object_component_ref idref="oc-29"/>
      </symbol>
      <symbol id="sm-72e">
         <name>__TI_decompress_none</name>
         <value>0x70c3</value>
         <object_component_ref idref="oc-12"/>
      </symbol>
      <symbol id="sm-751">
         <name>__TI_decompress_rle24</name>
         <value>0x7159</value>
         <object_component_ref idref="oc-18"/>
      </symbol>
      <symbol id="sm-763">
         <name>__TI_zero_init</name>
         <value>0x7101</value>
         <object_component_ref idref="oc-1e"/>
      </symbol>
      <symbol id="sm-782">
         <name>C$$EXIT</name>
         <value>0x6bb1</value>
         <object_component_ref idref="oc-6a"/>
      </symbol>
      <symbol id="sm-783">
         <name>abort</name>
         <value>0x6bb5</value>
         <object_component_ref idref="oc-6a"/>
      </symbol>
      <symbol id="sm-784">
         <name>exit</name>
         <value>0x6bbd</value>
         <object_component_ref idref="oc-6a"/>
      </symbol>
      <symbol id="sm-785">
         <name>__TI_dtors_ptr</name>
         <value>0x200023d8</value>
         <object_component_ref idref="oc-a8"/>
      </symbol>
      <symbol id="sm-786">
         <name>__TI_cleanup_ptr</name>
         <value>0x200023d4</value>
         <object_component_ref idref="oc-a8"/>
      </symbol>
      <symbol id="sm-7aa">
         <name>__aeabi_dsub</name>
         <value>0x5319</value>
         <object_component_ref idref="oc-226"/>
      </symbol>
      <symbol id="sm-7ab">
         <name>__aeabi_dadd</name>
         <value>0x5323</value>
         <object_component_ref idref="oc-226"/>
      </symbol>
      <symbol id="sm-7d2">
         <name>__aeabi_cdcmpeq</name>
         <value>0x643f</value>
         <object_component_ref idref="oc-2a0"/>
      </symbol>
      <symbol id="sm-7d3">
         <name>__aeabi_cdcmple</name>
         <value>0x643f</value>
         <object_component_ref idref="oc-2a0"/>
      </symbol>
      <symbol id="sm-7d4">
         <name>__aeabi_cdrcmple</name>
         <value>0x64c5</value>
         <object_component_ref idref="oc-254"/>
      </symbol>
      <symbol id="sm-7f4">
         <name>__aeabi_ddiv</name>
         <value>0x5a4d</value>
         <object_component_ref idref="oc-221"/>
      </symbol>
      <symbol id="sm-80b">
         <name>__aeabi_dmul</name>
         <value>0x6101</value>
         <object_component_ref idref="oc-1cc"/>
      </symbol>
      <symbol id="sm-819">
         <name>__aeabi_d2iz</name>
         <value>0x6ad9</value>
         <object_component_ref idref="oc-1d1"/>
      </symbol>
      <symbol id="sm-826">
         <name>__aeabi_d2f</name>
         <value>0x6b21</value>
         <object_component_ref idref="oc-159"/>
      </symbol>
      <symbol id="sm-834">
         <name>__aeabi_f2d</name>
         <value>0x6d39</value>
         <object_component_ref idref="oc-15e"/>
      </symbol>
      <symbol id="sm-840">
         <name>__aeabi_i2d</name>
         <value>0x6e6d</value>
         <object_component_ref idref="oc-14e"/>
      </symbol>
      <symbol id="sm-85b">
         <name>memcpy</name>
         <value>0x63a3</value>
         <object_component_ref idref="oc-33"/>
      </symbol>
      <symbol id="sm-85c">
         <name>__aeabi_memcpy</name>
         <value>0x63a3</value>
         <object_component_ref idref="oc-33"/>
      </symbol>
      <symbol id="sm-85d">
         <name>__aeabi_memcpy8</name>
         <value>0x63a3</value>
         <object_component_ref idref="oc-33"/>
      </symbol>
      <symbol id="sm-85e">
         <name>__aeabi_memcpy4</name>
         <value>0x63a3</value>
         <object_component_ref idref="oc-33"/>
      </symbol>
      <symbol id="sm-86d">
         <name>__aeabi_memset</name>
         <value>0x654d</value>
         <object_component_ref idref="oc-4c"/>
      </symbol>
      <symbol id="sm-86e">
         <name>memset</name>
         <value>0x6553</value>
         <object_component_ref idref="oc-4c"/>
      </symbol>
      <symbol id="sm-86f">
         <name>__aeabi_memset8</name>
         <value>0x654d</value>
         <object_component_ref idref="oc-4c"/>
      </symbol>
      <symbol id="sm-870">
         <name>__aeabi_memset4</name>
         <value>0x654d</value>
         <object_component_ref idref="oc-4c"/>
      </symbol>
      <symbol id="sm-871">
         <name>__aeabi_memclr8</name>
         <value>0x654b</value>
         <object_component_ref idref="oc-4c"/>
      </symbol>
      <symbol id="sm-872">
         <name>__aeabi_memclr4</name>
         <value>0x654b</value>
         <object_component_ref idref="oc-4c"/>
      </symbol>
      <symbol id="sm-873">
         <name>__aeabi_memclr</name>
         <value>0x654b</value>
         <object_component_ref idref="oc-4c"/>
      </symbol>
      <symbol id="sm-87d">
         <name>_system_pre_init</name>
         <value>0x7167</value>
         <object_component_ref idref="oc-58"/>
      </symbol>
      <symbol id="sm-885">
         <name>main_func_sp</name>
         <value>0x200023f8</value>
         <object_component_ref idref="oc-70"/>
      </symbol>
      <symbol id="sm-893">
         <name>strlen</name>
         <value>0x7041</value>
         <object_component_ref idref="oc-325"/>
      </symbol>
      <symbol id="sm-8b0">
         <name>vsprintf</name>
         <value>0x6b69</value>
         <object_component_ref idref="oc-31f"/>
      </symbol>
      <symbol id="sm-8c9">
         <name>_nop</name>
         <value>0x703b</value>
         <object_component_ref idref="oc-11c"/>
      </symbol>
      <symbol id="sm-8ca">
         <name>_lock</name>
         <value>0x200023cc</value>
         <object_component_ref idref="oc-a5"/>
      </symbol>
      <symbol id="sm-8cb">
         <name>_unlock</name>
         <value>0x200023d0</value>
         <object_component_ref idref="oc-a5"/>
      </symbol>
      <symbol id="sm-8cc">
         <name>_register_lock</name>
         <value>0x7033</value>
         <object_component_ref idref="oc-11c"/>
      </symbol>
      <symbol id="sm-8cd">
         <name>_register_unlock</name>
         <value>0x702d</value>
         <object_component_ref idref="oc-11c"/>
      </symbol>
      <symbol id="sm-9d2">
         <name>__TI_printfi</name>
         <value>0x1021</value>
         <object_component_ref idref="oc-418"/>
      </symbol>
      <symbol id="sm-9e7">
         <name>_args_main</name>
         <value>0x6fe9</value>
         <object_component_ref idref="oc-64"/>
      </symbol>
      <symbol id="sm-9fd">
         <name>atoi</name>
         <value>0x69b1</value>
         <object_component_ref idref="oc-4a5"/>
      </symbol>
      <symbol id="sm-a23">
         <name>__TI_auto_init</name>
         <value>0x65c5</value>
         <object_component_ref idref="oc-5e"/>
      </symbol>
      <symbol id="sm-a3d">
         <name>copy_in</name>
         <value>0x69fd</value>
         <object_component_ref idref="oc-95"/>
      </symbol>
      <symbol id="sm-a48">
         <name>_ctypes_</name>
         <value>0x716c</value>
         <object_component_ref idref="oc-4eb"/>
      </symbol>
      <symbol id="sm-a55">
         <name>frexp</name>
         <value>0x6ef3</value>
         <object_component_ref idref="oc-487"/>
      </symbol>
      <symbol id="sm-a67">
         <name>ldexp</name>
         <value>0x6823</value>
         <object_component_ref idref="oc-48d"/>
      </symbol>
      <symbol id="sm-a76">
         <name>ltoa</name>
         <value>0x67cd</value>
         <object_component_ref idref="oc-481"/>
      </symbol>
      <symbol id="sm-a86">
         <name>memccpy</name>
         <value>0x6f55</value>
         <object_component_ref idref="oc-49f"/>
      </symbol>
      <symbol id="sm-a96">
         <name>strchr</name>
         <value>0x7001</value>
         <object_component_ref idref="oc-493"/>
      </symbol>
      <symbol id="sm-ac0">
         <name>__aeabi_uldivmod</name>
         <value>0x4f4d</value>
         <object_component_ref idref="oc-47c"/>
      </symbol>
      <symbol id="sm-ace">
         <name>_Dclass</name>
         <value>0x6e0d</value>
         <object_component_ref idref="oc-499"/>
      </symbol>
      <symbol id="sm-aef">
         <name>_Dscale</name>
         <value>0x5ee5</value>
         <object_component_ref idref="oc-4d7"/>
      </symbol>
      <symbol id="sm-b03">
         <name>_Dunscale</name>
         <value>0x6705</value>
         <object_component_ref idref="oc-4cf"/>
      </symbol>
      <symbol id="sm-b12">
         <name>_Feraise</name>
         <value>0x6e3d</value>
         <object_component_ref idref="oc-4dd"/>
      </symbol>
      <symbol id="sm-b22">
         <name>_Rteps</name>
         <value>0x20002218</value>
         <object_component_ref idref="oc-507"/>
      </symbol>
      <symbol id="sm-b23">
         <name>_Zero</name>
         <value>0x20002230</value>
         <object_component_ref idref="oc-507"/>
      </symbol>
      <symbol id="sm-b24">
         <name>_Hugeval</name>
         <value>0x200021d8</value>
         <object_component_ref idref="oc-507"/>
      </symbol>
      <symbol id="sm-b25">
         <name>_Snan</name>
         <value>0x20002208</value>
         <object_component_ref idref="oc-507"/>
      </symbol>
      <symbol id="sm-b26">
         <name>_Nan</name>
         <value>0x200021f8</value>
         <object_component_ref idref="oc-507"/>
      </symbol>
      <symbol id="sm-b27">
         <name>_Inf</name>
         <value>0x200021e8</value>
         <object_component_ref idref="oc-507"/>
      </symbol>
      <symbol id="sm-b28">
         <name>_Xbig</name>
         <value>0x20002228</value>
         <object_component_ref idref="oc-507"/>
      </symbol>
      <symbol id="sm-b29">
         <name>_Eps</name>
         <value>0x200021c8</value>
         <object_component_ref idref="oc-507"/>
      </symbol>
      <symbol id="sm-b2a">
         <name>_Denorm</name>
         <value>0x200021b8</value>
         <object_component_ref idref="oc-507"/>
      </symbol>
      <symbol id="sm-b32">
         <name>_Errno</name>
         <value>0x200023f4</value>
         <object_component_ref idref="oc-512"/>
      </symbol>
      <symbol id="sm-b50">
         <name>feraiseexcept</name>
         <value>0x6dd9</value>
         <object_component_ref idref="oc-50c"/>
      </symbol>
      <symbol id="sm-b51">
         <name>_Tls_setup__Fenv</name>
         <value>0x200023e0</value>
         <object_component_ref idref="oc-536"/>
      </symbol>
      <symbol id="sm-b52">
         <name>_Fenv</name>
         <value>0x200023dc</value>
         <object_component_ref idref="oc-536"/>
      </symbol>
      <symbol id="sm-b66">
         <name>raise</name>
         <value>0x6e9b</value>
         <object_component_ref idref="oc-530"/>
      </symbol>
      <symbol id="sm-b80">
         <name>signal</name>
         <value>0x6cf9</value>
         <object_component_ref idref="oc-540"/>
      </symbol>
      <symbol id="sm-b95">
         <name>_Dnorm</name>
         <value>0x62e5</value>
         <object_component_ref idref="oc-4fd"/>
      </symbol>
      <symbol id="sm-bb6">
         <name>ADCIntRegister</name>
         <value>0x6f71</value>
         <object_component_ref idref="oc-176"/>
      </symbol>
      <symbol id="sm-bd1">
         <name>EEPROMInit</name>
         <value>0x6c39</value>
         <object_component_ref idref="oc-1c6"/>
      </symbol>
      <symbol id="sm-c4a">
         <name>GPIOIntRegister</name>
         <value>0x6f89</value>
         <object_component_ref idref="oc-22f"/>
      </symbol>
      <symbol id="sm-c4b">
         <name>GPIOPinConfigure</name>
         <value>0x6a49</value>
         <object_component_ref idref="oc-2dd"/>
      </symbol>
      <symbol id="sm-c4c">
         <name>GPIOIntEnable</name>
         <value>0x70dd</value>
         <object_component_ref idref="oc-235"/>
      </symbol>
      <symbol id="sm-c4d">
         <name>GPIOIntClear</name>
         <value>0x7147</value>
         <object_component_ref idref="oc-23b"/>
      </symbol>
      <symbol id="sm-c4e">
         <name>GPIOPinTypeUART</name>
         <value>0x7055</value>
         <object_component_ref idref="oc-2e3"/>
      </symbol>
      <symbol id="sm-c4f">
         <name>GPIOIntStatus</name>
         <value>0x7099</value>
         <object_component_ref idref="oc-241"/>
      </symbol>
      <symbol id="sm-c50">
         <name>GPIOPinRead</name>
         <value>0x714d</value>
         <object_component_ref idref="oc-c3"/>
      </symbol>
      <symbol id="sm-c51">
         <name>GPIODirModeSet</name>
         <value>0x6ec9</value>
         <object_component_ref idref="oc-3ef"/>
      </symbol>
      <symbol id="sm-c52">
         <name>GPIOPadConfigSet</name>
         <value>0x5b83</value>
         <object_component_ref idref="oc-3f5"/>
      </symbol>
      <symbol id="sm-c94">
         <name>IntEnable</name>
         <value>0x669d</value>
         <object_component_ref idref="oc-19a"/>
      </symbol>
      <symbol id="sm-c95">
         <name>IntRegister</name>
         <value>0x6d71</value>
         <object_component_ref idref="oc-287"/>
      </symbol>
      <symbol id="sm-c96">
         <name>IntMasterDisable</name>
         <value>0x7079</value>
         <object_component_ref idref="oc-139"/>
      </symbol>
      <symbol id="sm-c97">
         <name>g_pfnRAMVectors</name>
         <value>0x20000000</value>
         <object_component_ref idref="oc-3ac"/>
      </symbol>
      <symbol id="sm-cb6">
         <name>QEIIntRegister</name>
         <value>0x6fa1</value>
         <object_component_ref idref="oc-1e6"/>
      </symbol>
      <symbol id="sm-cfd">
         <name>SysCtlDelay</name>
         <value>0x7153</value>
         <object_component_ref idref="oc-34d"/>
      </symbol>
      <symbol id="sm-cfe">
         <name>SysCtlPeripheralEnable</name>
         <value>0x6da5</value>
         <object_component_ref idref="oc-17c"/>
      </symbol>
      <symbol id="sm-cff">
         <name>SysCtlClockGet</name>
         <value>0x5ff5</value>
         <object_component_ref idref="oc-188"/>
      </symbol>
      <symbol id="sm-d00">
         <name>SysCtlPeripheralReset</name>
         <value>0x6875</value>
         <object_component_ref idref="oc-354"/>
      </symbol>
      <symbol id="sm-d0f">
         <name>SysTickIntRegister</name>
         <value>0x6f1d</value>
         <object_component_ref idref="oc-133"/>
      </symbol>
      <symbol id="sm-d6a">
         <name>TimerLoadSet</name>
         <value>0x7067</value>
         <object_component_ref idref="oc-18e"/>
      </symbol>
      <symbol id="sm-d6b">
         <name>TimerIntRegister</name>
         <value>0x6fb9</value>
         <object_component_ref idref="oc-194"/>
      </symbol>
      <symbol id="sm-d6c">
         <name>TimerEnable</name>
         <value>0x70a7</value>
         <object_component_ref idref="oc-1ac"/>
      </symbol>
      <symbol id="sm-d6d">
         <name>TimerIntEnable</name>
         <value>0x7137</value>
         <object_component_ref idref="oc-1a0"/>
      </symbol>
      <symbol id="sm-d6e">
         <name>TimerConfigure</name>
         <value>0x676d</value>
         <object_component_ref idref="oc-182"/>
      </symbol>
      <symbol id="sm-d6f">
         <name>TimerIntClear</name>
         <value>0x715f</value>
         <object_component_ref idref="oc-1a6"/>
      </symbol>
      <symbol id="sm-df0">
         <name>UARTCharPutNonBlocking</name>
         <value>0x70b5</value>
         <object_component_ref idref="oc-30d"/>
      </symbol>
      <symbol id="sm-df1">
         <name>UARTTxIntModeSet</name>
         <value>0x70f5</value>
         <object_component_ref idref="oc-2fb"/>
      </symbol>
      <symbol id="sm-df2">
         <name>UARTConfigSetExpClk</name>
         <value>0x6bf5</value>
         <object_component_ref idref="oc-2e9"/>
      </symbol>
      <symbol id="sm-df3">
         <name>UARTDisable</name>
         <value>0x6f39</value>
         <object_component_ref idref="oc-3fc"/>
      </symbol>
      <symbol id="sm-df4">
         <name>UARTIntEnable</name>
         <value>0x713f</value>
         <object_component_ref idref="oc-2f5"/>
      </symbol>
      <symbol id="sm-df5">
         <name>UARTCharsAvail</name>
         <value>0x70e9</value>
         <object_component_ref idref="oc-319"/>
      </symbol>
      <symbol id="sm-df6">
         <name>UARTEnable</name>
         <value>0x7017</value>
         <object_component_ref idref="oc-402"/>
      </symbol>
      <symbol id="sm-df7">
         <name>UARTIntClear</name>
         <value>0x7163</value>
         <object_component_ref idref="oc-307"/>
      </symbol>
      <symbol id="sm-df8">
         <name>UARTIntStatus</name>
         <value>0x712d</value>
         <object_component_ref idref="oc-301"/>
      </symbol>
      <symbol id="sm-df9">
         <name>UARTCharGet</name>
         <value>0x7123</value>
         <object_component_ref idref="oc-313"/>
      </symbol>
      <symbol id="sm-dfa">
         <name>UARTIntRegister</name>
         <value>0x6fd1</value>
         <object_component_ref idref="oc-2ef"/>
      </symbol>
      <symbol id="sm-e04">
         <name>CPUcpsid</name>
         <value>0x70d1</value>
         <object_component_ref idref="oc-28f"/>
      </symbol>
      <symbol id="sm-e05">
         <name>__TI_static_base__</name>
         <value>0x0</value>
      </symbol>
      <symbol id="sm-e08">
         <name>SHT$$INIT_ARRAY$$Limit</name>
         <value>0x0</value>
      </symbol>
      <symbol id="sm-e09">
         <name>SHT$$INIT_ARRAY$$Base</name>
         <value>0x0</value>
      </symbol>
   </symbol_table>
   <title>Link successful</title>
</link_info>
