<?xml version="1.0"?>
<link_info>
   <banner>TI ARM Linker PC v5.2.5</banner>
   <copyright>Copyright (c) 1996-2015 Texas Instruments Incorporated</copyright>
   <link_time>0x55f61671</link_time>
   <link_errors>0x0</link_errors>
   <output_file>RYA_robot_v1.1111.out</output_file>
   <entry_point>
      <name>_c_int00</name>
      <address>0x6885</address>
   </entry_point>
   <input_file_list>
      <input_file id="fl-2">
         <path>.\</path>
         <kind>object</kind>
         <file>SystemConfig.obj</file>
         <name>SystemConfig.obj</name>
      </input_file>
      <input_file id="fl-3">
         <path>.\</path>
         <kind>object</kind>
         <file>main.obj</file>
         <name>main.obj</name>
      </input_file>
      <input_file id="fl-4">
         <path>.\</path>
         <kind>object</kind>
         <file>startup_ccs.obj</file>
         <name>startup_ccs.obj</name>
      </input_file>
      <input_file id="fl-5">
         <path>.\WallFollow\</path>
         <kind>object</kind>
         <file>Floodfill.obj</file>
         <name>Floodfill.obj</name>
      </input_file>
      <input_file id="fl-6">
         <path>.\WallFollow\</path>
         <kind>object</kind>
         <file>PID.obj</file>
         <name>PID.obj</name>
      </input_file>
      <input_file id="fl-7">
         <path>.\WallFollow\</path>
         <kind>object</kind>
         <file>WallFollow.obj</file>
         <name>WallFollow.obj</name>
      </input_file>
      <input_file id="fl-8">
         <path>.\Timer\</path>
         <kind>object</kind>
         <file>Timer.obj</file>
         <name>Timer.obj</name>
      </input_file>
      <input_file id="fl-9">
         <path>.\STR\</path>
         <kind>object</kind>
         <file>Control_initialize.obj</file>
         <name>Control_initialize.obj</name>
      </input_file>
      <input_file id="fl-a">
         <path>.\STR\</path>
         <kind>object</kind>
         <file>STR_Indirect.obj</file>
         <name>STR_Indirect.obj</name>
      </input_file>
      <input_file id="fl-b">
         <path>.\STR\</path>
         <kind>object</kind>
         <file>Uocluong.obj</file>
         <name>Uocluong.obj</name>
      </input_file>
      <input_file id="fl-c">
         <path>.\STR\</path>
         <kind>object</kind>
         <file>rtGetInf.obj</file>
         <name>rtGetInf.obj</name>
      </input_file>
      <input_file id="fl-d">
         <path>.\STR\</path>
         <kind>object</kind>
         <file>rtGetNaN.obj</file>
         <name>rtGetNaN.obj</name>
      </input_file>
      <input_file id="fl-e">
         <path>.\STR\</path>
         <kind>object</kind>
         <file>rt_nonfinite.obj</file>
         <name>rt_nonfinite.obj</name>
      </input_file>
      <input_file id="fl-f">
         <path>.\STR\</path>
         <kind>object</kind>
         <file>speed_control.obj</file>
         <name>speed_control.obj</name>
      </input_file>
      <input_file id="fl-10">
         <path>.\QEI\</path>
         <kind>object</kind>
         <file>qei.obj</file>
         <name>qei.obj</name>
      </input_file>
      <input_file id="fl-11">
         <path>.\ImageProcess\</path>
         <kind>object</kind>
         <file>HostComm.obj</file>
         <name>HostComm.obj</name>
      </input_file>
      <input_file id="fl-12">
         <path>.\ImageProcess\</path>
         <kind>object</kind>
         <file>ImgProcess.obj</file>
         <name>ImgProcess.obj</name>
      </input_file>
      <input_file id="fl-13">
         <path>.\ImageProcess\</path>
         <kind>object</kind>
         <file>Img_PID.obj</file>
         <name>Img_PID.obj</name>
      </input_file>
      <input_file id="fl-14">
         <path>.\IR\</path>
         <kind>object</kind>
         <file>IR.obj</file>
         <name>IR.obj</name>
      </input_file>
      <input_file id="fl-15">
         <path>.\Eeprom\</path>
         <kind>object</kind>
         <file>EEPROM.obj</file>
         <name>EEPROM.obj</name>
      </input_file>
      <input_file id="fl-16">
         <path>.\Buzzer\</path>
         <kind>object</kind>
         <file>Buzzer.obj</file>
         <name>Buzzer.obj</name>
      </input_file>
      <input_file id="fl-17">
         <path>.\Button\</path>
         <kind>object</kind>
         <file>Button.obj</file>
         <name>Button.obj</name>
      </input_file>
      <input_file id="fl-18">
         <path>.\Bluetooth\</path>
         <kind>object</kind>
         <file>Bluetooth.obj</file>
         <name>Bluetooth.obj</name>
      </input_file>
      <input_file id="fl-19">
         <path>.\Bluetooth\</path>
         <kind>object</kind>
         <file>uartstdio.obj</file>
         <name>uartstdio.obj</name>
      </input_file>
      <input_file id="fl-1a">
         <path>.\Bluetooth\</path>
         <kind>object</kind>
         <file>ustdlib.obj</file>
         <name>ustdlib.obj</name>
      </input_file>
      <input_file id="fl-1b">
         <path>.\Battery\</path>
         <kind>object</kind>
         <file>Bettery.obj</file>
         <name>Bettery.obj</name>
      </input_file>
      <input_file id="fl-142">
         <path>C:\ti\ccsv6\tools\compiler\ti-cgt-arm_5.2.5\lib\</path>
         <kind>archive</kind>
         <file>rtsv7M4_T_le_v4SPD16_eabi.lib</file>
         <name>boot.obj</name>
      </input_file>
      <input_file id="fl-143">
         <path>C:\ti\ccsv6\tools\compiler\ti-cgt-arm_5.2.5\lib\</path>
         <kind>archive</kind>
         <file>rtsv7M4_T_le_v4SPD16_eabi.lib</file>
         <name>copy_decompress_none.obj</name>
      </input_file>
      <input_file id="fl-144">
         <path>C:\ti\ccsv6\tools\compiler\ti-cgt-arm_5.2.5\lib\</path>
         <kind>archive</kind>
         <file>rtsv7M4_T_le_v4SPD16_eabi.lib</file>
         <name>copy_decompress_rle.obj</name>
      </input_file>
      <input_file id="fl-145">
         <path>C:\ti\ccsv6\tools\compiler\ti-cgt-arm_5.2.5\lib\</path>
         <kind>archive</kind>
         <file>rtsv7M4_T_le_v4SPD16_eabi.lib</file>
         <name>copy_zero_init.obj</name>
      </input_file>
      <input_file id="fl-146">
         <path>C:\ti\ccsv6\tools\compiler\ti-cgt-arm_5.2.5\lib\</path>
         <kind>archive</kind>
         <file>rtsv7M4_T_le_v4SPD16_eabi.lib</file>
         <name>exit.obj</name>
      </input_file>
      <input_file id="fl-147">
         <path>C:\ti\ccsv6\tools\compiler\ti-cgt-arm_5.2.5\lib\</path>
         <kind>archive</kind>
         <file>rtsv7M4_T_le_v4SPD16_eabi.lib</file>
         <name>fd_add_t2.obj</name>
      </input_file>
      <input_file id="fl-148">
         <path>C:\ti\ccsv6\tools\compiler\ti-cgt-arm_5.2.5\lib\</path>
         <kind>archive</kind>
         <file>rtsv7M4_T_le_v4SPD16_eabi.lib</file>
         <name>fd_cmp_t2.obj</name>
      </input_file>
      <input_file id="fl-149">
         <path>C:\ti\ccsv6\tools\compiler\ti-cgt-arm_5.2.5\lib\</path>
         <kind>archive</kind>
         <file>rtsv7M4_T_le_v4SPD16_eabi.lib</file>
         <name>fd_div_t2.obj</name>
      </input_file>
      <input_file id="fl-14a">
         <path>C:\ti\ccsv6\tools\compiler\ti-cgt-arm_5.2.5\lib\</path>
         <kind>archive</kind>
         <file>rtsv7M4_T_le_v4SPD16_eabi.lib</file>
         <name>fd_mul_t2.obj</name>
      </input_file>
      <input_file id="fl-14b">
         <path>C:\ti\ccsv6\tools\compiler\ti-cgt-arm_5.2.5\lib\</path>
         <kind>archive</kind>
         <file>rtsv7M4_T_le_v4SPD16_eabi.lib</file>
         <name>fd_toi_t2.obj</name>
      </input_file>
      <input_file id="fl-14c">
         <path>C:\ti\ccsv6\tools\compiler\ti-cgt-arm_5.2.5\lib\</path>
         <kind>archive</kind>
         <file>rtsv7M4_T_le_v4SPD16_eabi.lib</file>
         <name>fd_tos_t2.obj</name>
      </input_file>
      <input_file id="fl-14d">
         <path>C:\ti\ccsv6\tools\compiler\ti-cgt-arm_5.2.5\lib\</path>
         <kind>archive</kind>
         <file>rtsv7M4_T_le_v4SPD16_eabi.lib</file>
         <name>fs_tod_t2.obj</name>
      </input_file>
      <input_file id="fl-14e">
         <path>C:\ti\ccsv6\tools\compiler\ti-cgt-arm_5.2.5\lib\</path>
         <kind>archive</kind>
         <file>rtsv7M4_T_le_v4SPD16_eabi.lib</file>
         <name>i_tofd_t2.obj</name>
      </input_file>
      <input_file id="fl-14f">
         <path>C:\ti\ccsv6\tools\compiler\ti-cgt-arm_5.2.5\lib\</path>
         <kind>archive</kind>
         <file>rtsv7M4_T_le_v4SPD16_eabi.lib</file>
         <name>memcpy_t2.obj</name>
      </input_file>
      <input_file id="fl-150">
         <path>C:\ti\ccsv6\tools\compiler\ti-cgt-arm_5.2.5\lib\</path>
         <kind>archive</kind>
         <file>rtsv7M4_T_le_v4SPD16_eabi.lib</file>
         <name>memset_t2.obj</name>
      </input_file>
      <input_file id="fl-151">
         <path>C:\ti\ccsv6\tools\compiler\ti-cgt-arm_5.2.5\lib\</path>
         <kind>archive</kind>
         <file>rtsv7M4_T_le_v4SPD16_eabi.lib</file>
         <name>pre_init.obj</name>
      </input_file>
      <input_file id="fl-152">
         <path>C:\ti\ccsv6\tools\compiler\ti-cgt-arm_5.2.5\lib\</path>
         <kind>archive</kind>
         <file>rtsv7M4_T_le_v4SPD16_eabi.lib</file>
         <name>stkdepth_vars.obj</name>
      </input_file>
      <input_file id="fl-153">
         <path>C:\ti\ccsv6\tools\compiler\ti-cgt-arm_5.2.5\lib\</path>
         <kind>archive</kind>
         <file>rtsv7M4_T_le_v4SPD16_eabi.lib</file>
         <name>strlen.obj</name>
      </input_file>
      <input_file id="fl-154">
         <path>C:\ti\ccsv6\tools\compiler\ti-cgt-arm_5.2.5\lib\</path>
         <kind>archive</kind>
         <file>rtsv7M4_T_le_v4SPD16_eabi.lib</file>
         <name>u_divt2.obj</name>
      </input_file>
      <input_file id="fl-155">
         <path>C:\ti\ccsv6\tools\compiler\ti-cgt-arm_5.2.5\lib\</path>
         <kind>archive</kind>
         <file>rtsv7M4_T_le_v4SPD16_eabi.lib</file>
         <name>vsprintf.obj</name>
      </input_file>
      <input_file id="fl-156">
         <path>C:\ti\ccsv6\tools\compiler\ti-cgt-arm_5.2.5\lib\</path>
         <kind>archive</kind>
         <file>rtsv7M4_T_le_v4SPD16_eabi.lib</file>
         <name>_lock.obj</name>
      </input_file>
      <input_file id="fl-157">
         <path>C:\ti\ccsv6\tools\compiler\ti-cgt-arm_5.2.5\lib\</path>
         <kind>archive</kind>
         <file>rtsv7M4_T_le_v4SPD16_eabi.lib</file>
         <name>_printfi.obj</name>
      </input_file>
      <input_file id="fl-158">
         <path>C:\ti\ccsv6\tools\compiler\ti-cgt-arm_5.2.5\lib\</path>
         <kind>archive</kind>
         <file>rtsv7M4_T_le_v4SPD16_eabi.lib</file>
         <name>args_main.obj</name>
      </input_file>
      <input_file id="fl-159">
         <path>C:\ti\ccsv6\tools\compiler\ti-cgt-arm_5.2.5\lib\</path>
         <kind>archive</kind>
         <file>rtsv7M4_T_le_v4SPD16_eabi.lib</file>
         <name>atoi.obj</name>
      </input_file>
      <input_file id="fl-15a">
         <path>C:\ti\ccsv6\tools\compiler\ti-cgt-arm_5.2.5\lib\</path>
         <kind>archive</kind>
         <file>rtsv7M4_T_le_v4SPD16_eabi.lib</file>
         <name>autoinit.obj</name>
      </input_file>
      <input_file id="fl-15b">
         <path>C:\ti\ccsv6\tools\compiler\ti-cgt-arm_5.2.5\lib\</path>
         <kind>archive</kind>
         <file>rtsv7M4_T_le_v4SPD16_eabi.lib</file>
         <name>cpy_tbl.obj</name>
      </input_file>
      <input_file id="fl-15c">
         <path>C:\ti\ccsv6\tools\compiler\ti-cgt-arm_5.2.5\lib\</path>
         <kind>archive</kind>
         <file>rtsv7M4_T_le_v4SPD16_eabi.lib</file>
         <name>ctype.obj</name>
      </input_file>
      <input_file id="fl-15d">
         <path>C:\ti\ccsv6\tools\compiler\ti-cgt-arm_5.2.5\lib\</path>
         <kind>archive</kind>
         <file>rtsv7M4_T_le_v4SPD16_eabi.lib</file>
         <name>frexp.obj</name>
      </input_file>
      <input_file id="fl-15e">
         <path>C:\ti\ccsv6\tools\compiler\ti-cgt-arm_5.2.5\lib\</path>
         <kind>archive</kind>
         <file>rtsv7M4_T_le_v4SPD16_eabi.lib</file>
         <name>i_div0.obj</name>
      </input_file>
      <input_file id="fl-15f">
         <path>C:\ti\ccsv6\tools\compiler\ti-cgt-arm_5.2.5\lib\</path>
         <kind>archive</kind>
         <file>rtsv7M4_T_le_v4SPD16_eabi.lib</file>
         <name>ldexp.obj</name>
      </input_file>
      <input_file id="fl-160">
         <path>C:\ti\ccsv6\tools\compiler\ti-cgt-arm_5.2.5\lib\</path>
         <kind>archive</kind>
         <file>rtsv7M4_T_le_v4SPD16_eabi.lib</file>
         <name>ltoa.obj</name>
      </input_file>
      <input_file id="fl-161">
         <path>C:\ti\ccsv6\tools\compiler\ti-cgt-arm_5.2.5\lib\</path>
         <kind>archive</kind>
         <file>rtsv7M4_T_le_v4SPD16_eabi.lib</file>
         <name>memccpy.obj</name>
      </input_file>
      <input_file id="fl-162">
         <path>C:\ti\ccsv6\tools\compiler\ti-cgt-arm_5.2.5\lib\</path>
         <kind>archive</kind>
         <file>rtsv7M4_T_le_v4SPD16_eabi.lib</file>
         <name>strchr.obj</name>
      </input_file>
      <input_file id="fl-163">
         <path>C:\ti\ccsv6\tools\compiler\ti-cgt-arm_5.2.5\lib\</path>
         <kind>archive</kind>
         <file>rtsv7M4_T_le_v4SPD16_eabi.lib</file>
         <name>ull_div_t2.obj</name>
      </input_file>
      <input_file id="fl-164">
         <path>C:\ti\ccsv6\tools\compiler\ti-cgt-arm_5.2.5\lib\</path>
         <kind>archive</kind>
         <file>rtsv7M4_T_le_v4SPD16_eabi.lib</file>
         <name>xdclass.obj</name>
      </input_file>
      <input_file id="fl-165">
         <path>C:\ti\ccsv6\tools\compiler\ti-cgt-arm_5.2.5\lib\</path>
         <kind>archive</kind>
         <file>rtsv7M4_T_le_v4SPD16_eabi.lib</file>
         <name>xdscale.obj</name>
      </input_file>
      <input_file id="fl-166">
         <path>C:\ti\ccsv6\tools\compiler\ti-cgt-arm_5.2.5\lib\</path>
         <kind>archive</kind>
         <file>rtsv7M4_T_le_v4SPD16_eabi.lib</file>
         <name>xdunscal.obj</name>
      </input_file>
      <input_file id="fl-167">
         <path>C:\ti\ccsv6\tools\compiler\ti-cgt-arm_5.2.5\lib\</path>
         <kind>archive</kind>
         <file>rtsv7M4_T_le_v4SPD16_eabi.lib</file>
         <name>xferaise.obj</name>
      </input_file>
      <input_file id="fl-168">
         <path>C:\ti\ccsv6\tools\compiler\ti-cgt-arm_5.2.5\lib\</path>
         <kind>archive</kind>
         <file>rtsv7M4_T_le_v4SPD16_eabi.lib</file>
         <name>xvalues.obj</name>
      </input_file>
      <input_file id="fl-169">
         <path>C:\ti\ccsv6\tools\compiler\ti-cgt-arm_5.2.5\lib\</path>
         <kind>archive</kind>
         <file>rtsv7M4_T_le_v4SPD16_eabi.lib</file>
         <name>errno.obj</name>
      </input_file>
      <input_file id="fl-16a">
         <path>C:\ti\ccsv6\tools\compiler\ti-cgt-arm_5.2.5\lib\</path>
         <kind>archive</kind>
         <file>rtsv7M4_T_le_v4SPD16_eabi.lib</file>
         <name>feraiseexcept.obj</name>
      </input_file>
      <input_file id="fl-16b">
         <path>C:\ti\ccsv6\tools\compiler\ti-cgt-arm_5.2.5\lib\</path>
         <kind>archive</kind>
         <file>rtsv7M4_T_le_v4SPD16_eabi.lib</file>
         <name>raise.obj</name>
      </input_file>
      <input_file id="fl-16c">
         <path>C:\ti\ccsv6\tools\compiler\ti-cgt-arm_5.2.5\lib\</path>
         <kind>archive</kind>
         <file>rtsv7M4_T_le_v4SPD16_eabi.lib</file>
         <name>signal.obj</name>
      </input_file>
      <input_file id="fl-16d">
         <path>C:\ti\ccsv6\tools\compiler\ti-cgt-arm_5.2.5\lib\</path>
         <kind>archive</kind>
         <file>rtsv7M4_T_le_v4SPD16_eabi.lib</file>
         <name>xdnorm.obj</name>
      </input_file>
      <input_file id="fl-16e">
         <path>C:\ti\TivaWare_C_Series-2.1.1.71\driverlib\ccs\Debug\</path>
         <kind>archive</kind>
         <file>driverlib.lib</file>
         <name>adc.obj</name>
      </input_file>
      <input_file id="fl-16f">
         <path>C:\ti\TivaWare_C_Series-2.1.1.71\driverlib\ccs\Debug\</path>
         <kind>archive</kind>
         <file>driverlib.lib</file>
         <name>eeprom.obj</name>
      </input_file>
      <input_file id="fl-170">
         <path>C:\ti\TivaWare_C_Series-2.1.1.71\driverlib\ccs\Debug\</path>
         <kind>archive</kind>
         <file>driverlib.lib</file>
         <name>gpio.obj</name>
      </input_file>
      <input_file id="fl-171">
         <path>C:\ti\TivaWare_C_Series-2.1.1.71\driverlib\ccs\Debug\</path>
         <kind>archive</kind>
         <file>driverlib.lib</file>
         <name>interrupt.obj</name>
      </input_file>
      <input_file id="fl-172">
         <path>C:\ti\TivaWare_C_Series-2.1.1.71\driverlib\ccs\Debug\</path>
         <kind>archive</kind>
         <file>driverlib.lib</file>
         <name>qei.obj</name>
      </input_file>
      <input_file id="fl-173">
         <path>C:\ti\TivaWare_C_Series-2.1.1.71\driverlib\ccs\Debug\</path>
         <kind>archive</kind>
         <file>driverlib.lib</file>
         <name>sysctl.obj</name>
      </input_file>
      <input_file id="fl-174">
         <path>C:\ti\TivaWare_C_Series-2.1.1.71\driverlib\ccs\Debug\</path>
         <kind>archive</kind>
         <file>driverlib.lib</file>
         <name>systick.obj</name>
      </input_file>
      <input_file id="fl-175">
         <path>C:\ti\TivaWare_C_Series-2.1.1.71\driverlib\ccs\Debug\</path>
         <kind>archive</kind>
         <file>driverlib.lib</file>
         <name>timer.obj</name>
      </input_file>
      <input_file id="fl-176">
         <path>C:\ti\TivaWare_C_Series-2.1.1.71\driverlib\ccs\Debug\</path>
         <kind>archive</kind>
         <file>driverlib.lib</file>
         <name>uart.obj</name>
      </input_file>
      <input_file id="fl-177">
         <path>C:\ti\TivaWare_C_Series-2.1.1.71\driverlib\ccs\Debug\</path>
         <kind>archive</kind>
         <file>driverlib.lib</file>
         <name>cpu.obj</name>
      </input_file>
   </input_file_list>
   <object_component_list>
      <object_component id="oc-f">
         <name>.intvecs</name>
         <load_address>0x0</load_address>
         <run_address>0x0</run_address>
         <size>0x26c</size>
         <input_file_ref idref="fl-4"/>
      </object_component>
      <object_component id="oc-40b">
         <name>.text</name>
         <load_address>0x26c</load_address>
         <run_address>0x26c</run_address>
         <size>0x10ba</size>
         <input_file_ref idref="fl-157"/>
      </object_component>
      <object_component id="oc-163">
         <name>.text</name>
         <load_address>0x1328</load_address>
         <run_address>0x1328</run_address>
         <size>0xac8</size>
         <input_file_ref idref="fl-b"/>
      </object_component>
      <object_component id="oc-10b">
         <name>.text</name>
         <load_address>0x1df0</load_address>
         <run_address>0x1df0</run_address>
         <size>0x97c</size>
         <input_file_ref idref="fl-12"/>
      </object_component>
      <object_component id="oc-d5">
         <name>.text</name>
         <load_address>0x276c</load_address>
         <run_address>0x276c</run_address>
         <size>0x6b8</size>
         <input_file_ref idref="fl-14"/>
      </object_component>
      <object_component id="oc-1b9">
         <name>.text</name>
         <load_address>0x2e24</load_address>
         <run_address>0x2e24</run_address>
         <size>0x6a4</size>
         <input_file_ref idref="fl-18"/>
      </object_component>
      <object_component id="oc-cf">
         <name>.text</name>
         <load_address>0x34c8</load_address>
         <run_address>0x34c8</run_address>
         <size>0x588</size>
         <input_file_ref idref="fl-f"/>
      </object_component>
      <object_component id="oc-e7">
         <name>.text</name>
         <load_address>0x3a50</load_address>
         <run_address>0x3a50</run_address>
         <size>0x314</size>
         <input_file_ref idref="fl-10"/>
      </object_component>
      <object_component id="oc-f3">
         <name>.text</name>
         <load_address>0x3d64</load_address>
         <run_address>0x3d64</run_address>
         <size>0x2fc</size>
         <input_file_ref idref="fl-11"/>
      </object_component>
      <object_component id="oc-153">
         <name>.text</name>
         <load_address>0x4060</load_address>
         <run_address>0x4060</run_address>
         <size>0x2e0</size>
         <input_file_ref idref="fl-a"/>
      </object_component>
      <object_component id="oc-f9">
         <name>.text</name>
         <load_address>0x4340</load_address>
         <run_address>0x4340</run_address>
         <size>0x2c8</size>
         <input_file_ref idref="fl-16"/>
      </object_component>
      <object_component id="oc-c9">
         <name>.text</name>
         <load_address>0x4608</load_address>
         <run_address>0x4608</run_address>
         <size>0x2c0</size>
         <input_file_ref idref="fl-2"/>
      </object_component>
      <object_component id="oc-db">
         <name>.text</name>
         <load_address>0x48c8</load_address>
         <run_address>0x48c8</run_address>
         <size>0x2bc</size>
         <input_file_ref idref="fl-15"/>
      </object_component>
      <object_component id="oc-9d">
         <name>.text</name>
         <load_address>0x4b84</load_address>
         <run_address>0x4b84</run_address>
         <size>0x27c</size>
         <input_file_ref idref="fl-3"/>
      </object_component>
      <object_component id="oc-105">
         <name>.text</name>
         <load_address>0x4e00</load_address>
         <run_address>0x4e00</run_address>
         <size>0x1fc</size>
         <input_file_ref idref="fl-17"/>
      </object_component>
      <object_component id="oc-46d">
         <name>.text</name>
         <load_address>0x4ffc</load_address>
         <run_address>0x4ffc</run_address>
         <size>0x1f4</size>
         <input_file_ref idref="fl-163"/>
      </object_component>
      <object_component id="oc-ff">
         <name>.text</name>
         <load_address>0x51f0</load_address>
         <run_address>0x51f0</run_address>
         <size>0x1d8</size>
         <input_file_ref idref="fl-1b"/>
      </object_component>
      <object_component id="oc-226">
         <name>.text</name>
         <load_address>0x53c8</load_address>
         <run_address>0x53c8</run_address>
         <size>0x1b6</size>
         <input_file_ref idref="fl-147"/>
      </object_component>
      <object_component id="oc-e1">
         <name>.text</name>
         <load_address>0x5580</load_address>
         <run_address>0x5580</run_address>
         <size>0x1b4</size>
         <input_file_ref idref="fl-8"/>
      </object_component>
      <object_component id="oc-3ac">
         <name>.text</name>
         <load_address>0x5734</load_address>
         <run_address>0x5734</run_address>
         <size>0x148</size>
         <input_file_ref idref="fl-c"/>
      </object_component>
      <object_component id="oc-261">
         <name>.text</name>
         <load_address>0x587c</load_address>
         <run_address>0x587c</run_address>
         <size>0x140</size>
         <input_file_ref idref="fl-13"/>
      </object_component>
      <object_component id="oc-221">
         <name>.text</name>
         <load_address>0x59bc</load_address>
         <run_address>0x59bc</run_address>
         <size>0x136</size>
         <input_file_ref idref="fl-149"/>
      </object_component>
      <object_component id="oc-3e8">
         <name>.text:GPIOPadConfigSet</name>
         <load_address>0x5af2</load_address>
         <run_address>0x5af2</run_address>
         <size>0x130</size>
         <input_file_ref idref="fl-170"/>
      </object_component>
      <object_component id="oc-ed">
         <name>.text</name>
         <load_address>0x5c24</load_address>
         <run_address>0x5c24</run_address>
         <size>0x11c</size>
         <input_file_ref idref="fl-7"/>
      </object_component>
      <object_component id="oc-28f">
         <name>.text</name>
         <load_address>0x5d40</load_address>
         <run_address>0x5d40</run_address>
         <size>0x114</size>
         <input_file_ref idref="fl-e"/>
      </object_component>
      <object_component id="oc-4c8">
         <name>.text</name>
         <load_address>0x5e54</load_address>
         <run_address>0x5e54</run_address>
         <size>0x110</size>
         <input_file_ref idref="fl-165"/>
      </object_component>
      <object_component id="oc-188">
         <name>.text:SysCtlClockGet</name>
         <load_address>0x5f64</load_address>
         <run_address>0x5f64</run_address>
         <size>0x10c</size>
         <input_file_ref idref="fl-173"/>
      </object_component>
      <object_component id="oc-1cc">
         <name>.text</name>
         <load_address>0x6070</load_address>
         <run_address>0x6070</run_address>
         <size>0xfc</size>
         <input_file_ref idref="fl-14a"/>
      </object_component>
      <object_component id="oc-3a6">
         <name>.text</name>
         <load_address>0x616c</load_address>
         <run_address>0x616c</run_address>
         <size>0xe8</size>
         <input_file_ref idref="fl-d"/>
      </object_component>
      <object_component id="oc-4ee">
         <name>.text</name>
         <load_address>0x6254</load_address>
         <run_address>0x6254</run_address>
         <size>0xbe</size>
         <input_file_ref idref="fl-16d"/>
      </object_component>
      <object_component id="oc-33">
         <name>.text</name>
         <load_address>0x6312</load_address>
         <run_address>0x6312</run_address>
         <size>0x9c</size>
         <input_file_ref idref="fl-14f"/>
      </object_component>
      <object_component id="oc-297">
         <name>.text:__aeabi_cdcmple</name>
         <load_address>0x63ae</load_address>
         <run_address>0x63ae</run_address>
         <size>0x86</size>
         <input_file_ref idref="fl-148"/>
      </object_component>
      <object_component id="oc-254">
         <name>.text:__aeabi_cdrcmple</name>
         <load_address>0x6434</load_address>
         <run_address>0x6434</run_address>
         <size>0x86</size>
         <input_file_ref idref="fl-148"/>
      </object_component>
      <object_component id="oc-4c">
         <name>.text</name>
         <load_address>0x64ba</load_address>
         <run_address>0x64ba</run_address>
         <size>0x7a</size>
         <input_file_ref idref="fl-150"/>
      </object_component>
      <object_component id="oc-5e">
         <name>.text</name>
         <load_address>0x6534</load_address>
         <run_address>0x6534</run_address>
         <size>0x6c</size>
         <input_file_ref idref="fl-15a"/>
      </object_component>
      <object_component id="oc-3f">
         <name>.text</name>
         <load_address>0x65a0</load_address>
         <run_address>0x65a0</run_address>
         <size>0x6a</size>
         <input_file_ref idref="fl-144"/>
      </object_component>
      <object_component id="oc-19a">
         <name>.text:IntEnable</name>
         <load_address>0x660c</load_address>
         <run_address>0x660c</run_address>
         <size>0x68</size>
         <input_file_ref idref="fl-171"/>
      </object_component>
      <object_component id="oc-4c0">
         <name>.text</name>
         <load_address>0x6674</load_address>
         <run_address>0x6674</run_address>
         <size>0x66</size>
         <input_file_ref idref="fl-166"/>
      </object_component>
      <object_component id="oc-182">
         <name>.text:TimerConfigure</name>
         <load_address>0x66dc</load_address>
         <run_address>0x66dc</run_address>
         <size>0x60</size>
         <input_file_ref idref="fl-175"/>
      </object_component>
      <object_component id="oc-472">
         <name>.text</name>
         <load_address>0x673c</load_address>
         <run_address>0x673c</run_address>
         <size>0x56</size>
         <input_file_ref idref="fl-160"/>
      </object_component>
      <object_component id="oc-47e">
         <name>.text</name>
         <load_address>0x6792</load_address>
         <run_address>0x6792</run_address>
         <size>0x52</size>
         <input_file_ref idref="fl-15f"/>
      </object_component>
      <object_component id="oc-34b">
         <name>.text:SysCtlPeripheralReset</name>
         <load_address>0x67e4</load_address>
         <run_address>0x67e4</run_address>
         <size>0x50</size>
         <input_file_ref idref="fl-173"/>
      </object_component>
      <object_component id="oc-2af">
         <name>.text:_ADCIntNumberGet</name>
         <load_address>0x6834</load_address>
         <run_address>0x6834</run_address>
         <size>0x50</size>
         <input_file_ref idref="fl-16e"/>
      </object_component>
      <object_component id="oc-24">
         <name>.text</name>
         <load_address>0x6884</load_address>
         <run_address>0x6884</run_address>
         <size>0x50</size>
         <input_file_ref idref="fl-142"/>
      </object_component>
      <object_component id="oc-2c1">
         <name>.text:_TimerIntNumberGet</name>
         <load_address>0x68d4</load_address>
         <run_address>0x68d4</run_address>
         <size>0x4c</size>
         <input_file_ref idref="fl-175"/>
      </object_component>
      <object_component id="oc-496">
         <name>.text</name>
         <load_address>0x6920</load_address>
         <run_address>0x6920</run_address>
         <size>0x4c</size>
         <input_file_ref idref="fl-159"/>
      </object_component>
      <object_component id="oc-95">
         <name>.text</name>
         <load_address>0x696c</load_address>
         <run_address>0x696c</run_address>
         <size>0x4c</size>
         <input_file_ref idref="fl-15b"/>
      </object_component>
      <object_component id="oc-2d4">
         <name>.text:GPIOPinConfigure</name>
         <load_address>0x69b8</load_address>
         <run_address>0x69b8</run_address>
         <size>0x48</size>
         <input_file_ref idref="fl-170"/>
      </object_component>
      <object_component id="oc-35a">
         <name>.text:_QEIIntNumberGet</name>
         <load_address>0x6a00</load_address>
         <run_address>0x6a00</run_address>
         <size>0x48</size>
         <input_file_ref idref="fl-172"/>
      </object_component>
      <object_component id="oc-1d1">
         <name>.text</name>
         <load_address>0x6a48</load_address>
         <run_address>0x6a48</run_address>
         <size>0x48</size>
         <input_file_ref idref="fl-14b"/>
      </object_component>
      <object_component id="oc-159">
         <name>.text</name>
         <load_address>0x6a90</load_address>
         <run_address>0x6a90</run_address>
         <size>0x48</size>
         <input_file_ref idref="fl-14c"/>
      </object_component>
      <object_component id="oc-316">
         <name>.text</name>
         <load_address>0x6ad8</load_address>
         <run_address>0x6ad8</run_address>
         <size>0x48</size>
         <input_file_ref idref="fl-155"/>
      </object_component>
      <object_component id="oc-6a">
         <name>.text</name>
         <load_address>0x6b20</load_address>
         <run_address>0x6b20</run_address>
         <size>0x44</size>
         <input_file_ref idref="fl-146"/>
      </object_component>
      <object_component id="oc-2e0">
         <name>.text:UARTConfigSetExpClk</name>
         <load_address>0x6b64</load_address>
         <run_address>0x6b64</run_address>
         <size>0x42</size>
         <input_file_ref idref="fl-176"/>
      </object_component>
      <object_component id="oc-1c6">
         <name>.text:EEPROMInit</name>
         <load_address>0x6ba8</load_address>
         <run_address>0x6ba8</run_address>
         <size>0x40</size>
         <input_file_ref idref="fl-16f"/>
      </object_component>
      <object_component id="oc-383">
         <name>.text:_GPIOIntNumberGet</name>
         <load_address>0x6be8</load_address>
         <run_address>0x6be8</run_address>
         <size>0x40</size>
         <input_file_ref idref="fl-170"/>
      </object_component>
      <object_component id="oc-3fd">
         <name>.text:_UARTIntNumberGet</name>
         <load_address>0x6c28</load_address>
         <run_address>0x6c28</run_address>
         <size>0x40</size>
         <input_file_ref idref="fl-176"/>
      </object_component>
      <object_component id="oc-531">
         <name>.text</name>
         <load_address>0x6c68</load_address>
         <run_address>0x6c68</run_address>
         <size>0x40</size>
         <input_file_ref idref="fl-16c"/>
      </object_component>
      <object_component id="oc-15e">
         <name>.text</name>
         <load_address>0x6ca8</load_address>
         <run_address>0x6ca8</run_address>
         <size>0x38</size>
         <input_file_ref idref="fl-14d"/>
      </object_component>
      <object_component id="oc-27e">
         <name>.text:IntRegister</name>
         <load_address>0x6ce0</load_address>
         <run_address>0x6ce0</run_address>
         <size>0x34</size>
         <input_file_ref idref="fl-171"/>
      </object_component>
      <object_component id="oc-17c">
         <name>.text:SysCtlPeripheralEnable</name>
         <load_address>0x6d14</load_address>
         <run_address>0x6d14</run_address>
         <size>0x34</size>
         <input_file_ref idref="fl-173"/>
      </object_component>
      <object_component id="oc-4fd">
         <name>.text</name>
         <load_address>0x6d48</load_address>
         <run_address>0x6d48</run_address>
         <size>0x34</size>
         <input_file_ref idref="fl-16a"/>
      </object_component>
      <object_component id="oc-48a">
         <name>.text</name>
         <load_address>0x6d7c</load_address>
         <run_address>0x6d7c</run_address>
         <size>0x30</size>
         <input_file_ref idref="fl-164"/>
      </object_component>
      <object_component id="oc-4ce">
         <name>.text</name>
         <load_address>0x6dac</load_address>
         <run_address>0x6dac</run_address>
         <size>0x30</size>
         <input_file_ref idref="fl-167"/>
      </object_component>
      <object_component id="oc-14e">
         <name>.text</name>
         <load_address>0x6ddc</load_address>
         <run_address>0x6ddc</run_address>
         <size>0x2e</size>
         <input_file_ref idref="fl-14e"/>
      </object_component>
      <object_component id="oc-521">
         <name>.text</name>
         <load_address>0x6e0a</load_address>
         <run_address>0x6e0a</run_address>
         <size>0x2e</size>
         <input_file_ref idref="fl-16b"/>
      </object_component>
      <object_component id="oc-3e2">
         <name>.text:GPIODirModeSet</name>
         <load_address>0x6e38</load_address>
         <run_address>0x6e38</run_address>
         <size>0x2a</size>
         <input_file_ref idref="fl-170"/>
      </object_component>
      <object_component id="oc-478">
         <name>.text</name>
         <load_address>0x6e62</load_address>
         <run_address>0x6e62</run_address>
         <size>0x2a</size>
         <input_file_ref idref="fl-15d"/>
      </object_component>
      <object_component id="oc-133">
         <name>.text:SysTickIntRegister</name>
         <load_address>0x6e8c</load_address>
         <run_address>0x6e8c</run_address>
         <size>0x1c</size>
         <input_file_ref idref="fl-174"/>
      </object_component>
      <object_component id="oc-3ef">
         <name>.text:UARTDisable</name>
         <load_address>0x6ea8</load_address>
         <run_address>0x6ea8</run_address>
         <size>0x1c</size>
         <input_file_ref idref="fl-176"/>
      </object_component>
      <object_component id="oc-490">
         <name>.text</name>
         <load_address>0x6ec4</load_address>
         <run_address>0x6ec4</run_address>
         <size>0x1c</size>
         <input_file_ref idref="fl-161"/>
      </object_component>
      <object_component id="oc-176">
         <name>.text:ADCIntRegister</name>
         <load_address>0x6ee0</load_address>
         <run_address>0x6ee0</run_address>
         <size>0x18</size>
         <input_file_ref idref="fl-16e"/>
      </object_component>
      <object_component id="oc-22f">
         <name>.text:GPIOIntRegister</name>
         <load_address>0x6ef8</load_address>
         <run_address>0x6ef8</run_address>
         <size>0x18</size>
         <input_file_ref idref="fl-170"/>
      </object_component>
      <object_component id="oc-1e6">
         <name>.text:QEIIntRegister</name>
         <load_address>0x6f10</load_address>
         <run_address>0x6f10</run_address>
         <size>0x18</size>
         <input_file_ref idref="fl-172"/>
      </object_component>
      <object_component id="oc-194">
         <name>.text:TimerIntRegister</name>
         <load_address>0x6f28</load_address>
         <run_address>0x6f28</run_address>
         <size>0x18</size>
         <input_file_ref idref="fl-175"/>
      </object_component>
      <object_component id="oc-2e6">
         <name>.text:UARTIntRegister</name>
         <load_address>0x6f40</load_address>
         <run_address>0x6f40</run_address>
         <size>0x18</size>
         <input_file_ref idref="fl-176"/>
      </object_component>
      <object_component id="oc-64">
         <name>.text</name>
         <load_address>0x6f58</load_address>
         <run_address>0x6f58</run_address>
         <size>0x18</size>
         <input_file_ref idref="fl-158"/>
      </object_component>
      <object_component id="oc-484">
         <name>.text</name>
         <load_address>0x6f70</load_address>
         <run_address>0x6f70</run_address>
         <size>0x16</size>
         <input_file_ref idref="fl-162"/>
      </object_component>
      <object_component id="oc-3f5">
         <name>.text:UARTEnable</name>
         <load_address>0x6f86</load_address>
         <run_address>0x6f86</run_address>
         <size>0x14</size>
         <input_file_ref idref="fl-176"/>
      </object_component>
      <object_component id="oc-11c">
         <name>.text</name>
         <load_address>0x6f9c</load_address>
         <run_address>0x6f9c</run_address>
         <size>0x14</size>
         <input_file_ref idref="fl-156"/>
      </object_component>
      <object_component id="oc-31c">
         <name>.text</name>
         <load_address>0x6fb0</load_address>
         <run_address>0x6fb0</run_address>
         <size>0x14</size>
         <input_file_ref idref="fl-153"/>
      </object_component>
      <object_component id="oc-2da">
         <name>.text:GPIOPinTypeUART</name>
         <load_address>0x6fc4</load_address>
         <run_address>0x6fc4</run_address>
         <size>0x12</size>
         <input_file_ref idref="fl-170"/>
      </object_component>
      <object_component id="oc-18e">
         <name>.text:TimerLoadSet</name>
         <load_address>0x6fd6</load_address>
         <run_address>0x6fd6</run_address>
         <size>0x12</size>
         <input_file_ref idref="fl-175"/>
      </object_component>
      <object_component id="oc-139">
         <name>.text:IntMasterDisable</name>
         <load_address>0x6fe8</load_address>
         <run_address>0x6fe8</run_address>
         <size>0x10</size>
         <input_file_ref idref="fl-171"/>
      </object_component>
      <object_component id="oc-345">
         <name>.text:_EEPROMWaitForDone</name>
         <load_address>0x6ff8</load_address>
         <run_address>0x6ff8</run_address>
         <size>0x10</size>
         <input_file_ref idref="fl-16f"/>
      </object_component>
      <object_component id="oc-241">
         <name>.text:GPIOIntStatus</name>
         <load_address>0x7008</load_address>
         <run_address>0x7008</run_address>
         <size>0xe</size>
         <input_file_ref idref="fl-170"/>
      </object_component>
      <object_component id="oc-1ac">
         <name>.text:TimerEnable</name>
         <load_address>0x7016</load_address>
         <run_address>0x7016</run_address>
         <size>0xe</size>
         <input_file_ref idref="fl-175"/>
      </object_component>
      <object_component id="oc-304">
         <name>.text:UARTCharPutNonBlocking</name>
         <load_address>0x7024</load_address>
         <run_address>0x7024</run_address>
         <size>0xe</size>
         <input_file_ref idref="fl-176"/>
      </object_component>
      <object_component id="oc-12">
         <name>.text:decompress:none</name>
         <load_address>0x7032</load_address>
         <run_address>0x7032</run_address>
         <size>0xe</size>
         <input_file_ref idref="fl-143"/>
      </object_component>
      <object_component id="oc-286">
         <name>.text:CPUcpsid</name>
         <load_address>0x7040</load_address>
         <run_address>0x7040</run_address>
         <size>0xc</size>
         <input_file_ref idref="fl-177"/>
      </object_component>
      <object_component id="oc-235">
         <name>.text:GPIOIntEnable</name>
         <load_address>0x704c</load_address>
         <run_address>0x704c</run_address>
         <size>0xc</size>
         <input_file_ref idref="fl-170"/>
      </object_component>
      <object_component id="oc-310">
         <name>.text:UARTCharsAvail</name>
         <load_address>0x7058</load_address>
         <run_address>0x7058</run_address>
         <size>0xc</size>
         <input_file_ref idref="fl-176"/>
      </object_component>
      <object_component id="oc-2f2">
         <name>.text:UARTTxIntModeSet</name>
         <load_address>0x7064</load_address>
         <run_address>0x7064</run_address>
         <size>0xc</size>
         <input_file_ref idref="fl-176"/>
      </object_component>
      <object_component id="oc-1e">
         <name>.text:decompress:ZI</name>
         <load_address>0x7070</load_address>
         <run_address>0x7070</run_address>
         <size>0xc</size>
         <input_file_ref idref="fl-145"/>
      </object_component>
      <object_component id="oc-2a">
         <name>.text</name>
         <load_address>0x707c</load_address>
         <run_address>0x707c</run_address>
         <size>0xc</size>
         <input_file_ref idref="fl-4"/>
      </object_component>
      <object_component id="oc-148">
         <name>.text</name>
         <load_address>0x7088</load_address>
         <run_address>0x7088</run_address>
         <size>0xa</size>
         <input_file_ref idref="fl-9"/>
      </object_component>
      <object_component id="oc-30a">
         <name>.text:UARTCharGet</name>
         <load_address>0x7092</load_address>
         <run_address>0x7092</run_address>
         <size>0xa</size>
         <input_file_ref idref="fl-176"/>
      </object_component>
      <object_component id="oc-2f8">
         <name>.text:UARTIntStatus</name>
         <load_address>0x709c</load_address>
         <run_address>0x709c</run_address>
         <size>0xa</size>
         <input_file_ref idref="fl-176"/>
      </object_component>
      <object_component id="oc-1a0">
         <name>.text:TimerIntEnable</name>
         <load_address>0x70a6</load_address>
         <run_address>0x70a6</run_address>
         <size>0x8</size>
         <input_file_ref idref="fl-175"/>
      </object_component>
      <object_component id="oc-2ec">
         <name>.text:UARTIntEnable</name>
         <load_address>0x70ae</load_address>
         <run_address>0x70ae</run_address>
         <size>0x8</size>
         <input_file_ref idref="fl-176"/>
      </object_component>
      <object_component id="oc-23b">
         <name>.text:GPIOIntClear</name>
         <load_address>0x70b6</load_address>
         <run_address>0x70b6</run_address>
         <size>0x6</size>
         <input_file_ref idref="fl-170"/>
      </object_component>
      <object_component id="oc-c3">
         <name>.text:GPIOPinRead</name>
         <load_address>0x70bc</load_address>
         <run_address>0x70bc</run_address>
         <size>0x6</size>
         <input_file_ref idref="fl-170"/>
      </object_component>
      <object_component id="oc-344">
         <name>.text:SysCtlDelay</name>
         <load_address>0x70c2</load_address>
         <run_address>0x70c2</run_address>
         <size>0x6</size>
         <input_file_ref idref="fl-173"/>
      </object_component>
      <object_component id="oc-18">
         <name>.text:decompress:rle24</name>
         <load_address>0x70c8</load_address>
         <run_address>0x70c8</run_address>
         <size>0x6</size>
         <input_file_ref idref="fl-144"/>
      </object_component>
      <object_component id="oc-1a6">
         <name>.text:TimerIntClear</name>
         <load_address>0x70ce</load_address>
         <run_address>0x70ce</run_address>
         <size>0x4</size>
         <input_file_ref idref="fl-175"/>
      </object_component>
      <object_component id="oc-2fe">
         <name>.text:UARTIntClear</name>
         <load_address>0x70d2</load_address>
         <run_address>0x70d2</run_address>
         <size>0x4</size>
         <input_file_ref idref="fl-176"/>
      </object_component>
      <object_component id="oc-58">
         <name>.text</name>
         <load_address>0x70d6</load_address>
         <run_address>0x70d6</run_address>
         <size>0x4</size>
         <input_file_ref idref="fl-151"/>
      </object_component>
      <object_component id="oc-4dc">
         <name>.const:.string:_ctypes_</name>
         <load_address>0x70dc</load_address>
         <run_address>0x70dc</run_address>
         <size>0x101</size>
         <input_file_ref idref="fl-15c"/>
      </object_component>
      <object_component id="oc-439">
         <name>.const:g_ppui32GPIOIntMapBlizzard</name>
         <load_address>0x71e0</load_address>
         <run_address>0x71e0</run_address>
         <size>0xc0</size>
         <input_file_ref idref="fl-170"/>
      </object_component>
      <object_component id="oc-43c">
         <name>.const:g_ppui32GPIOIntMapSnowflake</name>
         <load_address>0x72a0</load_address>
         <run_address>0x72a0</run_address>
         <size>0xc0</size>
         <input_file_ref idref="fl-170"/>
      </object_component>
      <object_component id="oc-3de">
         <name>.const:g_pui32GPIOBaseAddrs</name>
         <load_address>0x7360</load_address>
         <run_address>0x7360</run_address>
         <size>0x90</size>
         <input_file_ref idref="fl-170"/>
      </object_component>
      <object_component id="oc-2c8">
         <name>.const</name>
         <load_address>0x73f0</load_address>
         <run_address>0x73f0</run_address>
         <size>0x70</size>
         <input_file_ref idref="fl-171"/>
      </object_component>
      <object_component id="oc-2bc">
         <name>.const:g_pui32Xtals</name>
         <load_address>0x7460</load_address>
         <run_address>0x7460</run_address>
         <size>0x6c</size>
         <input_file_ref idref="fl-173"/>
      </object_component>
      <object_component id="oc-3d3">
         <name>.const:g_ppui32TimerIntMap</name>
         <load_address>0x74cc</load_address>
         <run_address>0x74cc</run_address>
         <size>0x60</size>
         <input_file_ref idref="fl-175"/>
      </object_component>
      <object_component id="oc-3d6">
         <name>.const:g_ppui32TimerIntMapSnowflake</name>
         <load_address>0x752c</load_address>
         <run_address>0x752c</run_address>
         <size>0x40</size>
         <input_file_ref idref="fl-175"/>
      </object_component>
      <object_component id="oc-466">
         <name>.const:g_ppui32UARTIntMap</name>
         <load_address>0x756c</load_address>
         <run_address>0x756c</run_address>
         <size>0x40</size>
         <input_file_ref idref="fl-176"/>
      </object_component>
      <object_component id="oc-469">
         <name>.const:g_ppui32UARTIntMapSnowflake</name>
         <load_address>0x75ac</load_address>
         <run_address>0x75ac</run_address>
         <size>0x40</size>
         <input_file_ref idref="fl-176"/>
      </object_component>
      <object_component id="oc-21a">
         <name>.const</name>
         <load_address>0x75ec</load_address>
         <run_address>0x75ec</run_address>
         <size>0x20</size>
         <input_file_ref idref="fl-16"/>
      </object_component>
      <object_component id="oc-444">
         <name>.const</name>
         <load_address>0x760c</load_address>
         <run_address>0x760c</run_address>
         <size>0x4</size>
         <input_file_ref idref="fl-d"/>
      </object_component>
      <object_component id="oc-578">
         <name>.cinit..data.load</name>
         <load_address>0x7610</load_address>
         <run_address>0x7610</run_address>
         <size>0xf9</size>
      </object_component>
      <object_component id="oc-575">
         <name>__TI_handler_table</name>
         <load_address>0x770c</load_address>
         <run_address>0x770c</run_address>
         <size>0xc</size>
      </object_component>
      <object_component id="oc-579">
         <name>.cinit..bss.load</name>
         <load_address>0x7718</load_address>
         <run_address>0x7718</run_address>
         <size>0x8</size>
      </object_component>
      <object_component id="oc-577">
         <name>.cinit..vtable.load</name>
         <load_address>0x7720</load_address>
         <run_address>0x7720</run_address>
         <size>0x8</size>
      </object_component>
      <object_component id="oc-576">
         <name>__TI_cinit_table</name>
         <load_address>0x7728</load_address>
         <run_address>0x7728</run_address>
         <size>0x18</size>
      </object_component>
      <object_component id="oc-39f">
         <name>.vtable</name>
         <uninitialized>true</uninitialized>
         <run_address>0x20000000</run_address>
         <size>0x26c</size>
         <input_file_ref idref="fl-171"/>
      </object_component>
      <object_component id="oc-29">
         <name>.stack</name>
         <uninitialized>true</uninitialized>
         <run_address>0x2000026c</run_address>
         <size>0x0</size>
         <input_file_ref idref="fl-142"/>
      </object_component>
      <object_component id="oc-57a">
         <name>.stack</name>
         <uninitialized>true</uninitialized>
         <run_address>0x2000026c</run_address>
         <size>0x0</size>
      </object_component>
      <object_component id="oc-1dd">
         <name>.bss:timer_event_list</name>
         <uninitialized>true</uninitialized>
         <run_address>0x20001e28</run_address>
         <size>0x50</size>
         <input_file_ref idref="fl-8"/>
      </object_component>
      <object_component id="oc-211">
         <name>.bss:rcvMsg</name>
         <uninitialized>true</uninitialized>
         <run_address>0x20001eac</run_address>
         <size>0x34</size>
         <input_file_ref idref="fl-11"/>
      </object_component>
      <object_component id="oc-20e">
         <name>.bss:data</name>
         <uninitialized>true</uninitialized>
         <run_address>0x20001e78</run_address>
         <size>0x34</size>
         <input_file_ref idref="fl-11"/>
      </object_component>
      <object_component id="oc-32e">
         <name>.bss:rxBuffer</name>
         <uninitialized>true</uninitialized>
         <run_address>0x20001270</run_address>
         <size>0x5dc</size>
         <input_file_ref idref="fl-18"/>
      </object_component>
      <object_component id="oc-326">
         <name>.bss:txBuffer</name>
         <uninitialized>true</uninitialized>
         <run_address>0x2000184c</run_address>
         <size>0x5dc</size>
         <input_file_ref idref="fl-18"/>
      </object_component>
      <object_component id="oc-1f9">
         <name>.common:avrSpeed</name>
         <uninitialized>true</uninitialized>
         <run_address>0x20001fa8</run_address>
         <size>0x4</size>
      </object_component>
      <object_component id="oc-3b6">
         <name>.common:rtInf</name>
         <uninitialized>true</uninitialized>
         <run_address>0x20001f80</run_address>
         <size>0x8</size>
      </object_component>
      <object_component id="oc-3b8">
         <name>.common:rtMinusInf</name>
         <uninitialized>true</uninitialized>
         <run_address>0x20001f88</run_address>
         <size>0x8</size>
      </object_component>
      <object_component id="oc-3b2">
         <name>.common:rtNaN</name>
         <uninitialized>true</uninitialized>
         <run_address>0x20001f90</run_address>
         <size>0x8</size>
      </object_component>
      <object_component id="oc-3b7">
         <name>.common:rtInfF</name>
         <uninitialized>true</uninitialized>
         <run_address>0x20001fc0</run_address>
         <size>0x4</size>
      </object_component>
      <object_component id="oc-3b9">
         <name>.common:rtMinusInfF</name>
         <uninitialized>true</uninitialized>
         <run_address>0x20001fc4</run_address>
         <size>0x4</size>
      </object_component>
      <object_component id="oc-3b5">
         <name>.common:rtNaNF</name>
         <uninitialized>true</uninitialized>
         <run_address>0x20001fc8</run_address>
         <size>0x4</size>
      </object_component>
      <object_component id="oc-16c">
         <name>.common:Theta</name>
         <uninitialized>true</uninitialized>
         <run_address>0x20001ee0</run_address>
         <size>0x20</size>
      </object_component>
      <object_component id="oc-16f">
         <name>.common:Theta2</name>
         <uninitialized>true</uninitialized>
         <run_address>0x20001f00</run_address>
         <size>0x20</size>
      </object_component>
      <object_component id="oc-1ef">
         <name>.common:qei_velocity_timeout</name>
         <uninitialized>true</uninitialized>
         <run_address>0x20001fbc</run_address>
         <size>0x4</size>
      </object_component>
      <object_component id="oc-20d">
         <name>.common:len</name>
         <uninitialized>true</uninitialized>
         <run_address>0x20001fb8</run_address>
         <size>0x4</size>
      </object_component>
      <object_component id="oc-209">
         <name>.common:x</name>
         <uninitialized>true</uninitialized>
         <run_address>0x20001fe4</run_address>
         <size>0x4</size>
      </object_component>
      <object_component id="oc-20a">
         <name>.common:y</name>
         <uninitialized>true</uninitialized>
         <run_address>0x20001ff0</run_address>
         <size>0x4</size>
      </object_component>
      <object_component id="oc-20b">
         <name>.common:x_dest</name>
         <uninitialized>true</uninitialized>
         <run_address>0x20001fe8</run_address>
         <size>0x4</size>
      </object_component>
      <object_component id="oc-20c">
         <name>.common:y_dest</name>
         <uninitialized>true</uninitialized>
         <run_address>0x20001ff4</run_address>
         <size>0x4</size>
      </object_component>
      <object_component id="oc-205">
         <name>.common:angle</name>
         <uninitialized>true</uninitialized>
         <run_address>0x20001fa0</run_address>
         <size>0x4</size>
      </object_component>
      <object_component id="oc-208">
         <name>.common:angle_2</name>
         <uninitialized>true</uninitialized>
         <run_address>0x20001fa4</run_address>
         <size>0x4</size>
      </object_component>
      <object_component id="oc-270">
         <name>.common:x_temp</name>
         <uninitialized>true</uninitialized>
         <run_address>0x20001fec</run_address>
         <size>0x4</size>
      </object_component>
      <object_component id="oc-267">
         <name>.common:avrSpeed</name>
         <uninitialized>true</uninitialized>
         <run_address>0x20001fac</run_address>
         <size>0x4</size>
      </object_component>
      <object_component id="oc-260">
         <name>.common:vt$1</name>
         <uninitialized>true</uninitialized>
         <run_address>0x20001fdc</run_address>
         <size>0x4</size>
      </object_component>
      <object_component id="oc-25f">
         <name>.common:vp$2</name>
         <uninitialized>true</uninitialized>
         <run_address>0x20001fd4</run_address>
         <size>0x4</size>
      </object_component>
      <object_component id="oc-26b">
         <name>.common:vt$3</name>
         <uninitialized>true</uninitialized>
         <run_address>0x20001fe0</run_address>
         <size>0x4</size>
      </object_component>
      <object_component id="oc-26a">
         <name>.common:vp$4</name>
         <uninitialized>true</uninitialized>
         <run_address>0x20001fd8</run_address>
         <size>0x4</size>
      </object_component>
      <object_component id="oc-26c">
         <name>.common:e$5</name>
         <uninitialized>true</uninitialized>
         <run_address>0x20001fb0</run_address>
         <size>0x4</size>
      </object_component>
      <object_component id="oc-26d">
         <name>.common:u$6</name>
         <uninitialized>true</uninitialized>
         <run_address>0x20001fcc</run_address>
         <size>0x4</size>
      </object_component>
      <object_component id="oc-26e">
         <name>.common:e$7</name>
         <uninitialized>true</uninitialized>
         <run_address>0x20001fb4</run_address>
         <size>0x4</size>
      </object_component>
      <object_component id="oc-26f">
         <name>.common:u$8</name>
         <uninitialized>true</uninitialized>
         <run_address>0x20001fd0</run_address>
         <size>0x4</size>
      </object_component>
      <object_component id="oc-1bf">
         <name>.common:ir_calib_values</name>
         <uninitialized>true</uninitialized>
         <run_address>0x20001f20</run_address>
         <size>0x20</size>
      </object_component>
      <object_component id="oc-1b5">
         <name>.common:IR_Result</name>
         <uninitialized>true</uninitialized>
         <run_address>0x20001f54</run_address>
         <size>0x10</size>
      </object_component>
      <object_component id="oc-1b8">
         <name>.common:IR_ResultTmp</name>
         <uninitialized>true</uninitialized>
         <run_address>0x20001f64</run_address>
         <size>0x10</size>
      </object_component>
      <object_component id="oc-247">
         <name>.common:Button_right_callback</name>
         <uninitialized>true</uninitialized>
         <run_address>0x20001f9c</run_address>
         <size>0x4</size>
      </object_component>
      <object_component id="oc-24a">
         <name>.common:Button_left_callback</name>
         <uninitialized>true</uninitialized>
         <run_address>0x20001f98</run_address>
         <size>0x4</size>
      </object_component>
      <object_component id="oc-32c">
         <name>.common:rxHead</name>
         <uninitialized>true</uninitialized>
         <run_address>0x20001ff8</run_address>
         <size>0x2</size>
      </object_component>
      <object_component id="oc-32d">
         <name>.common:rxTail</name>
         <uninitialized>true</uninitialized>
         <run_address>0x20001ffa</run_address>
         <size>0x2</size>
      </object_component>
      <object_component id="oc-325">
         <name>.common:txHead</name>
         <uninitialized>true</uninitialized>
         <run_address>0x20001ffc</run_address>
         <size>0x2</size>
      </object_component>
      <object_component id="oc-322">
         <name>.common:txTail</name>
         <uninitialized>true</uninitialized>
         <run_address>0x20001ffe</run_address>
         <size>0x2</size>
      </object_component>
      <object_component id="oc-332">
         <name>.common:hc05_SystemInfoType</name>
         <uninitialized>true</uninitialized>
         <run_address>0x20002002</run_address>
         <size>0x1</size>
      </object_component>
      <object_component id="oc-333">
         <name>.common:hc05_SystemInfoID</name>
         <uninitialized>true</uninitialized>
         <run_address>0x20002001</run_address>
         <size>0x1</size>
      </object_component>
      <object_component id="oc-338">
         <name>.common:hc05_Timer_ID</name>
         <uninitialized>true</uninitialized>
         <run_address>0x20002003</run_address>
         <size>0x1</size>
      </object_component>
      <object_component id="oc-337">
         <name>.common:hc05_EvtQueue</name>
         <uninitialized>true</uninitialized>
         <run_address>0x20001f74</run_address>
         <size>0xc</size>
      </object_component>
      <object_component id="oc-336">
         <name>.common:hc05_evt_w_index</name>
         <uninitialized>true</uninitialized>
         <run_address>0x20002005</run_address>
         <size>0x1</size>
      </object_component>
      <object_component id="oc-335">
         <name>.common:hc05_evt_r_index</name>
         <uninitialized>true</uninitialized>
         <run_address>0x20002004</run_address>
         <size>0x1</size>
      </object_component>
      <object_component id="oc-334">
         <name>.common:hc05_IsEvtQueueFull</name>
         <uninitialized>true</uninitialized>
         <run_address>0x20002000</run_address>
         <size>0x1</size>
      </object_component>
      <object_component id="oc-331">
         <name>.common:HC05_Notify_Callbacks</name>
         <uninitialized>true</uninitialized>
         <run_address>0x20001f40</run_address>
         <size>0x14</size>
      </object_component>
      <object_component id="oc-13f">
         <name>.data</name>
         <load_address>0x20002390</load_address>
         <run_address>0x20002390</run_address>
         <size>0xc</size>
         <input_file_ref idref="fl-2"/>
      </object_component>
      <object_component id="oc-111">
         <name>.data</name>
         <load_address>0x2000228f</load_address>
         <run_address>0x2000228f</run_address>
         <size>0x1</size>
         <input_file_ref idref="fl-3"/>
      </object_component>
      <object_component id="oc-1f3">
         <name>.data</name>
         <load_address>0x2000236c</load_address>
         <run_address>0x2000236c</run_address>
         <size>0x16</size>
         <input_file_ref idref="fl-7"/>
      </object_component>
      <object_component id="oc-1f6">
         <name>.data:pid_wall_left</name>
         <load_address>0x20002328</load_address>
         <run_address>0x20002328</run_address>
         <size>0x28</size>
         <input_file_ref idref="fl-7"/>
      </object_component>
      <object_component id="oc-29c">
         <name>.data</name>
         <load_address>0x200022d0</load_address>
         <run_address>0x200022d0</run_address>
         <size>0x30</size>
         <input_file_ref idref="fl-a"/>
      </object_component>
      <object_component id="oc-2a6">
         <name>.data</name>
         <load_address>0x20002290</load_address>
         <run_address>0x20002290</run_address>
         <size>0x40</size>
         <input_file_ref idref="fl-b"/>
      </object_component>
      <object_component id="oc-2a7">
         <name>.data:P_$3</name>
         <load_address>0x200020b8</load_address>
         <run_address>0x200020b8</run_address>
         <size>0x80</size>
         <input_file_ref idref="fl-b"/>
      </object_component>
      <object_component id="oc-2a8">
         <name>.data:P_$6</name>
         <load_address>0x20002138</load_address>
         <run_address>0x20002138</run_address>
         <size>0x80</size>
         <input_file_ref idref="fl-b"/>
      </object_component>
      <object_component id="oc-169">
         <name>.data</name>
         <load_address>0x20002238</load_address>
         <run_address>0x20002238</run_address>
         <size>0x55</size>
         <input_file_ref idref="fl-f"/>
      </object_component>
      <object_component id="oc-1ec">
         <name>.data</name>
         <load_address>0x2000239c</load_address>
         <run_address>0x2000239c</run_address>
         <size>0x8</size>
         <input_file_ref idref="fl-10"/>
      </object_component>
      <object_component id="oc-202">
         <name>.data</name>
         <load_address>0x20002384</load_address>
         <run_address>0x20002384</run_address>
         <size>0xc</size>
         <input_file_ref idref="fl-11"/>
      </object_component>
      <object_component id="oc-25c">
         <name>.data:pid_ImgProcessParam</name>
         <load_address>0x20002300</load_address>
         <run_address>0x20002300</run_address>
         <size>0x28</size>
         <input_file_ref idref="fl-12"/>
      </object_component>
      <object_component id="oc-259">
         <name>.data</name>
         <load_address>0x20002350</load_address>
         <run_address>0x20002350</run_address>
         <size>0x1c</size>
         <input_file_ref idref="fl-12"/>
      </object_component>
      <object_component id="oc-1b2">
         <name>.data</name>
         <load_address>0x20002382</load_address>
         <run_address>0x20002382</run_address>
         <size>0x2</size>
         <input_file_ref idref="fl-14"/>
      </object_component>
      <object_component id="oc-21d">
         <name>.data</name>
         <load_address>0x200023c1</load_address>
         <run_address>0x200023c1</run_address>
         <size>0x5</size>
         <input_file_ref idref="fl-16"/>
      </object_component>
      <object_component id="oc-24b">
         <name>.data</name>
         <load_address>0x2000228d</load_address>
         <run_address>0x2000228d</run_address>
         <size>0x2</size>
         <input_file_ref idref="fl-17"/>
      </object_component>
      <object_component id="oc-329">
         <name>.data</name>
         <load_address>0x200023c6</load_address>
         <run_address>0x200023c6</run_address>
         <size>0x4</size>
         <input_file_ref idref="fl-18"/>
      </object_component>
      <object_component id="oc-22b">
         <name>.data</name>
         <load_address>0x200023bc</load_address>
         <run_address>0x200023bc</run_address>
         <size>0x5</size>
         <input_file_ref idref="fl-1b"/>
      </object_component>
      <object_component id="oc-a8">
         <name>.data</name>
         <load_address>0x200023ac</load_address>
         <run_address>0x200023ac</run_address>
         <size>0x8</size>
         <input_file_ref idref="fl-146"/>
      </object_component>
      <object_component id="oc-70">
         <name>.data</name>
         <load_address>0x200023d0</load_address>
         <run_address>0x200023d0</run_address>
         <size>0x4</size>
         <input_file_ref idref="fl-152"/>
      </object_component>
      <object_component id="oc-a5">
         <name>.data</name>
         <load_address>0x200023a4</load_address>
         <run_address>0x200023a4</run_address>
         <size>0x8</size>
         <input_file_ref idref="fl-156"/>
      </object_component>
      <object_component id="oc-4f8">
         <name>.data</name>
         <load_address>0x200021b8</load_address>
         <run_address>0x200021b8</run_address>
         <size>0x80</size>
         <input_file_ref idref="fl-168"/>
      </object_component>
      <object_component id="oc-503">
         <name>.data</name>
         <load_address>0x200023cc</load_address>
         <run_address>0x200023cc</run_address>
         <size>0x4</size>
         <input_file_ref idref="fl-169"/>
      </object_component>
      <object_component id="oc-527">
         <name>.data</name>
         <load_address>0x200023b4</load_address>
         <run_address>0x200023b4</run_address>
         <size>0x8</size>
         <input_file_ref idref="fl-16a"/>
      </object_component>
      <object_component id="oc-542">
         <name>.data:sigtable</name>
         <load_address>0x20002008</load_address>
         <run_address>0x20002008</run_address>
         <size>0xb0</size>
         <input_file_ref idref="fl-16c"/>
      </object_component>
      <object_component id="oc-359">
         <name>.debug_info</name>
         <load_address>0x0</load_address>
         <run_address>0x0</run_address>
         <size>0x246</size>
         <input_file_ref idref="fl-2"/>
      </object_component>
      <object_component id="oc-140">
         <name>.debug_info</name>
         <load_address>0x246</load_address>
         <run_address>0x246</run_address>
         <size>0x130</size>
         <input_file_ref idref="fl-2"/>
      </object_component>
      <object_component id="oc-ca">
         <name>.debug_info</name>
         <load_address>0x376</load_address>
         <run_address>0x376</run_address>
         <size>0x71f</size>
         <input_file_ref idref="fl-2"/>
      </object_component>
      <object_component id="oc-143">
         <name>.debug_info</name>
         <load_address>0xa95</load_address>
         <run_address>0xa95</run_address>
         <size>0x99</size>
         <input_file_ref idref="fl-2"/>
      </object_component>
      <object_component id="oc-1c1">
         <name>.debug_info</name>
         <load_address>0xb2e</load_address>
         <run_address>0xb2e</run_address>
         <size>0x147</size>
         <input_file_ref idref="fl-2"/>
      </object_component>
      <object_component id="oc-33f">
         <name>.debug_info</name>
         <load_address>0xc75</load_address>
         <run_address>0xc75</run_address>
         <size>0x14a</size>
         <input_file_ref idref="fl-2"/>
      </object_component>
      <object_component id="oc-24f">
         <name>.debug_info</name>
         <load_address>0xdbf</load_address>
         <run_address>0xdbf</run_address>
         <size>0x51</size>
         <input_file_ref idref="fl-2"/>
      </object_component>
      <object_component id="oc-171">
         <name>.debug_info</name>
         <load_address>0xe10</load_address>
         <run_address>0xe10</run_address>
         <size>0x48</size>
         <input_file_ref idref="fl-2"/>
      </object_component>
      <object_component id="oc-1fd">
         <name>.debug_info</name>
         <load_address>0xe58</load_address>
         <run_address>0xe58</run_address>
         <size>0xeb</size>
         <input_file_ref idref="fl-2"/>
      </object_component>
      <object_component id="oc-215">
         <name>.debug_info</name>
         <load_address>0xf43</load_address>
         <run_address>0xf43</run_address>
         <size>0x63</size>
         <input_file_ref idref="fl-2"/>
      </object_component>
      <object_component id="oc-29e">
         <name>.debug_info</name>
         <load_address>0xfa6</load_address>
         <run_address>0xfa6</run_address>
         <size>0x326</size>
         <input_file_ref idref="fl-2"/>
      </object_component>
      <object_component id="oc-44d">
         <name>.debug_info</name>
         <load_address>0x12cc</load_address>
         <run_address>0x12cc</run_address>
         <size>0x136</size>
         <input_file_ref idref="fl-2"/>
      </object_component>
      <object_component id="oc-36a">
         <name>.debug_info</name>
         <load_address>0x1402</load_address>
         <run_address>0x1402</run_address>
         <size>0xfe</size>
         <input_file_ref idref="fl-2"/>
      </object_component>
      <object_component id="oc-432">
         <name>.debug_info</name>
         <load_address>0x1500</load_address>
         <run_address>0x1500</run_address>
         <size>0x5e</size>
         <input_file_ref idref="fl-2"/>
      </object_component>
      <object_component id="oc-b0">
         <name>.debug_info</name>
         <load_address>0x155e</load_address>
         <run_address>0x155e</run_address>
         <size>0x8b</size>
         <input_file_ref idref="fl-2"/>
      </object_component>
      <object_component id="oc-1e1">
         <name>.debug_info</name>
         <load_address>0x15e9</load_address>
         <run_address>0x15e9</run_address>
         <size>0x39</size>
         <input_file_ref idref="fl-2"/>
      </object_component>
      <object_component id="oc-7c">
         <name>.debug_info</name>
         <load_address>0x1622</load_address>
         <run_address>0x1622</run_address>
         <size>0x18b</size>
         <input_file_ref idref="fl-2"/>
      </object_component>
      <object_component id="oc-8c">
         <name>.debug_info</name>
         <load_address>0x17ad</load_address>
         <run_address>0x17ad</run_address>
         <size>0x2c</size>
         <input_file_ref idref="fl-2"/>
      </object_component>
      <object_component id="oc-33a">
         <name>.debug_info</name>
         <load_address>0x17d9</load_address>
         <run_address>0x17d9</run_address>
         <size>0x4e</size>
         <input_file_ref idref="fl-2"/>
      </object_component>
      <object_component id="oc-112">
         <name>.debug_info</name>
         <load_address>0x1827</load_address>
         <run_address>0x1827</run_address>
         <size>0xdb</size>
         <input_file_ref idref="fl-3"/>
      </object_component>
      <object_component id="oc-9e">
         <name>.debug_info</name>
         <load_address>0x1902</load_address>
         <run_address>0x1902</run_address>
         <size>0x554</size>
         <input_file_ref idref="fl-3"/>
      </object_component>
      <object_component id="oc-32">
         <name>.debug_info</name>
         <load_address>0x1e56</load_address>
         <run_address>0x1e56</run_address>
         <size>0xfb</size>
         <input_file_ref idref="fl-4"/>
      </object_component>
      <object_component id="oc-10">
         <name>.debug_info</name>
         <load_address>0x1f51</load_address>
         <run_address>0x1f51</run_address>
         <size>0xe0</size>
         <input_file_ref idref="fl-4"/>
      </object_component>
      <object_component id="oc-2b">
         <name>.debug_info</name>
         <load_address>0x2031</load_address>
         <run_address>0x2031</run_address>
         <size>0x1f4</size>
         <input_file_ref idref="fl-4"/>
      </object_component>
      <object_component id="oc-77">
         <name>.debug_info</name>
         <load_address>0x2225</load_address>
         <run_address>0x2225</run_address>
         <size>0x84</size>
         <input_file_ref idref="fl-4"/>
      </object_component>
      <object_component id="oc-1fa">
         <name>.debug_info</name>
         <load_address>0x22a9</load_address>
         <run_address>0x22a9</run_address>
         <size>0x2d0</size>
         <input_file_ref idref="fl-7"/>
      </object_component>
      <object_component id="oc-1f4">
         <name>.debug_info</name>
         <load_address>0x2579</load_address>
         <run_address>0x2579</run_address>
         <size>0x22b</size>
         <input_file_ref idref="fl-7"/>
      </object_component>
      <object_component id="oc-1f7">
         <name>.debug_info</name>
         <load_address>0x27a4</load_address>
         <run_address>0x27a4</run_address>
         <size>0xec</size>
         <input_file_ref idref="fl-7"/>
      </object_component>
      <object_component id="oc-ee">
         <name>.debug_info</name>
         <load_address>0x2890</load_address>
         <run_address>0x2890</run_address>
         <size>0x687</size>
         <input_file_ref idref="fl-7"/>
      </object_component>
      <object_component id="oc-358">
         <name>.debug_info</name>
         <load_address>0x2f17</load_address>
         <run_address>0x2f17</run_address>
         <size>0x166</size>
         <input_file_ref idref="fl-8"/>
      </object_component>
      <object_component id="oc-1de">
         <name>.debug_info</name>
         <load_address>0x307d</load_address>
         <run_address>0x307d</run_address>
         <size>0xe7</size>
         <input_file_ref idref="fl-8"/>
      </object_component>
      <object_component id="oc-e5">
         <name>.debug_info</name>
         <load_address>0x3164</load_address>
         <run_address>0x3164</run_address>
         <size>0x34e</size>
         <input_file_ref idref="fl-8"/>
      </object_component>
      <object_component id="oc-426">
         <name>.debug_info</name>
         <load_address>0x34b2</load_address>
         <run_address>0x34b2</run_address>
         <size>0x6b</size>
         <input_file_ref idref="fl-8"/>
      </object_component>
      <object_component id="oc-149">
         <name>.debug_info</name>
         <load_address>0x351d</load_address>
         <run_address>0x351d</run_address>
         <size>0x15c</size>
         <input_file_ref idref="fl-9"/>
      </object_component>
      <object_component id="oc-3bb">
         <name>.debug_info</name>
         <load_address>0x3679</load_address>
         <run_address>0x3679</run_address>
         <size>0x46</size>
         <input_file_ref idref="fl-9"/>
      </object_component>
      <object_component id="oc-2a3">
         <name>.debug_info</name>
         <load_address>0x36bf</load_address>
         <run_address>0x36bf</run_address>
         <size>0x110</size>
         <input_file_ref idref="fl-a"/>
      </object_component>
      <object_component id="oc-155">
         <name>.debug_info</name>
         <load_address>0x37cf</load_address>
         <run_address>0x37cf</run_address>
         <size>0x592</size>
         <input_file_ref idref="fl-a"/>
      </object_component>
      <object_component id="oc-2aa">
         <name>.debug_info</name>
         <load_address>0x3d61</load_address>
         <run_address>0x3d61</run_address>
         <size>0x149</size>
         <input_file_ref idref="fl-b"/>
      </object_component>
      <object_component id="oc-164">
         <name>.debug_info</name>
         <load_address>0x3eaa</load_address>
         <run_address>0x3eaa</run_address>
         <size>0x83c</size>
         <input_file_ref idref="fl-b"/>
      </object_component>
      <object_component id="oc-4b8">
         <name>.debug_info</name>
         <load_address>0x46e6</load_address>
         <run_address>0x46e6</run_address>
         <size>0xc4</size>
         <input_file_ref idref="fl-c"/>
      </object_component>
      <object_component id="oc-3b0">
         <name>.debug_info</name>
         <load_address>0x47aa</load_address>
         <run_address>0x47aa</run_address>
         <size>0x419</size>
         <input_file_ref idref="fl-c"/>
      </object_component>
      <object_component id="oc-453">
         <name>.debug_info</name>
         <load_address>0x4bc3</load_address>
         <run_address>0x4bc3</run_address>
         <size>0x12c</size>
         <input_file_ref idref="fl-c"/>
      </object_component>
      <object_component id="oc-4b7">
         <name>.debug_info</name>
         <load_address>0x4cef</load_address>
         <run_address>0x4cef</run_address>
         <size>0xc9</size>
         <input_file_ref idref="fl-d"/>
      </object_component>
      <object_component id="oc-445">
         <name>.debug_info</name>
         <load_address>0x4db8</load_address>
         <run_address>0x4db8</run_address>
         <size>0xd6</size>
         <input_file_ref idref="fl-d"/>
      </object_component>
      <object_component id="oc-3a7">
         <name>.debug_info</name>
         <load_address>0x4e8e</load_address>
         <run_address>0x4e8e</run_address>
         <size>0x292</size>
         <input_file_ref idref="fl-d"/>
      </object_component>
      <object_component id="oc-448">
         <name>.debug_info</name>
         <load_address>0x5120</load_address>
         <run_address>0x5120</run_address>
         <size>0xc8</size>
         <input_file_ref idref="fl-d"/>
      </object_component>
      <object_component id="oc-3b3">
         <name>.debug_info</name>
         <load_address>0x51e8</load_address>
         <run_address>0x51e8</run_address>
         <size>0x246</size>
         <input_file_ref idref="fl-e"/>
      </object_component>
      <object_component id="oc-291">
         <name>.debug_info</name>
         <load_address>0x542e</load_address>
         <run_address>0x542e</run_address>
         <size>0x423</size>
         <input_file_ref idref="fl-e"/>
      </object_component>
      <object_component id="oc-16d">
         <name>.debug_info</name>
         <load_address>0x5851</load_address>
         <run_address>0x5851</run_address>
         <size>0x33b</size>
         <input_file_ref idref="fl-f"/>
      </object_component>
      <object_component id="oc-16a">
         <name>.debug_info</name>
[...]
         <object_component_ref idref="oc-1b9"/>
      </symbol>
      <symbol id="sm-6b6">
         <name>HC05_GetSystemInfoType</name>
         <value>0x325d</value>
         <object_component_ref idref="oc-1b9"/>
      </symbol>
      <symbol id="sm-6b7">
         <name>bluetooth_recv</name>
         <value>0x2f5d</value>
         <object_component_ref idref="oc-1b9"/>
      </symbol>
      <symbol id="sm-6b8">
         <name>HC05_NotifyUpperLayer</name>
         <value>0x3217</value>
         <object_component_ref idref="oc-1b9"/>
      </symbol>
      <symbol id="sm-6b9">
         <name>HC05_HandleTimeoutEvt</name>
         <value>0x347d</value>
         <object_component_ref idref="oc-1b9"/>
      </symbol>
      <symbol id="sm-6ba">
         <name>HC05_GetRxSize</name>
         <value>0x3177</value>
         <object_component_ref idref="oc-1b9"/>
      </symbol>
      <symbol id="sm-6bb">
         <name>HC05_EventProcessing</name>
         <value>0x3269</value>
         <object_component_ref idref="oc-1b9"/>
      </symbol>
      <symbol id="sm-6bc">
         <name>HC05_ClearEvtQueue</name>
         <value>0x345d</value>
         <object_component_ref idref="oc-1b9"/>
      </symbol>
      <symbol id="sm-6bd">
         <name>bluetooth_init</name>
         <value>0x2e25</value>
         <object_component_ref idref="oc-1b9"/>
      </symbol>
      <symbol id="sm-6f1">
         <name>BatteryVoltage</name>
         <value>0x200023bc</value>
         <object_component_ref idref="oc-22b"/>
      </symbol>
      <symbol id="sm-6f2">
         <name>BattSenseTimerTimeout</name>
         <value>0x527d</value>
         <object_component_ref idref="oc-ff"/>
      </symbol>
      <symbol id="sm-6f3">
         <name>BattSense_init</name>
         <value>0x51f1</value>
         <object_component_ref idref="oc-ff"/>
      </symbol>
      <symbol id="sm-6f4">
         <name>BattSenseISR</name>
         <value>0x5295</value>
         <object_component_ref idref="oc-ff"/>
      </symbol>
      <symbol id="sm-706">
         <name>_c_int00</name>
         <value>0x6885</value>
         <object_component_ref idref="oc-24"/>
      </symbol>
      <symbol id="sm-707">
         <name>__stack</name>
         <value>0x2000026c</value>
         <object_component_ref idref="oc-29"/>
      </symbol>
      <symbol id="sm-71e">
         <name>__TI_decompress_none</name>
         <value>0x7033</value>
         <object_component_ref idref="oc-12"/>
      </symbol>
      <symbol id="sm-741">
         <name>__TI_decompress_rle24</name>
         <value>0x70c9</value>
         <object_component_ref idref="oc-18"/>
      </symbol>
      <symbol id="sm-753">
         <name>__TI_zero_init</name>
         <value>0x7071</value>
         <object_component_ref idref="oc-1e"/>
      </symbol>
      <symbol id="sm-772">
         <name>C$$EXIT</name>
         <value>0x6b21</value>
         <object_component_ref idref="oc-6a"/>
      </symbol>
      <symbol id="sm-773">
         <name>abort</name>
         <value>0x6b25</value>
         <object_component_ref idref="oc-6a"/>
      </symbol>
      <symbol id="sm-774">
         <name>exit</name>
         <value>0x6b2d</value>
         <object_component_ref idref="oc-6a"/>
      </symbol>
      <symbol id="sm-775">
         <name>__TI_dtors_ptr</name>
         <value>0x200023b0</value>
         <object_component_ref idref="oc-a8"/>
      </symbol>
      <symbol id="sm-776">
         <name>__TI_cleanup_ptr</name>
         <value>0x200023ac</value>
         <object_component_ref idref="oc-a8"/>
      </symbol>
      <symbol id="sm-79a">
         <name>__aeabi_dsub</name>
         <value>0x53c9</value>
         <object_component_ref idref="oc-226"/>
      </symbol>
      <symbol id="sm-79b">
         <name>__aeabi_dadd</name>
         <value>0x53d3</value>
         <object_component_ref idref="oc-226"/>
      </symbol>
      <symbol id="sm-7c2">
         <name>__aeabi_cdcmpeq</name>
         <value>0x63af</value>
         <object_component_ref idref="oc-297"/>
      </symbol>
      <symbol id="sm-7c3">
         <name>__aeabi_cdcmple</name>
         <value>0x63af</value>
         <object_component_ref idref="oc-297"/>
      </symbol>
      <symbol id="sm-7c4">
         <name>__aeabi_cdrcmple</name>
         <value>0x6435</value>
         <object_component_ref idref="oc-254"/>
      </symbol>
      <symbol id="sm-7e4">
         <name>__aeabi_ddiv</name>
         <value>0x59bd</value>
         <object_component_ref idref="oc-221"/>
      </symbol>
      <symbol id="sm-7fb">
         <name>__aeabi_dmul</name>
         <value>0x6071</value>
         <object_component_ref idref="oc-1cc"/>
      </symbol>
      <symbol id="sm-809">
         <name>__aeabi_d2iz</name>
         <value>0x6a49</value>
         <object_component_ref idref="oc-1d1"/>
      </symbol>
      <symbol id="sm-816">
         <name>__aeabi_d2f</name>
         <value>0x6a91</value>
         <object_component_ref idref="oc-159"/>
      </symbol>
      <symbol id="sm-824">
         <name>__aeabi_f2d</name>
         <value>0x6ca9</value>
         <object_component_ref idref="oc-15e"/>
      </symbol>
      <symbol id="sm-830">
         <name>__aeabi_i2d</name>
         <value>0x6ddd</value>
         <object_component_ref idref="oc-14e"/>
      </symbol>
      <symbol id="sm-84b">
         <name>memcpy</name>
         <value>0x6313</value>
         <object_component_ref idref="oc-33"/>
      </symbol>
      <symbol id="sm-84c">
         <name>__aeabi_memcpy</name>
         <value>0x6313</value>
         <object_component_ref idref="oc-33"/>
      </symbol>
      <symbol id="sm-84d">
         <name>__aeabi_memcpy8</name>
         <value>0x6313</value>
         <object_component_ref idref="oc-33"/>
      </symbol>
      <symbol id="sm-84e">
         <name>__aeabi_memcpy4</name>
         <value>0x6313</value>
         <object_component_ref idref="oc-33"/>
      </symbol>
      <symbol id="sm-85d">
         <name>__aeabi_memset</name>
         <value>0x64bd</value>
         <object_component_ref idref="oc-4c"/>
      </symbol>
      <symbol id="sm-85e">
         <name>memset</name>
         <value>0x64c3</value>
         <object_component_ref idref="oc-4c"/>
      </symbol>
      <symbol id="sm-85f">
         <name>__aeabi_memset8</name>
         <value>0x64bd</value>
         <object_component_ref idref="oc-4c"/>
      </symbol>
      <symbol id="sm-860">
         <name>__aeabi_memset4</name>
         <value>0x64bd</value>
         <object_component_ref idref="oc-4c"/>
      </symbol>
      <symbol id="sm-861">
         <name>__aeabi_memclr8</name>
         <value>0x64bb</value>
         <object_component_ref idref="oc-4c"/>
      </symbol>
      <symbol id="sm-862">
         <name>__aeabi_memclr4</name>
         <value>0x64bb</value>
         <object_component_ref idref="oc-4c"/>
      </symbol>
      <symbol id="sm-863">
         <name>__aeabi_memclr</name>
         <value>0x64bb</value>
         <object_component_ref idref="oc-4c"/>
      </symbol>
      <symbol id="sm-86d">
         <name>_system_pre_init</name>
         <value>0x70d7</value>
         <object_component_ref idref="oc-58"/>
      </symbol>
      <symbol id="sm-875">
         <name>main_func_sp</name>
         <value>0x200023d0</value>
         <object_component_ref idref="oc-70"/>
      </symbol>
      <symbol id="sm-883">
         <name>strlen</name>
         <value>0x6fb1</value>
         <object_component_ref idref="oc-31c"/>
      </symbol>
      <symbol id="sm-8a0">
         <name>vsprintf</name>
         <value>0x6ad9</value>
         <object_component_ref idref="oc-316"/>
      </symbol>
      <symbol id="sm-8b9">
         <name>_nop</name>
         <value>0x6fab</value>
         <object_component_ref idref="oc-11c"/>
      </symbol>
      <symbol id="sm-8ba">
         <name>_lock</name>
         <value>0x200023a4</value>
         <object_component_ref idref="oc-a5"/>
      </symbol>
      <symbol id="sm-8bb">
         <name>_unlock</name>
         <value>0x200023a8</value>
         <object_component_ref idref="oc-a5"/>
      </symbol>
      <symbol id="sm-8bc">
         <name>_register_lock</name>
         <value>0x6fa3</value>
         <object_component_ref idref="oc-11c"/>
      </symbol>
      <symbol id="sm-8bd">
         <name>_register_unlock</name>
         <value>0x6f9d</value>
         <object_component_ref idref="oc-11c"/>
      </symbol>
      <symbol id="sm-9c2">
         <name>__TI_printfi</name>
         <value>0x1021</value>
         <object_component_ref idref="oc-40b"/>
      </symbol>
      <symbol id="sm-9d7">
         <name>_args_main</name>
         <value>0x6f59</value>
         <object_component_ref idref="oc-64"/>
      </symbol>
      <symbol id="sm-9ed">
         <name>atoi</name>
         <value>0x6921</value>
         <object_component_ref idref="oc-496"/>
      </symbol>
      <symbol id="sm-a13">
         <name>__TI_auto_init</name>
         <value>0x6535</value>
         <object_component_ref idref="oc-5e"/>
      </symbol>
      <symbol id="sm-a2d">
         <name>copy_in</name>
         <value>0x696d</value>
         <object_component_ref idref="oc-95"/>
      </symbol>
      <symbol id="sm-a38">
         <name>_ctypes_</name>
         <value>0x70dc</value>
         <object_component_ref idref="oc-4dc"/>
      </symbol>
      <symbol id="sm-a45">
         <name>frexp</name>
         <value>0x6e63</value>
         <object_component_ref idref="oc-478"/>
      </symbol>
      <symbol id="sm-a57">
         <name>ldexp</name>
         <value>0x6793</value>
         <object_component_ref idref="oc-47e"/>
      </symbol>
      <symbol id="sm-a66">
         <name>ltoa</name>
         <value>0x673d</value>
         <object_component_ref idref="oc-472"/>
      </symbol>
      <symbol id="sm-a76">
         <name>memccpy</name>
         <value>0x6ec5</value>
         <object_component_ref idref="oc-490"/>
      </symbol>
      <symbol id="sm-a86">
         <name>strchr</name>
         <value>0x6f71</value>
         <object_component_ref idref="oc-484"/>
      </symbol>
      <symbol id="sm-ab0">
         <name>__aeabi_uldivmod</name>
         <value>0x4ffd</value>
         <object_component_ref idref="oc-46d"/>
      </symbol>
      <symbol id="sm-abe">
         <name>_Dclass</name>
         <value>0x6d7d</value>
         <object_component_ref idref="oc-48a"/>
      </symbol>
      <symbol id="sm-adf">
         <name>_Dscale</name>
         <value>0x5e55</value>
         <object_component_ref idref="oc-4c8"/>
      </symbol>
      <symbol id="sm-af3">
         <name>_Dunscale</name>
         <value>0x6675</value>
         <object_component_ref idref="oc-4c0"/>
      </symbol>
      <symbol id="sm-b02">
         <name>_Feraise</name>
         <value>0x6dad</value>
         <object_component_ref idref="oc-4ce"/>
      </symbol>
      <symbol id="sm-b12">
         <name>_Rteps</name>
         <value>0x20002218</value>
         <object_component_ref idref="oc-4f8"/>
      </symbol>
      <symbol id="sm-b13">
         <name>_Zero</name>
         <value>0x20002230</value>
         <object_component_ref idref="oc-4f8"/>
      </symbol>
      <symbol id="sm-b14">
         <name>_Hugeval</name>
         <value>0x200021d8</value>
         <object_component_ref idref="oc-4f8"/>
      </symbol>
      <symbol id="sm-b15">
         <name>_Snan</name>
         <value>0x20002208</value>
         <object_component_ref idref="oc-4f8"/>
      </symbol>
      <symbol id="sm-b16">
         <name>_Nan</name>
         <value>0x200021f8</value>
         <object_component_ref idref="oc-4f8"/>
      </symbol>
      <symbol id="sm-b17">
         <name>_Inf</name>
         <value>0x200021e8</value>
         <object_component_ref idref="oc-4f8"/>
      </symbol>
      <symbol id="sm-b18">
         <name>_Xbig</name>
         <value>0x20002228</value>
         <object_component_ref idref="oc-4f8"/>
      </symbol>
      <symbol id="sm-b19">
         <name>_Eps</name>
         <value>0x200021c8</value>
         <object_component_ref idref="oc-4f8"/>
      </symbol>
      <symbol id="sm-b1a">
         <name>_Denorm</name>
         <value>0x200021b8</value>
         <object_component_ref idref="oc-4f8"/>
      </symbol>
      <symbol id="sm-b22">
         <name>_Errno</name>
         <value>0x200023cc</value>
         <object_component_ref idref="oc-503"/>
      </symbol>
      <symbol id="sm-b40">
         <name>feraiseexcept</name>
         <value>0x6d49</value>
         <object_component_ref idref="oc-4fd"/>
      </symbol>
      <symbol id="sm-b41">
         <name>_Tls_setup__Fenv</name>
         <value>0x200023b8</value>
         <object_component_ref idref="oc-527"/>
      </symbol>
      <symbol id="sm-b42">
         <name>_Fenv</name>
         <value>0x200023b4</value>
         <object_component_ref idref="oc-527"/>
      </symbol>
      <symbol id="sm-b56">
         <name>raise</name>
         <value>0x6e0b</value>
         <object_component_ref idref="oc-521"/>
      </symbol>
      <symbol id="sm-b70">
         <name>signal</name>
         <value>0x6c69</value>
         <object_component_ref idref="oc-531"/>
      </symbol>
      <symbol id="sm-b85">
         <name>_Dnorm</name>
         <value>0x6255</value>
         <object_component_ref idref="oc-4ee"/>
      </symbol>
      <symbol id="sm-ba6">
         <name>ADCIntRegister</name>
         <value>0x6ee1</value>
         <object_component_ref idref="oc-176"/>
      </symbol>
      <symbol id="sm-bc1">
         <name>EEPROMInit</name>
         <value>0x6ba9</value>
         <object_component_ref idref="oc-1c6"/>
      </symbol>
      <symbol id="sm-c3a">
         <name>GPIOIntRegister</name>
         <value>0x6ef9</value>
         <object_component_ref idref="oc-22f"/>
      </symbol>
      <symbol id="sm-c3b">
         <name>GPIOPinConfigure</name>
         <value>0x69b9</value>
         <object_component_ref idref="oc-2d4"/>
      </symbol>
      <symbol id="sm-c3c">
         <name>GPIOIntEnable</name>
         <value>0x704d</value>
         <object_component_ref idref="oc-235"/>
      </symbol>
      <symbol id="sm-c3d">
         <name>GPIOIntClear</name>
         <value>0x70b7</value>
         <object_component_ref idref="oc-23b"/>
      </symbol>
      <symbol id="sm-c3e">
         <name>GPIOPinTypeUART</name>
         <value>0x6fc5</value>
         <object_component_ref idref="oc-2da"/>
      </symbol>
      <symbol id="sm-c3f">
         <name>GPIOIntStatus</name>
         <value>0x7009</value>
         <object_component_ref idref="oc-241"/>
      </symbol>
      <symbol id="sm-c40">
         <name>GPIOPinRead</name>
         <value>0x70bd</value>
         <object_component_ref idref="oc-c3"/>
      </symbol>
      <symbol id="sm-c41">
         <name>GPIODirModeSet</name>
         <value>0x6e39</value>
         <object_component_ref idref="oc-3e2"/>
      </symbol>
      <symbol id="sm-c42">
         <name>GPIOPadConfigSet</name>
         <value>0x5af3</value>
         <object_component_ref idref="oc-3e8"/>
      </symbol>
      <symbol id="sm-c84">
         <name>IntEnable</name>
         <value>0x660d</value>
         <object_component_ref idref="oc-19a"/>
      </symbol>
      <symbol id="sm-c85">
         <name>IntRegister</name>
         <value>0x6ce1</value>
         <object_component_ref idref="oc-27e"/>
      </symbol>
      <symbol id="sm-c86">
         <name>IntMasterDisable</name>
         <value>0x6fe9</value>
         <object_component_ref idref="oc-139"/>
      </symbol>
      <symbol id="sm-c87">
         <name>g_pfnRAMVectors</name>
         <value>0x20000000</value>
         <object_component_ref idref="oc-39f"/>
      </symbol>
      <symbol id="sm-ca6">
         <name>QEIIntRegister</name>
         <value>0x6f11</value>
         <object_component_ref idref="oc-1e6"/>
      </symbol>
      <symbol id="sm-ced">
         <name>SysCtlDelay</name>
         <value>0x70c3</value>
         <object_component_ref idref="oc-344"/>
      </symbol>
      <symbol id="sm-cee">
         <name>SysCtlPeripheralEnable</name>
         <value>0x6d15</value>
         <object_component_ref idref="oc-17c"/>
      </symbol>
      <symbol id="sm-cef">
         <name>SysCtlClockGet</name>
         <value>0x5f65</value>
         <object_component_ref idref="oc-188"/>
      </symbol>
      <symbol id="sm-cf0">
         <name>SysCtlPeripheralReset</name>
         <value>0x67e5</value>
         <object_component_ref idref="oc-34b"/>
      </symbol>
      <symbol id="sm-cff">
         <name>SysTickIntRegister</name>
         <value>0x6e8d</value>
         <object_component_ref idref="oc-133"/>
      </symbol>
      <symbol id="sm-d5a">
         <name>TimerLoadSet</name>
         <value>0x6fd7</value>
         <object_component_ref idref="oc-18e"/>
      </symbol>
      <symbol id="sm-d5b">
         <name>TimerIntRegister</name>
         <value>0x6f29</value>
         <object_component_ref idref="oc-194"/>
      </symbol>
      <symbol id="sm-d5c">
         <name>TimerEnable</name>
         <value>0x7017</value>
         <object_component_ref idref="oc-1ac"/>
      </symbol>
      <symbol id="sm-d5d">
         <name>TimerIntEnable</name>
         <value>0x70a7</value>
         <object_component_ref idref="oc-1a0"/>
      </symbol>
      <symbol id="sm-d5e">
         <name>TimerConfigure</name>
         <value>0x66dd</value>
         <object_component_ref idref="oc-182"/>
      </symbol>
      <symbol id="sm-d5f">
         <name>TimerIntClear</name>
         <value>0x70cf</value>
         <object_component_ref idref="oc-1a6"/>
      </symbol>
      <symbol id="sm-de0">
         <name>UARTCharPutNonBlocking</name>
         <value>0x7025</value>
         <object_component_ref idref="oc-304"/>
      </symbol>
      <symbol id="sm-de1">
         <name>UARTTxIntModeSet</name>
         <value>0x7065</value>
         <object_component_ref idref="oc-2f2"/>
      </symbol>
      <symbol id="sm-de2">
         <name>UARTConfigSetExpClk</name>
         <value>0x6b65</value>
         <object_component_ref idref="oc-2e0"/>
      </symbol>
      <symbol id="sm-de3">
         <name>UARTDisable</name>
         <value>0x6ea9</value>
         <object_component_ref idref="oc-3ef"/>
      </symbol>
      <symbol id="sm-de4">
         <name>UARTIntEnable</name>
         <value>0x70af</value>
         <object_component_ref idref="oc-2ec"/>
      </symbol>
      <symbol id="sm-de5">
         <name>UARTCharsAvail</name>
         <value>0x7059</value>
         <object_component_ref idref="oc-310"/>
      </symbol>
      <symbol id="sm-de6">
         <name>UARTEnable</name>
         <value>0x6f87</value>
         <object_component_ref idref="oc-3f5"/>
      </symbol>
      <symbol id="sm-de7">
         <name>UARTIntClear</name>
         <value>0x70d3</value>
         <object_component_ref idref="oc-2fe"/>
      </symbol>
      <symbol id="sm-de8">
         <name>UARTIntStatus</name>
         <value>0x709d</value>
         <object_component_ref idref="oc-2f8"/>
      </symbol>
      <symbol id="sm-de9">
         <name>UARTCharGet</name>
         <value>0x7093</value>
         <object_component_ref idref="oc-30a"/>
      </symbol>
      <symbol id="sm-dea">
         <name>UARTIntRegister</name>
         <value>0x6f41</value>
         <object_component_ref idref="oc-2e6"/>
      </symbol>
      <symbol id="sm-df4">
         <name>CPUcpsid</name>
         <value>0x7041</value>
         <object_component_ref idref="oc-286"/>
      </symbol>
      <symbol id="sm-df5">
         <name>__TI_static_base__</name>
         <value>0x0</value>
      </symbol>
      <symbol id="sm-df8">
         <name>SHT$$INIT_ARRAY$$Limit</name>
         <value>0x0</value>
      </symbol>
      <symbol id="sm-df9">
         <name>SHT$$INIT_ARRAY$$Base</name>
         <value>0x0</value>
      </symbol>
   </symbol_table>
   <title>Link successful</title>
</link_info>
