<?xml version="1.0"?>
<link_info>
   <banner>TI ARM Linker PC v5.2.2</banner>
   <copyright>Copyright (c) 1996-2015 Texas Instruments Incorporated</copyright>
   <link_time>0x55cda7c6</link_time>
   <link_errors>0x0</link_errors>
   <output_file>RYA_V1.1.out</output_file>
   <entry_point>
      <name>_c_int00</name>
      <address>0x849d</address>
   </entry_point>
   <input_file_list>
      <input_file id="fl-2">
         <path>.\</path>
         <kind>object</kind>
         <file>SystemConfig.obj</file>
         <name>SystemConfig.obj</name>
      </input_file>
      <input_file id="fl-3">
         <path>.\</path>
         <kind>object</kind>
         <file>main.obj</file>
         <name>main.obj</name>
      </input_file>
      <input_file id="fl-4">
         <path>.\</path>
         <kind>object</kind>
         <file>startup_ccs.obj</file>
         <name>startup_ccs.obj</name>
      </input_file>
      <input_file id="fl-5">
         <path>.\WallFollow\</path>
         <kind>object</kind>
         <file>Floodfill.obj</file>
         <name>Floodfill.obj</name>
      </input_file>
      <input_file id="fl-6">
         <path>.\WallFollow\</path>
         <kind>object</kind>
         <file>PID.obj</file>
         <name>PID.obj</name>
      </input_file>
      <input_file id="fl-7">
         <path>.\WallFollow\</path>
         <kind>object</kind>
         <file>WallFollow.obj</file>
         <name>WallFollow.obj</name>
      </input_file>
      <input_file id="fl-8">
         <path>.\Timer\</path>
         <kind>object</kind>
         <file>Timer.obj</file>
         <name>Timer.obj</name>
      </input_file>
      <input_file id="fl-9">
         <path>.\STR\</path>
         <kind>object</kind>
         <file>Control_initialize.obj</file>
         <name>Control_initialize.obj</name>
      </input_file>
      <input_file id="fl-a">
         <path>.\STR\</path>
         <kind>object</kind>
         <file>STR_Indirect.obj</file>
         <name>STR_Indirect.obj</name>
      </input_file>
      <input_file id="fl-b">
         <path>.\STR\</path>
         <kind>object</kind>
         <file>Uocluong.obj</file>
         <name>Uocluong.obj</name>
      </input_file>
      <input_file id="fl-c">
         <path>.\STR\</path>
         <kind>object</kind>
         <file>rtGetInf.obj</file>
         <name>rtGetInf.obj</name>
      </input_file>
      <input_file id="fl-d">
         <path>.\STR\</path>
         <kind>object</kind>
         <file>rtGetNaN.obj</file>
         <name>rtGetNaN.obj</name>
      </input_file>
      <input_file id="fl-e">
         <path>.\STR\</path>
         <kind>object</kind>
         <file>rt_nonfinite.obj</file>
         <name>rt_nonfinite.obj</name>
      </input_file>
      <input_file id="fl-f">
         <path>.\STR\</path>
         <kind>object</kind>
         <file>speed_control.obj</file>
         <name>speed_control.obj</name>
      </input_file>
      <input_file id="fl-10">
         <path>.\QEI\</path>
         <kind>object</kind>
         <file>qei.obj</file>
         <name>qei.obj</name>
      </input_file>
      <input_file id="fl-11">
         <path>.\IR\</path>
         <kind>object</kind>
         <file>IR.obj</file>
         <name>IR.obj</name>
      </input_file>
      <input_file id="fl-12">
         <path>.\HostComm\</path>
         <kind>object</kind>
         <file>hostcomm.obj</file>
         <name>hostcomm.obj</name>
      </input_file>
      <input_file id="fl-13">
         <path>.\Eeprom\</path>
         <kind>object</kind>
         <file>EEPROM.obj</file>
         <name>EEPROM.obj</name>
      </input_file>
      <input_file id="fl-14">
         <path>.\Buzzer\</path>
         <kind>object</kind>
         <file>Buzzer.obj</file>
         <name>Buzzer.obj</name>
      </input_file>
      <input_file id="fl-15">
         <path>.\Button\</path>
         <kind>object</kind>
         <file>Button.obj</file>
         <name>Button.obj</name>
      </input_file>
      <input_file id="fl-16">
         <path>.\Bluetooth\</path>
         <kind>object</kind>
         <file>Bluetooth.obj</file>
         <name>Bluetooth.obj</name>
      </input_file>
      <input_file id="fl-17">
         <path>.\Bluetooth\</path>
         <kind>object</kind>
         <file>uartstdio.obj</file>
         <name>uartstdio.obj</name>
      </input_file>
      <input_file id="fl-18">
         <path>.\Bluetooth\</path>
         <kind>object</kind>
         <file>ustdlib.obj</file>
         <name>ustdlib.obj</name>
      </input_file>
      <input_file id="fl-19">
         <path>.\Battery\</path>
         <kind>object</kind>
         <file>Bettery.obj</file>
         <name>Bettery.obj</name>
      </input_file>
      <input_file id="fl-141">
         <path>C:\ti\ccsv6\tools\compiler\ti-cgt-arm_5.2.2\lib\</path>
         <kind>archive</kind>
         <file>rtsv7M4_T_le_v4SPD16_eabi.lib</file>
         <name>boot.obj</name>
      </input_file>
      <input_file id="fl-142">
         <path>C:\ti\ccsv6\tools\compiler\ti-cgt-arm_5.2.2\lib\</path>
         <kind>archive</kind>
         <file>rtsv7M4_T_le_v4SPD16_eabi.lib</file>
         <name>copy_decompress_none.obj</name>
      </input_file>
      <input_file id="fl-143">
         <path>C:\ti\ccsv6\tools\compiler\ti-cgt-arm_5.2.2\lib\</path>
         <kind>archive</kind>
         <file>rtsv7M4_T_le_v4SPD16_eabi.lib</file>
         <name>copy_decompress_rle.obj</name>
      </input_file>
      <input_file id="fl-144">
         <path>C:\ti\ccsv6\tools\compiler\ti-cgt-arm_5.2.2\lib\</path>
         <kind>archive</kind>
         <file>rtsv7M4_T_le_v4SPD16_eabi.lib</file>
         <name>copy_zero_init.obj</name>
      </input_file>
      <input_file id="fl-145">
         <path>C:\ti\ccsv6\tools\compiler\ti-cgt-arm_5.2.2\lib\</path>
         <kind>archive</kind>
         <file>rtsv7M4_T_le_v4SPD16_eabi.lib</file>
         <name>exit.obj</name>
      </input_file>
      <input_file id="fl-146">
         <path>C:\ti\ccsv6\tools\compiler\ti-cgt-arm_5.2.2\lib\</path>
         <kind>archive</kind>
         <file>rtsv7M4_T_le_v4SPD16_eabi.lib</file>
         <name>fd_add_t2.obj</name>
      </input_file>
      <input_file id="fl-147">
         <path>C:\ti\ccsv6\tools\compiler\ti-cgt-arm_5.2.2\lib\</path>
         <kind>archive</kind>
         <file>rtsv7M4_T_le_v4SPD16_eabi.lib</file>
         <name>fd_cmp_t2.obj</name>
      </input_file>
      <input_file id="fl-148">
         <path>C:\ti\ccsv6\tools\compiler\ti-cgt-arm_5.2.2\lib\</path>
         <kind>archive</kind>
         <file>rtsv7M4_T_le_v4SPD16_eabi.lib</file>
         <name>fd_div_t2.obj</name>
      </input_file>
      <input_file id="fl-149">
         <path>C:\ti\ccsv6\tools\compiler\ti-cgt-arm_5.2.2\lib\</path>
         <kind>archive</kind>
         <file>rtsv7M4_T_le_v4SPD16_eabi.lib</file>
         <name>fd_mul_t2.obj</name>
      </input_file>
      <input_file id="fl-14a">
         <path>C:\ti\ccsv6\tools\compiler\ti-cgt-arm_5.2.2\lib\</path>
         <kind>archive</kind>
         <file>rtsv7M4_T_le_v4SPD16_eabi.lib</file>
         <name>fd_toi_t2.obj</name>
      </input_file>
      <input_file id="fl-14b">
         <path>C:\ti\ccsv6\tools\compiler\ti-cgt-arm_5.2.2\lib\</path>
         <kind>archive</kind>
         <file>rtsv7M4_T_le_v4SPD16_eabi.lib</file>
         <name>fd_tos_t2.obj</name>
      </input_file>
      <input_file id="fl-14c">
         <path>C:\ti\ccsv6\tools\compiler\ti-cgt-arm_5.2.2\lib\</path>
         <kind>archive</kind>
         <file>rtsv7M4_T_le_v4SPD16_eabi.lib</file>
         <name>fs_tod_t2.obj</name>
      </input_file>
      <input_file id="fl-14d">
         <path>C:\ti\ccsv6\tools\compiler\ti-cgt-arm_5.2.2\lib\</path>
         <kind>archive</kind>
         <file>rtsv7M4_T_le_v4SPD16_eabi.lib</file>
         <name>i_tofd_t2.obj</name>
      </input_file>
      <input_file id="fl-14e">
         <path>C:\ti\ccsv6\tools\compiler\ti-cgt-arm_5.2.2\lib\</path>
         <kind>archive</kind>
         <file>rtsv7M4_T_le_v4SPD16_eabi.lib</file>
         <name>memcpy_t2.obj</name>
      </input_file>
      <input_file id="fl-14f">
         <path>C:\ti\ccsv6\tools\compiler\ti-cgt-arm_5.2.2\lib\</path>
         <kind>archive</kind>
         <file>rtsv7M4_T_le_v4SPD16_eabi.lib</file>
         <name>memset_t2.obj</name>
      </input_file>
      <input_file id="fl-150">
         <path>C:\ti\ccsv6\tools\compiler\ti-cgt-arm_5.2.2\lib\</path>
         <kind>archive</kind>
         <file>rtsv7M4_T_le_v4SPD16_eabi.lib</file>
         <name>pre_init.obj</name>
      </input_file>
      <input_file id="fl-151">
         <path>C:\ti\ccsv6\tools\compiler\ti-cgt-arm_5.2.2\lib\</path>
         <kind>archive</kind>
         <file>rtsv7M4_T_le_v4SPD16_eabi.lib</file>
         <name>stkdepth_vars.obj</name>
      </input_file>
      <input_file id="fl-152">
         <path>C:\ti\ccsv6\tools\compiler\ti-cgt-arm_5.2.2\lib\</path>
         <kind>archive</kind>
         <file>rtsv7M4_T_le_v4SPD16_eabi.lib</file>
         <name>strlen.obj</name>
      </input_file>
      <input_file id="fl-153">
         <path>C:\ti\ccsv6\tools\compiler\ti-cgt-arm_5.2.2\lib\</path>
         <kind>archive</kind>
         <file>rtsv7M4_T_le_v4SPD16_eabi.lib</file>
         <name>u_divt2.obj</name>
      </input_file>
      <input_file id="fl-154">
         <path>C:\ti\ccsv6\tools\compiler\ti-cgt-arm_5.2.2\lib\</path>
         <kind>archive</kind>
         <file>rtsv7M4_T_le_v4SPD16_eabi.lib</file>
         <name>vsprintf.obj</name>
      </input_file>
      <input_file id="fl-155">
         <path>C:\ti\ccsv6\tools\compiler\ti-cgt-arm_5.2.2\lib\</path>
         <kind>archive</kind>
         <file>rtsv7M4_T_le_v4SPD16_eabi.lib</file>
         <name>_lock.obj</name>
      </input_file>
      <input_file id="fl-156">
         <path>C:\ti\ccsv6\tools\compiler\ti-cgt-arm_5.2.2\lib\</path>
         <kind>archive</kind>
         <file>rtsv7M4_T_le_v4SPD16_eabi.lib</file>
         <name>_printfi.obj</name>
      </input_file>
      <input_file id="fl-157">
         <path>C:\ti\ccsv6\tools\compiler\ti-cgt-arm_5.2.2\lib\</path>
         <kind>archive</kind>
         <file>rtsv7M4_T_le_v4SPD16_eabi.lib</file>
         <name>args_main.obj</name>
      </input_file>
      <input_file id="fl-158">
         <path>C:\ti\ccsv6\tools\compiler\ti-cgt-arm_5.2.2\lib\</path>
         <kind>archive</kind>
         <file>rtsv7M4_T_le_v4SPD16_eabi.lib</file>
         <name>atoi.obj</name>
      </input_file>
      <input_file id="fl-159">
         <path>C:\ti\ccsv6\tools\compiler\ti-cgt-arm_5.2.2\lib\</path>
         <kind>archive</kind>
         <file>rtsv7M4_T_le_v4SPD16_eabi.lib</file>
         <name>autoinit.obj</name>
      </input_file>
      <input_file id="fl-15a">
         <path>C:\ti\ccsv6\tools\compiler\ti-cgt-arm_5.2.2\lib\</path>
         <kind>archive</kind>
         <file>rtsv7M4_T_le_v4SPD16_eabi.lib</file>
         <name>cpy_tbl.obj</name>
      </input_file>
      <input_file id="fl-15b">
         <path>C:\ti\ccsv6\tools\compiler\ti-cgt-arm_5.2.2\lib\</path>
         <kind>archive</kind>
         <file>rtsv7M4_T_le_v4SPD16_eabi.lib</file>
         <name>ctype.obj</name>
      </input_file>
      <input_file id="fl-15c">
         <path>C:\ti\ccsv6\tools\compiler\ti-cgt-arm_5.2.2\lib\</path>
         <kind>archive</kind>
         <file>rtsv7M4_T_le_v4SPD16_eabi.lib</file>
         <name>frexp.obj</name>
      </input_file>
      <input_file id="fl-15d">
         <path>C:\ti\ccsv6\tools\compiler\ti-cgt-arm_5.2.2\lib\</path>
         <kind>archive</kind>
         <file>rtsv7M4_T_le_v4SPD16_eabi.lib</file>
         <name>ldexp.obj</name>
      </input_file>
      <input_file id="fl-15e">
         <path>C:\ti\ccsv6\tools\compiler\ti-cgt-arm_5.2.2\lib\</path>
         <kind>archive</kind>
         <file>rtsv7M4_T_le_v4SPD16_eabi.lib</file>
         <name>ltoa.obj</name>
      </input_file>
      <input_file id="fl-15f">
         <path>C:\ti\ccsv6\tools\compiler\ti-cgt-arm_5.2.2\lib\</path>
         <kind>archive</kind>
         <file>rtsv7M4_T_le_v4SPD16_eabi.lib</file>
         <name>memccpy.obj</name>
      </input_file>
      <input_file id="fl-160">
         <path>C:\ti\ccsv6\tools\compiler\ti-cgt-arm_5.2.2\lib\</path>
         <kind>archive</kind>
         <file>rtsv7M4_T_le_v4SPD16_eabi.lib</file>
         <name>strchr.obj</name>
      </input_file>
      <input_file id="fl-161">
         <path>C:\ti\ccsv6\tools\compiler\ti-cgt-arm_5.2.2\lib\</path>
         <kind>archive</kind>
         <file>rtsv7M4_T_le_v4SPD16_eabi.lib</file>
         <name>ull_div_t2.obj</name>
      </input_file>
      <input_file id="fl-162">
         <path>C:\ti\ccsv6\tools\compiler\ti-cgt-arm_5.2.2\lib\</path>
         <kind>archive</kind>
         <file>rtsv7M4_T_le_v4SPD16_eabi.lib</file>
         <name>xdclass.obj</name>
      </input_file>
      <input_file id="fl-163">
         <path>C:\ti\ccsv6\tools\compiler\ti-cgt-arm_5.2.2\lib\</path>
         <kind>archive</kind>
         <file>rtsv7M4_T_le_v4SPD16_eabi.lib</file>
         <name>xdscale.obj</name>
      </input_file>
      <input_file id="fl-164">
         <path>C:\ti\ccsv6\tools\compiler\ti-cgt-arm_5.2.2\lib\</path>
         <kind>archive</kind>
         <file>rtsv7M4_T_le_v4SPD16_eabi.lib</file>
         <name>xdunscal.obj</name>
      </input_file>
      <input_file id="fl-165">
         <path>C:\ti\ccsv6\tools\compiler\ti-cgt-arm_5.2.2\lib\</path>
         <kind>archive</kind>
         <file>rtsv7M4_T_le_v4SPD16_eabi.lib</file>
         <name>xferaise.obj</name>
      </input_file>
      <input_file id="fl-166">
         <path>C:\ti\ccsv6\tools\compiler\ti-cgt-arm_5.2.2\lib\</path>
         <kind>archive</kind>
         <file>rtsv7M4_T_le_v4SPD16_eabi.lib</file>
         <name>xvalues.obj</name>
      </input_file>
      <input_file id="fl-167">
         <path>C:\ti\ccsv6\tools\compiler\ti-cgt-arm_5.2.2\lib\</path>
         <kind>archive</kind>
         <file>rtsv7M4_T_le_v4SPD16_eabi.lib</file>
         <name>errno.obj</name>
      </input_file>
      <input_file id="fl-168">
         <path>C:\ti\ccsv6\tools\compiler\ti-cgt-arm_5.2.2\lib\</path>
         <kind>archive</kind>
         <file>rtsv7M4_T_le_v4SPD16_eabi.lib</file>
         <name>feraiseexcept.obj</name>
      </input_file>
      <input_file id="fl-169">
         <path>C:\ti\ccsv6\tools\compiler\ti-cgt-arm_5.2.2\lib\</path>
         <kind>archive</kind>
         <file>rtsv7M4_T_le_v4SPD16_eabi.lib</file>
         <name>raise.obj</name>
      </input_file>
      <input_file id="fl-16a">
         <path>C:\ti\ccsv6\tools\compiler\ti-cgt-arm_5.2.2\lib\</path>
         <kind>archive</kind>
         <file>rtsv7M4_T_le_v4SPD16_eabi.lib</file>
         <name>signal.obj</name>
      </input_file>
      <input_file id="fl-16b">
         <path>C:\ti\ccsv6\tools\compiler\ti-cgt-arm_5.2.2\lib\</path>
         <kind>archive</kind>
         <file>rtsv7M4_T_le_v4SPD16_eabi.lib</file>
         <name>xdnorm.obj</name>
      </input_file>
      <input_file id="fl-16c">
         <path>C:\ti\TivaWare_C_Series-2.1.1.71\driverlib\ccs\Debug\</path>
         <kind>archive</kind>
         <file>driverlib.lib</file>
         <name>adc.obj</name>
      </input_file>
      <input_file id="fl-16d">
         <path>C:\ti\TivaWare_C_Series-2.1.1.71\driverlib\ccs\Debug\</path>
         <kind>archive</kind>
         <file>driverlib.lib</file>
         <name>eeprom.obj</name>
      </input_file>
      <input_file id="fl-16e">
         <path>C:\ti\TivaWare_C_Series-2.1.1.71\driverlib\ccs\Debug\</path>
         <kind>archive</kind>
         <file>driverlib.lib</file>
         <name>gpio.obj</name>
      </input_file>
      <input_file id="fl-16f">
         <path>C:\ti\TivaWare_C_Series-2.1.1.71\driverlib\ccs\Debug\</path>
         <kind>archive</kind>
         <file>driverlib.lib</file>
         <name>interrupt.obj</name>
      </input_file>
      <input_file id="fl-170">
         <path>C:\ti\TivaWare_C_Series-2.1.1.71\driverlib\ccs\Debug\</path>
         <kind>archive</kind>
         <file>driverlib.lib</file>
         <name>qei.obj</name>
      </input_file>
      <input_file id="fl-171">
         <path>C:\ti\TivaWare_C_Series-2.1.1.71\driverlib\ccs\Debug\</path>
         <kind>archive</kind>
         <file>driverlib.lib</file>
         <name>sysctl.obj</name>
      </input_file>
      <input_file id="fl-172">
         <path>C:\ti\TivaWare_C_Series-2.1.1.71\driverlib\ccs\Debug\</path>
         <kind>archive</kind>
         <file>driverlib.lib</file>
         <name>systick.obj</name>
      </input_file>
      <input_file id="fl-173">
         <path>C:\ti\TivaWare_C_Series-2.1.1.71\driverlib\ccs\Debug\</path>
         <kind>archive</kind>
         <file>driverlib.lib</file>
         <name>timer.obj</name>
      </input_file>
      <input_file id="fl-174">
         <path>C:\ti\TivaWare_C_Series-2.1.1.71\driverlib\ccs\Debug\</path>
         <kind>archive</kind>
         <file>driverlib.lib</file>
         <name>uart.obj</name>
      </input_file>
      <input_file id="fl-175">
         <path>C:\ti\TivaWare_C_Series-2.1.1.71\driverlib\ccs\Debug\</path>
         <kind>archive</kind>
         <file>driverlib.lib</file>
         <name>cpu.obj</name>
      </input_file>
   </input_file_list>
   <object_component_list>
      <object_component id="oc-f">
         <name>.intvecs</name>
         <load_address>0x0</load_address>
         <run_address>0x0</run_address>
         <size>0x26c</size>
         <input_file_ref idref="fl-4"/>
      </object_component>
      <object_component id="oc-f4">
         <name>.text</name>
         <load_address>0x26c</load_address>
         <run_address>0x26c</run_address>
         <size>0x1880</size>
         <input_file_ref idref="fl-7"/>
      </object_component>
      <object_component id="oc-417">
         <name>.text</name>
         <load_address>0x1aec</load_address>
         <run_address>0x1aec</run_address>
         <size>0x10ba</size>
         <input_file_ref idref="fl-156"/>
      </object_component>
      <object_component id="oc-1f2">
         <name>.text</name>
         <load_address>0x2ba8</load_address>
         <run_address>0x2ba8</run_address>
         <size>0xd28</size>
         <input_file_ref idref="fl-5"/>
      </object_component>
      <object_component id="oc-14d">
         <name>.text</name>
         <load_address>0x38d0</load_address>
         <run_address>0x38d0</run_address>
         <size>0xac8</size>
         <input_file_ref idref="fl-b"/>
      </object_component>
      <object_component id="oc-e8">
         <name>.text</name>
         <load_address>0x4398</load_address>
         <run_address>0x4398</run_address>
         <size>0x6b8</size>
         <input_file_ref idref="fl-11"/>
      </object_component>
      <object_component id="oc-1dc">
         <name>.text</name>
         <load_address>0x4a50</load_address>
         <run_address>0x4a50</run_address>
         <size>0x6a4</size>
         <input_file_ref idref="fl-16"/>
      </object_component>
      <object_component id="oc-c3">
         <name>.text</name>
         <load_address>0x50f4</load_address>
         <run_address>0x50f4</run_address>
         <size>0x588</size>
         <input_file_ref idref="fl-f"/>
      </object_component>
      <object_component id="oc-fa">
         <name>.text</name>
         <load_address>0x567c</load_address>
         <run_address>0x567c</run_address>
         <size>0x344</size>
         <input_file_ref idref="fl-12"/>
      </object_component>
      <object_component id="oc-9d">
         <name>.text</name>
         <load_address>0x59c0</load_address>
         <run_address>0x59c0</run_address>
         <size>0x32c</size>
         <input_file_ref idref="fl-3"/>
      </object_component>
      <object_component id="oc-e2">
         <name>.text</name>
         <load_address>0x5cec</load_address>
         <run_address>0x5cec</run_address>
         <size>0x314</size>
         <input_file_ref idref="fl-10"/>
      </object_component>
      <object_component id="oc-13d">
         <name>.text</name>
         <load_address>0x6000</load_address>
         <run_address>0x6000</run_address>
         <size>0x2e0</size>
         <input_file_ref idref="fl-a"/>
      </object_component>
      <object_component id="oc-cf">
         <name>.text</name>
         <load_address>0x62e0</load_address>
         <run_address>0x62e0</run_address>
         <size>0x2d0</size>
         <input_file_ref idref="fl-2"/>
      </object_component>
      <object_component id="oc-100">
         <name>.text</name>
         <load_address>0x65b0</load_address>
         <run_address>0x65b0</run_address>
         <size>0x2c8</size>
         <input_file_ref idref="fl-14"/>
      </object_component>
      <object_component id="oc-d5">
         <name>.text</name>
         <load_address>0x6878</load_address>
         <run_address>0x6878</run_address>
         <size>0x2bc</size>
         <input_file_ref idref="fl-13"/>
      </object_component>
      <object_component id="oc-10c">
         <name>.text</name>
         <load_address>0x6b34</load_address>
         <run_address>0x6b34</run_address>
         <size>0x1fc</size>
         <input_file_ref idref="fl-15"/>
      </object_component>
      <object_component id="oc-474">
         <name>.text</name>
         <load_address>0x6d30</load_address>
         <run_address>0x6d30</run_address>
         <size>0x1f4</size>
         <input_file_ref idref="fl-161"/>
      </object_component>
      <object_component id="oc-106">
         <name>.text</name>
         <load_address>0x6f24</load_address>
         <run_address>0x6f24</run_address>
         <size>0x1d8</size>
         <input_file_ref idref="fl-19"/>
      </object_component>
      <object_component id="oc-256">
         <name>.text</name>
         <load_address>0x70fc</load_address>
         <run_address>0x70fc</run_address>
         <size>0x1b6</size>
         <input_file_ref idref="fl-146"/>
      </object_component>
      <object_component id="oc-ee">
         <name>.text</name>
         <load_address>0x72b4</load_address>
         <run_address>0x72b4</run_address>
         <size>0x1b4</size>
         <input_file_ref idref="fl-8"/>
      </object_component>
      <object_component id="oc-3ae">
         <name>.text</name>
         <load_address>0x7468</load_address>
         <run_address>0x7468</run_address>
         <size>0x148</size>
         <input_file_ref idref="fl-c"/>
      </object_component>
      <object_component id="oc-1fb">
         <name>.text</name>
         <load_address>0x75b0</load_address>
         <run_address>0x75b0</run_address>
         <size>0x140</size>
         <input_file_ref idref="fl-6"/>
      </object_component>
      <object_component id="oc-219">
         <name>.text</name>
         <load_address>0x76f0</load_address>
         <run_address>0x76f0</run_address>
         <size>0x136</size>
         <input_file_ref idref="fl-148"/>
      </object_component>
      <object_component id="oc-3f4">
         <name>.text:GPIOPadConfigSet</name>
         <load_address>0x7826</load_address>
         <run_address>0x7826</run_address>
         <size>0x130</size>
         <input_file_ref idref="fl-16e"/>
      </object_component>
      <object_component id="oc-289">
         <name>.text</name>
         <load_address>0x7958</load_address>
         <run_address>0x7958</run_address>
         <size>0x114</size>
         <input_file_ref idref="fl-e"/>
      </object_component>
      <object_component id="oc-4cf">
         <name>.text</name>
         <load_address>0x7a6c</load_address>
         <run_address>0x7a6c</run_address>
         <size>0x110</size>
         <input_file_ref idref="fl-163"/>
      </object_component>
      <object_component id="oc-db">
         <name>.text:SysCtlClockGet</name>
         <load_address>0x7b7c</load_address>
         <run_address>0x7b7c</run_address>
         <size>0x10c</size>
         <input_file_ref idref="fl-171"/>
      </object_component>
      <object_component id="oc-183">
         <name>.text</name>
         <load_address>0x7c88</load_address>
         <run_address>0x7c88</run_address>
         <size>0xfc</size>
         <input_file_ref idref="fl-149"/>
      </object_component>
      <object_component id="oc-3a8">
         <name>.text</name>
         <load_address>0x7d84</load_address>
         <run_address>0x7d84</run_address>
         <size>0xe8</size>
         <input_file_ref idref="fl-d"/>
      </object_component>
      <object_component id="oc-4f5">
         <name>.text</name>
         <load_address>0x7e6c</load_address>
         <run_address>0x7e6c</run_address>
         <size>0xbe</size>
         <input_file_ref idref="fl-16b"/>
      </object_component>
      <object_component id="oc-33">
         <name>.text</name>
         <load_address>0x7f2a</load_address>
         <run_address>0x7f2a</run_address>
         <size>0x9c</size>
         <input_file_ref idref="fl-14e"/>
      </object_component>
      <object_component id="oc-291">
         <name>.text:__aeabi_cdcmple</name>
         <load_address>0x7fc6</load_address>
         <run_address>0x7fc6</run_address>
         <size>0x86</size>
         <input_file_ref idref="fl-147"/>
      </object_component>
      <object_component id="oc-21e">
         <name>.text:__aeabi_cdrcmple</name>
         <load_address>0x804c</load_address>
         <run_address>0x804c</run_address>
         <size>0x86</size>
         <input_file_ref idref="fl-147"/>
      </object_component>
      <object_component id="oc-4c">
         <name>.text</name>
         <load_address>0x80d2</load_address>
         <run_address>0x80d2</run_address>
         <size>0x7a</size>
         <input_file_ref idref="fl-14f"/>
      </object_component>
      <object_component id="oc-5e">
         <name>.text</name>
         <load_address>0x814c</load_address>
         <run_address>0x814c</run_address>
         <size>0x6c</size>
         <input_file_ref idref="fl-159"/>
      </object_component>
      <object_component id="oc-3f">
         <name>.text</name>
         <load_address>0x81b8</load_address>
         <run_address>0x81b8</run_address>
         <size>0x6a</size>
         <input_file_ref idref="fl-143"/>
      </object_component>
      <object_component id="oc-1bd">
         <name>.text:IntEnable</name>
         <load_address>0x8224</load_address>
         <run_address>0x8224</run_address>
         <size>0x68</size>
         <input_file_ref idref="fl-16f"/>
      </object_component>
      <object_component id="oc-4c7">
         <name>.text</name>
         <load_address>0x828c</load_address>
         <run_address>0x828c</run_address>
         <size>0x66</size>
         <input_file_ref idref="fl-164"/>
      </object_component>
      <object_component id="oc-1ab">
         <name>.text:TimerConfigure</name>
         <load_address>0x82f4</load_address>
         <run_address>0x82f4</run_address>
         <size>0x60</size>
         <input_file_ref idref="fl-173"/>
      </object_component>
      <object_component id="oc-479">
         <name>.text</name>
         <load_address>0x8354</load_address>
         <run_address>0x8354</run_address>
         <size>0x56</size>
         <input_file_ref idref="fl-15e"/>
      </object_component>
      <object_component id="oc-485">
         <name>.text</name>
         <load_address>0x83aa</load_address>
         <run_address>0x83aa</run_address>
         <size>0x52</size>
         <input_file_ref idref="fl-15d"/>
      </object_component>
      <object_component id="oc-2c4">
         <name>.text:SysCtlPeripheralReset</name>
         <load_address>0x83fc</load_address>
         <run_address>0x83fc</run_address>
         <size>0x50</size>
         <input_file_ref idref="fl-171"/>
      </object_component>
      <object_component id="oc-2dd">
         <name>.text:_ADCIntNumberGet</name>
         <load_address>0x844c</load_address>
         <run_address>0x844c</run_address>
         <size>0x50</size>
         <input_file_ref idref="fl-16c"/>
      </object_component>
      <object_component id="oc-24">
         <name>.text</name>
         <load_address>0x849c</load_address>
         <run_address>0x849c</run_address>
         <size>0x50</size>
         <input_file_ref idref="fl-141"/>
      </object_component>
      <object_component id="oc-2e9">
         <name>.text:_TimerIntNumberGet</name>
         <load_address>0x84ec</load_address>
         <run_address>0x84ec</run_address>
         <size>0x4c</size>
         <input_file_ref idref="fl-173"/>
      </object_component>
      <object_component id="oc-49d">
         <name>.text</name>
         <load_address>0x8538</load_address>
         <run_address>0x8538</run_address>
         <size>0x4c</size>
         <input_file_ref idref="fl-158"/>
      </object_component>
      <object_component id="oc-95">
         <name>.text</name>
         <load_address>0x8584</load_address>
         <run_address>0x8584</run_address>
         <size>0x4c</size>
         <input_file_ref idref="fl-15a"/>
      </object_component>
      <object_component id="oc-143">
         <name>.text</name>
         <load_address>0x85d0</load_address>
         <run_address>0x85d0</run_address>
         <size>0x4a</size>
         <input_file_ref idref="fl-14b"/>
      </object_component>
      <object_component id="oc-2fc">
         <name>.text:GPIOPinConfigure</name>
         <load_address>0x861c</load_address>
         <run_address>0x861c</run_address>
         <size>0x48</size>
         <input_file_ref idref="fl-16e"/>
      </object_component>
      <object_component id="oc-2d1">
         <name>.text:_QEIIntNumberGet</name>
         <load_address>0x8664</load_address>
         <run_address>0x8664</run_address>
         <size>0x48</size>
         <input_file_ref idref="fl-170"/>
      </object_component>
      <object_component id="oc-188">
         <name>.text</name>
         <load_address>0x86ac</load_address>
         <run_address>0x86ac</run_address>
         <size>0x48</size>
         <input_file_ref idref="fl-14a"/>
      </object_component>
      <object_component id="oc-33e">
         <name>.text</name>
         <load_address>0x86f4</load_address>
         <run_address>0x86f4</run_address>
         <size>0x48</size>
         <input_file_ref idref="fl-154"/>
      </object_component>
      <object_component id="oc-6a">
         <name>.text</name>
         <load_address>0x873c</load_address>
         <run_address>0x873c</run_address>
         <size>0x44</size>
         <input_file_ref idref="fl-145"/>
      </object_component>
      <object_component id="oc-308">
         <name>.text:UARTConfigSetExpClk</name>
         <load_address>0x8780</load_address>
         <run_address>0x8780</run_address>
         <size>0x42</size>
         <input_file_ref idref="fl-174"/>
      </object_component>
      <object_component id="oc-17d">
         <name>.text:EEPROMInit</name>
         <load_address>0x87c4</load_address>
         <run_address>0x87c4</run_address>
         <size>0x40</size>
         <input_file_ref idref="fl-16d"/>
      </object_component>
      <object_component id="oc-39a">
         <name>.text:_GPIOIntNumberGet</name>
         <load_address>0x8804</load_address>
         <run_address>0x8804</run_address>
         <size>0x40</size>
         <input_file_ref idref="fl-16e"/>
      </object_component>
      <object_component id="oc-409">
         <name>.text:_UARTIntNumberGet</name>
         <load_address>0x8844</load_address>
         <run_address>0x8844</run_address>
         <size>0x40</size>
         <input_file_ref idref="fl-174"/>
      </object_component>
      <object_component id="oc-538">
         <name>.text</name>
         <load_address>0x8884</load_address>
         <run_address>0x8884</run_address>
         <size>0x40</size>
         <input_file_ref idref="fl-16a"/>
      </object_component>
      <object_component id="oc-148">
         <name>.text</name>
         <load_address>0x88c4</load_address>
         <run_address>0x88c4</run_address>
         <size>0x38</size>
         <input_file_ref idref="fl-14c"/>
      </object_component>
      <object_component id="oc-2ab">
         <name>.text:IntRegister</name>
         <load_address>0x88fc</load_address>
         <run_address>0x88fc</run_address>
         <size>0x34</size>
         <input_file_ref idref="fl-16f"/>
      </object_component>
      <object_component id="oc-177">
         <name>.text:SysCtlPeripheralEnable</name>
         <load_address>0x8930</load_address>
         <run_address>0x8930</run_address>
         <size>0x34</size>
         <input_file_ref idref="fl-171"/>
      </object_component>
      <object_component id="oc-504">
         <name>.text</name>
         <load_address>0x8964</load_address>
         <run_address>0x8964</run_address>
         <size>0x34</size>
         <input_file_ref idref="fl-168"/>
      </object_component>
      <object_component id="oc-491">
         <name>.text</name>
         <load_address>0x8998</load_address>
         <run_address>0x8998</run_address>
         <size>0x30</size>
         <input_file_ref idref="fl-162"/>
      </object_component>
      <object_component id="oc-4d5">
         <name>.text</name>
         <load_address>0x89c8</load_address>
         <run_address>0x89c8</run_address>
         <size>0x30</size>
         <input_file_ref idref="fl-165"/>
      </object_component>
      <object_component id="oc-138">
         <name>.text</name>
         <load_address>0x89f8</load_address>
         <run_address>0x89f8</run_address>
         <size>0x2e</size>
         <input_file_ref idref="fl-14d"/>
      </object_component>
      <object_component id="oc-528">
         <name>.text</name>
         <load_address>0x8a26</load_address>
         <run_address>0x8a26</run_address>
         <size>0x2e</size>
         <input_file_ref idref="fl-169"/>
      </object_component>
      <object_component id="oc-3ee">
         <name>.text:GPIODirModeSet</name>
         <load_address>0x8a54</load_address>
         <run_address>0x8a54</run_address>
         <size>0x2a</size>
         <input_file_ref idref="fl-16e"/>
      </object_component>
      <object_component id="oc-47f">
         <name>.text</name>
         <load_address>0x8a7e</load_address>
         <run_address>0x8a7e</run_address>
         <size>0x2a</size>
         <input_file_ref idref="fl-15c"/>
      </object_component>
      <object_component id="oc-162">
         <name>.text:SysTickIntRegister</name>
         <load_address>0x8aa8</load_address>
         <run_address>0x8aa8</run_address>
         <size>0x1c</size>
         <input_file_ref idref="fl-172"/>
      </object_component>
      <object_component id="oc-3fb">
         <name>.text:UARTDisable</name>
         <load_address>0x8ac4</load_address>
         <run_address>0x8ac4</run_address>
         <size>0x1c</size>
         <input_file_ref idref="fl-174"/>
      </object_component>
      <object_component id="oc-497">
         <name>.text</name>
         <load_address>0x8ae0</load_address>
         <run_address>0x8ae0</run_address>
         <size>0x1c</size>
         <input_file_ref idref="fl-15f"/>
      </object_component>
      <object_component id="oc-1a5">
         <name>.text:ADCIntRegister</name>
         <load_address>0x8afc</load_address>
         <run_address>0x8afc</run_address>
         <size>0x18</size>
         <input_file_ref idref="fl-16c"/>
      </object_component>
      <object_component id="oc-25f">
         <name>.text:GPIOIntRegister</name>
         <load_address>0x8b14</load_address>
         <run_address>0x8b14</run_address>
         <size>0x18</size>
         <input_file_ref idref="fl-16e"/>
      </object_component>
      <object_component id="oc-198">
         <name>.text:QEIIntRegister</name>
         <load_address>0x8b2c</load_address>
         <run_address>0x8b2c</run_address>
         <size>0x18</size>
         <input_file_ref idref="fl-170"/>
      </object_component>
      <object_component id="oc-1b7">
         <name>.text:TimerIntRegister</name>
         <load_address>0x8b44</load_address>
         <run_address>0x8b44</run_address>
         <size>0x18</size>
         <input_file_ref idref="fl-173"/>
      </object_component>
      <object_component id="oc-30e">
         <name>.text:UARTIntRegister</name>
         <load_address>0x8b5c</load_address>
         <run_address>0x8b5c</run_address>
         <size>0x18</size>
         <input_file_ref idref="fl-174"/>
      </object_component>
      <object_component id="oc-64">
         <name>.text</name>
         <load_address>0x8b74</load_address>
         <run_address>0x8b74</run_address>
         <size>0x18</size>
         <input_file_ref idref="fl-157"/>
      </object_component>
      <object_component id="oc-48b">
         <name>.text</name>
         <load_address>0x8b8c</load_address>
         <run_address>0x8b8c</run_address>
         <size>0x16</size>
         <input_file_ref idref="fl-160"/>
      </object_component>
      <object_component id="oc-401">
         <name>.text:UARTEnable</name>
         <load_address>0x8ba2</load_address>
         <run_address>0x8ba2</run_address>
         <size>0x14</size>
         <input_file_ref idref="fl-174"/>
      </object_component>
      <object_component id="oc-11d">
         <name>.text</name>
         <load_address>0x8bb8</load_address>
         <run_address>0x8bb8</run_address>
         <size>0x14</size>
         <input_file_ref idref="fl-155"/>
      </object_component>
      <object_component id="oc-344">
         <name>.text</name>
         <load_address>0x8bcc</load_address>
         <run_address>0x8bcc</run_address>
         <size>0x14</size>
         <input_file_ref idref="fl-152"/>
      </object_component>
      <object_component id="oc-302">
         <name>.text:GPIOPinTypeUART</name>
         <load_address>0x8be0</load_address>
         <run_address>0x8be0</run_address>
         <size>0x12</size>
         <input_file_ref idref="fl-16e"/>
      </object_component>
      <object_component id="oc-1b1">
         <name>.text:TimerLoadSet</name>
         <load_address>0x8bf2</load_address>
         <run_address>0x8bf2</run_address>
         <size>0x12</size>
         <input_file_ref idref="fl-173"/>
      </object_component>
      <object_component id="oc-168">
         <name>.text:IntMasterDisable</name>
         <load_address>0x8c04</load_address>
         <run_address>0x8c04</run_address>
         <size>0x10</size>
         <input_file_ref idref="fl-16f"/>
      </object_component>
      <object_component id="oc-2be">
         <name>.text:_EEPROMWaitForDone</name>
         <load_address>0x8c14</load_address>
         <run_address>0x8c14</run_address>
         <size>0x10</size>
         <input_file_ref idref="fl-16d"/>
      </object_component>
      <object_component id="oc-271">
         <name>.text:GPIOIntStatus</name>
         <load_address>0x8c24</load_address>
         <run_address>0x8c24</run_address>
         <size>0xe</size>
         <input_file_ref idref="fl-16e"/>
      </object_component>
      <object_component id="oc-1cf">
         <name>.text:TimerEnable</name>
         <load_address>0x8c32</load_address>
         <run_address>0x8c32</run_address>
         <size>0xe</size>
         <input_file_ref idref="fl-173"/>
      </object_component>
      <object_component id="oc-32c">
         <name>.text:UARTCharPutNonBlocking</name>
         <load_address>0x8c40</load_address>
         <run_address>0x8c40</run_address>
         <size>0xe</size>
         <input_file_ref idref="fl-174"/>
      </object_component>
      <object_component id="oc-12">
         <name>.text:decompress:none</name>
         <load_address>0x8c4e</load_address>
         <run_address>0x8c4e</run_address>
         <size>0xe</size>
         <input_file_ref idref="fl-142"/>
      </object_component>
      <object_component id="oc-2b3">
         <name>.text:CPUcpsid</name>
         <load_address>0x8c5c</load_address>
         <run_address>0x8c5c</run_address>
         <size>0xc</size>
         <input_file_ref idref="fl-175"/>
      </object_component>
      <object_component id="oc-265">
         <name>.text:GPIOIntEnable</name>
         <load_address>0x8c68</load_address>
         <run_address>0x8c68</run_address>
         <size>0xc</size>
         <input_file_ref idref="fl-16e"/>
      </object_component>
      <object_component id="oc-338">
         <name>.text:UARTCharsAvail</name>
         <load_address>0x8c74</load_address>
         <run_address>0x8c74</run_address>
         <size>0xc</size>
         <input_file_ref idref="fl-174"/>
      </object_component>
      <object_component id="oc-31a">
         <name>.text:UARTTxIntModeSet</name>
         <load_address>0x8c80</load_address>
         <run_address>0x8c80</run_address>
         <size>0xc</size>
         <input_file_ref idref="fl-174"/>
      </object_component>
      <object_component id="oc-1e">
         <name>.text:decompress:ZI</name>
         <load_address>0x8c8c</load_address>
         <run_address>0x8c8c</run_address>
         <size>0xc</size>
         <input_file_ref idref="fl-144"/>
      </object_component>
      <object_component id="oc-2a">
         <name>.text</name>
         <load_address>0x8c98</load_address>
         <run_address>0x8c98</run_address>
         <size>0xc</size>
         <input_file_ref idref="fl-4"/>
      </object_component>
      <object_component id="oc-132">
         <name>.text</name>
         <load_address>0x8ca4</load_address>
         <run_address>0x8ca4</run_address>
         <size>0xa</size>
         <input_file_ref idref="fl-9"/>
      </object_component>
      <object_component id="oc-332">
         <name>.text:UARTCharGet</name>
         <load_address>0x8cae</load_address>
         <run_address>0x8cae</run_address>
         <size>0xa</size>
         <input_file_ref idref="fl-174"/>
      </object_component>
      <object_component id="oc-320">
         <name>.text:UARTIntStatus</name>
         <load_address>0x8cb8</load_address>
         <run_address>0x8cb8</run_address>
         <size>0xa</size>
         <input_file_ref idref="fl-174"/>
      </object_component>
      <object_component id="oc-1c3">
         <name>.text:TimerIntEnable</name>
         <load_address>0x8cc2</load_address>
         <run_address>0x8cc2</run_address>
         <size>0x8</size>
         <input_file_ref idref="fl-173"/>
      </object_component>
      <object_component id="oc-314">
         <name>.text:UARTIntEnable</name>
         <load_address>0x8cca</load_address>
         <run_address>0x8cca</run_address>
         <size>0x8</size>
         <input_file_ref idref="fl-174"/>
      </object_component>
      <object_component id="oc-26b">
         <name>.text:GPIOIntClear</name>
         <load_address>0x8cd2</load_address>
         <run_address>0x8cd2</run_address>
         <size>0x6</size>
         <input_file_ref idref="fl-16e"/>
      </object_component>
      <object_component id="oc-c9">
         <name>.text:GPIOPinRead</name>
         <load_address>0x8cd8</load_address>
         <run_address>0x8cd8</run_address>
         <size>0x6</size>
         <input_file_ref idref="fl-16e"/>
      </object_component>
      <object_component id="oc-e1">
         <name>.text:SysCtlDelay</name>
         <load_address>0x8cde</load_address>
         <run_address>0x8cde</run_address>
         <size>0x6</size>
         <input_file_ref idref="fl-171"/>
      </object_component>
      <object_component id="oc-18">
         <name>.text:decompress:rle24</name>
         <load_address>0x8ce4</load_address>
         <run_address>0x8ce4</run_address>
         <size>0x6</size>
         <input_file_ref idref="fl-143"/>
      </object_component>
      <object_component id="oc-1c9">
         <name>.text:TimerIntClear</name>
         <load_address>0x8cea</load_address>
         <run_address>0x8cea</run_address>
         <size>0x4</size>
         <input_file_ref idref="fl-173"/>
      </object_component>
      <object_component id="oc-326">
         <name>.text:UARTIntClear</name>
         <load_address>0x8cee</load_address>
         <run_address>0x8cee</run_address>
         <size>0x4</size>
         <input_file_ref idref="fl-174"/>
      </object_component>
      <object_component id="oc-58">
         <name>.text</name>
         <load_address>0x8cf2</load_address>
         <run_address>0x8cf2</run_address>
         <size>0x4</size>
         <input_file_ref idref="fl-150"/>
      </object_component>
      <object_component id="oc-4e3">
         <name>.const:.string:_ctypes_</name>
         <load_address>0x8cf8</load_address>
         <run_address>0x8cf8</run_address>
         <size>0x101</size>
         <input_file_ref idref="fl-15b"/>
      </object_component>
      <object_component id="oc-442">
         <name>.const:g_ppui32GPIOIntMapBlizzard</name>
         <load_address>0x8dfc</load_address>
         <run_address>0x8dfc</run_address>
         <size>0xc0</size>
         <input_file_ref idref="fl-16e"/>
      </object_component>
      <object_component id="oc-445">
         <name>.const:g_ppui32GPIOIntMapSnowflake</name>
         <load_address>0x8ebc</load_address>
         <run_address>0x8ebc</run_address>
         <size>0xc0</size>
         <input_file_ref idref="fl-16e"/>
      </object_component>
      <object_component id="oc-3ea">
         <name>.const:g_pui32GPIOBaseAddrs</name>
         <load_address>0x8f7c</load_address>
         <run_address>0x8f7c</run_address>
         <size>0x90</size>
         <input_file_ref idref="fl-16e"/>
      </object_component>
      <object_component id="oc-2f0">
         <name>.const</name>
         <load_address>0x900c</load_address>
         <run_address>0x900c</run_address>
         <size>0x70</size>
         <input_file_ref idref="fl-16f"/>
      </object_component>
      <object_component id="oc-194">
         <name>.const:g_pui32Xtals</name>
         <load_address>0x907c</load_address>
         <run_address>0x907c</run_address>
         <size>0x6c</size>
         <input_file_ref idref="fl-171"/>
      </object_component>
      <object_component id="oc-3df">
         <name>.const:g_ppui32TimerIntMap</name>
         <load_address>0x90e8</load_address>
         <run_address>0x90e8</run_address>
         <size>0x60</size>
         <input_file_ref idref="fl-173"/>
      </object_component>
      <object_component id="oc-3e2">
         <name>.const:g_ppui32TimerIntMapSnowflake</name>
         <load_address>0x9148</load_address>
         <run_address>0x9148</run_address>
         <size>0x40</size>
         <input_file_ref idref="fl-173"/>
      </object_component>
      <object_component id="oc-46d">
         <name>.const:g_ppui32UARTIntMap</name>
         <load_address>0x9188</load_address>
         <run_address>0x9188</run_address>
         <size>0x40</size>
         <input_file_ref idref="fl-174"/>
      </object_component>
      <object_component id="oc-470">
         <name>.const:g_ppui32UARTIntMapSnowflake</name>
         <load_address>0x91c8</load_address>
         <run_address>0x91c8</run_address>
         <size>0x40</size>
         <input_file_ref idref="fl-174"/>
      </object_component>
      <object_component id="oc-24f">
         <name>.const</name>
         <load_address>0x9208</load_address>
         <run_address>0x9208</run_address>
         <size>0x20</size>
         <input_file_ref idref="fl-14"/>
      </object_component>
      <object_component id="oc-449">
         <name>.const</name>
         <load_address>0x9228</load_address>
         <run_address>0x9228</run_address>
         <size>0x4</size>
         <input_file_ref idref="fl-d"/>
      </object_component>
      <object_component id="oc-57f">
         <name>.cinit..data.load</name>
         <load_address>0x9230</load_address>
         <run_address>0x9230</run_address>
         <size>0x120</size>
      </object_component>
      <object_component id="oc-57c">
         <name>__TI_handler_table</name>
         <load_address>0x9350</load_address>
         <run_address>0x9350</run_address>
         <size>0xc</size>
      </object_component>
      <object_component id="oc-580">
         <name>.cinit..bss.load</name>
         <load_address>0x9360</load_address>
         <run_address>0x9360</run_address>
         <size>0x8</size>
      </object_component>
      <object_component id="oc-57e">
         <name>.cinit..vtable.load</name>
         <load_address>0x9368</load_address>
         <run_address>0x9368</run_address>
         <size>0x8</size>
      </object_component>
      <object_component id="oc-57d">
         <name>__TI_cinit_table</name>
         <load_address>0x9370</load_address>
         <run_address>0x9370</run_address>
         <size>0x18</size>
      </object_component>
      <object_component id="oc-3c7">
         <name>.vtable</name>
         <uninitialized>true</uninitialized>
         <run_address>0x20000000</run_address>
         <size>0x26c</size>
         <input_file_ref idref="fl-16f"/>
      </object_component>
      <object_component id="oc-29">
         <name>.stack</name>
         <uninitialized>true</uninitialized>
         <run_address>0x2000141c</run_address>
         <size>0x0</size>
         <input_file_ref idref="fl-141"/>
      </object_component>
      <object_component id="oc-581">
         <name>.stack</name>
         <uninitialized>true</uninitialized>
         <run_address>0x2000141c</run_address>
         <size>0x0</size>
      </object_component>
      <object_component id="oc-1e9">
         <name>.bss:timer_event_list</name>
         <uninitialized>true</uninitialized>
         <run_address>0x20001278</run_address>
         <size>0x50</size>
         <input_file_ref idref="fl-8"/>
      </object_component>
      <object_component id="oc-238">
         <name>.bss:HostComm_RxBuf</name>
         <uninitialized>true</uninitialized>
         <run_address>0x20000e28</run_address>
         <size>0x400</size>
         <input_file_ref idref="fl-12"/>
      </object_component>
      <object_component id="oc-234">
         <name>.bss:hostcom_event_list</name>
         <uninitialized>true</uninitialized>
         <run_address>0x20001228</run_address>
         <size>0x50</size>
         <input_file_ref idref="fl-12"/>
      </object_component>
      <object_component id="oc-356">
         <name>.bss:rxBuffer</name>
         <uninitialized>true</uninitialized>
         <run_address>0x20000270</run_address>
         <size>0x5dc</size>
         <input_file_ref idref="fl-16"/>
      </object_component>
      <object_component id="oc-34e">
         <name>.bss:txBuffer</name>
         <uninitialized>true</uninitialized>
         <run_address>0x2000084c</run_address>
         <size>0x5dc</size>
         <input_file_ref idref="fl-16"/>
      </object_component>
      <object_component id="oc-36b">
         <name>.common:Array</name>
         <uninitialized>true</uninitialized>
         <run_address>0x20001388</run_address>
         <size>0x8</size>
      </object_component>
      <object_component id="oc-201">
         <name>.common:Maze</name>
         <uninitialized>true</uninitialized>
         <run_address>0x200012c8</run_address>
         <size>0x20</size>
      </object_component>
      <object_component id="oc-228">
         <name>.common:leftError</name>
         <uninitialized>true</uninitialized>
         <run_address>0x200013c4</run_address>
         <size>0x4</size>
      </object_component>
      <object_component id="oc-229">
         <name>.common:rightError</name>
         <uninitialized>true</uninitialized>
         <run_address>0x200013d4</run_address>
         <size>0x4</size>
      </object_component>
      <object_component id="oc-207">
         <name>.common:avrSpeed</name>
         <uninitialized>true</uninitialized>
         <run_address>0x200013b0</run_address>
         <size>0x4</size>
      </object_component>
      <object_component id="oc-225">
         <name>.common:avrSpeedTmp</name>
         <uninitialized>true</uninitialized>
         <run_address>0x200013b4</run_address>
         <size>0x4</size>
      </object_component>
      <object_component id="oc-22d">
         <name>.common:fwdPulse</name>
         <uninitialized>true</uninitialized>
         <run_address>0x200013bc</run_address>
         <size>0x4</size>
      </object_component>
      <object_component id="oc-20d">
         <name>.common:error$1</name>
         <uninitialized>true</uninitialized>
         <run_address>0x200013b8</run_address>
         <size>0x4</size>
      </object_component>
      <object_component id="oc-20e">
         <name>.common:u$2</name>
         <uninitialized>true</uninitialized>
         <run_address>0x200013f4</run_address>
         <size>0x4</size>
      </object_component>
      <object_component id="oc-211">
         <name>.common:origLeft$5</name>
         <uninitialized>true</uninitialized>
         <run_address>0x200013c8</run_address>
         <size>0x4</size>
      </object_component>
      <object_component id="oc-212">
         <name>.common:origRight$6</name>
         <uninitialized>true</uninitialized>
         <run_address>0x200013cc</run_address>
         <size>0x4</size>
      </object_component>
      <object_component id="oc-223">
         <name>.common:vt$8</name>
         <uninitialized>true</uninitialized>
         <run_address>0x20001404</run_address>
         <size>0x4</size>
      </object_component>
      <object_component id="oc-224">
         <name>.common:vp$9</name>
         <uninitialized>true</uninitialized>
         <run_address>0x200013fc</run_address>
         <size>0x4</size>
      </object_component>
      <object_component id="oc-22b">
         <name>.common:vt$10</name>
         <uninitialized>true</uninitialized>
         <run_address>0x20001400</run_address>
         <size>0x4</size>
      </object_component>
      <object_component id="oc-22a">
         <name>.common:vp$11</name>
         <uninitialized>true</uninitialized>
         <run_address>0x200013f8</run_address>
         <size>0x4</size>
      </object_component>
      <object_component id="oc-22c">
         <name>.common:i$12</name>
         <uninitialized>true</uninitialized>
         <run_address>0x200013c0</run_address>
         <size>0x4</size>
      </object_component>
      <object_component id="oc-210">
         <name>.common:isWallLeft</name>
         <uninitialized>true</uninitialized>
         <run_address>0x2000141a</run_address>
         <size>0x1</size>
      </object_component>
      <object_component id="oc-20f">
         <name>.common:isWallRight</name>
         <uninitialized>true</uninitialized>
         <run_address>0x2000141b</run_address>
         <size>0x1</size>
      </object_component>
      <object_component id="oc-226">
         <name>.common:isWallFrontLeft</name>
         <uninitialized>true</uninitialized>
         <run_address>0x20001418</run_address>
         <size>0x1</size>
      </object_component>
      <object_component id="oc-227">
         <name>.common:isWallFrontRight</name>
         <uninitialized>true</uninitialized>
         <run_address>0x20001419</run_address>
         <size>0x1</size>
      </object_component>
      <object_component id="oc-3b8">
         <name>.common:rtInf</name>
         <uninitialized>true</uninitialized>
         <run_address>0x20001390</run_address>
         <size>0x8</size>
      </object_component>
      <object_component id="oc-3ba">
         <name>.common:rtMinusInf</name>
         <uninitialized>true</uninitialized>
         <run_address>0x20001398</run_address>
         <size>0x8</size>
      </object_component>
      <object_component id="oc-3b4">
         <name>.common:rtNaN</name>
         <uninitialized>true</uninitialized>
         <run_address>0x200013a0</run_address>
         <size>0x8</size>
      </object_component>
      <object_component id="oc-3b9">
         <name>.common:rtInfF</name>
         <uninitialized>true</uninitialized>
         <run_address>0x200013d8</run_address>
         <size>0x4</size>
      </object_component>
      <object_component id="oc-3bb">
         <name>.common:rtMinusInfF</name>
         <uninitialized>true</uninitialized>
         <run_address>0x200013dc</run_address>
         <size>0x4</size>
      </object_component>
      <object_component id="oc-3b7">
         <name>.common:rtNaNF</name>
         <uninitialized>true</uninitialized>
         <run_address>0x200013e0</run_address>
         <size>0x4</size>
      </object_component>
      <object_component id="oc-156">
         <name>.common:Theta</name>
         <uninitialized>true</uninitialized>
         <run_address>0x200012e8</run_address>
         <size>0x20</size>
      </object_component>
      <object_component id="oc-159">
         <name>.common:Theta2</name>
         <uninitialized>true</uninitialized>
         <run_address>0x20001308</run_address>
         <size>0x20</size>
      </object_component>
      <object_component id="oc-1a1">
         <name>.common:qei_velocity_timeout</name>
         <uninitialized>true</uninitialized>
         <run_address>0x200013d0</run_address>
         <size>0x4</size>
      </object_component>
      <object_component id="oc-1e2">
         <name>.common:ir_calib_values</name>
         <uninitialized>true</uninitialized>
         <run_address>0x20001328</run_address>
         <size>0x20</size>
      </object_component>
      <object_component id="oc-1d8">
         <name>.common:IR_Result</name>
         <uninitialized>true</uninitialized>
         <run_address>0x2000135c</run_address>
         <size>0x10</size>
      </object_component>
      <object_component id="oc-1db">
         <name>.common:IR_ResultTmp</name>
         <uninitialized>true</uninitialized>
         <run_address>0x2000136c</run_address>
         <size>0x10</size>
      </object_component>
      <object_component id="oc-23e">
         <name>.common:rxHead</name>
         <uninitialized>true</uninitialized>
         <run_address>0x200013ec</run_address>
         <size>0x4</size>
      </object_component>
      <object_component id="oc-23b">
         <name>.common:rxTail</name>
         <uninitialized>true</uninitialized>
         <run_address>0x200013f0</run_address>
         <size>0x4</size>
      </object_component>
      <object_component id="oc-23f">
         <name>.common:rxFrameStart</name>
         <uninitialized>true</uninitialized>
         <run_address>0x200013e8</run_address>
         <size>0x4</size>
      </object_component>
      <object_component id="oc-240">
         <name>.common:rxFrameEnd</name>
         <uninitialized>true</uninitialized>
         <run_address>0x200013e4</run_address>
         <size>0x4</size>
      </object_component>
      <object_component id="oc-237">
         <name>.common:datalen$1</name>
         <uninitialized>true</uninitialized>
         <run_address>0x20001408</run_address>
         <size>0x2</size>
      </object_component>
      <object_component id="oc-277">
         <name>.common:Button_right_callback</name>
         <uninitialized>true</uninitialized>
         <run_address>0x200013ac</run_address>
         <size>0x4</size>
      </object_component>
      <object_component id="oc-27a">
         <name>.common:Button_left_callback</name>
         <uninitialized>true</uninitialized>
         <run_address>0x200013a8</run_address>
         <size>0x4</size>
      </object_component>
      <object_component id="oc-354">
         <name>.common:rxHead</name>
         <uninitialized>true</uninitialized>
         <run_address>0x2000140a</run_address>
         <size>0x2</size>
      </object_component>
      <object_component id="oc-355">
         <name>.common:rxTail</name>
         <uninitialized>true</uninitialized>
         <run_address>0x2000140c</run_address>
         <size>0x2</size>
      </object_component>
      <object_component id="oc-34d">
         <name>.common:txHead</name>
         <uninitialized>true</uninitialized>
         <run_address>0x2000140e</run_address>
         <size>0x2</size>
      </object_component>
      <object_component id="oc-34a">
         <name>.common:txTail</name>
         <uninitialized>true</uninitialized>
         <run_address>0x20001410</run_address>
         <size>0x2</size>
      </object_component>
      <object_component id="oc-35a">
         <name>.common:hc05_SystemInfoType</name>
         <uninitialized>true</uninitialized>
         <run_address>0x20001414</run_address>
         <size>0x1</size>
      </object_component>
      <object_component id="oc-35b">
         <name>.common:hc05_SystemInfoID</name>
         <uninitialized>true</uninitialized>
         <run_address>0x20001413</run_address>
         <size>0x1</size>
      </object_component>
      <object_component id="oc-360">
         <name>.common:hc05_Timer_ID</name>
         <uninitialized>true</uninitialized>
         <run_address>0x20001415</run_address>
         <size>0x1</size>
      </object_component>
      <object_component id="oc-35f">
         <name>.common:hc05_EvtQueue</name>
         <uninitialized>true</uninitialized>
         <run_address>0x2000137c</run_address>
         <size>0xc</size>
      </object_component>
      <object_component id="oc-35e">
         <name>.common:hc05_evt_w_index</name>
         <uninitialized>true</uninitialized>
         <run_address>0x20001417</run_address>
         <size>0x1</size>
      </object_component>
      <object_component id="oc-35d">
         <name>.common:hc05_evt_r_index</name>
         <uninitialized>true</uninitialized>
         <run_address>0x20001416</run_address>
         <size>0x1</size>
      </object_component>
      <object_component id="oc-35c">
         <name>.common:hc05_IsEvtQueueFull</name>
         <uninitialized>true</uninitialized>
         <run_address>0x20001412</run_address>
         <size>0x1</size>
      </object_component>
      <object_component id="oc-359">
         <name>.common:HC05_Notify_Callbacks</name>
         <uninitialized>true</uninitialized>
         <run_address>0x20001348</run_address>
         <size>0x14</size>
      </object_component>
      <object_component id="oc-16e">
         <name>.data</name>
         <load_address>0x200027f0</load_address>
         <run_address>0x200027f0</run_address>
         <size>0xc</size>
         <input_file_ref idref="fl-2"/>
      </object_component>
      <object_component id="oc-112">
         <name>.data</name>
         <load_address>0x2000282a</load_address>
         <run_address>0x2000282a</run_address>
         <size>0x1</size>
         <input_file_ref idref="fl-3"/>
      </object_component>
      <object_component id="oc-1f8">
         <name>.data</name>
         <load_address>0x200026e8</load_address>
         <run_address>0x200026e8</run_address>
         <size>0x36</size>
         <input_file_ref idref="fl-7"/>
      </object_component>
      <object_component id="oc-20a">
         <name>.data:pid_wall_right</name>
         <load_address>0x200027c8</load_address>
         <run_address>0x200027c8</run_address>
         <size>0x28</size>
         <input_file_ref idref="fl-7"/>
      </object_component>
      <object_component id="oc-204">
         <name>.data:pid_wall_left</name>
         <load_address>0x200027a0</load_address>
         <run_address>0x200027a0</run_address>
         <size>0x28</size>
         <input_file_ref idref="fl-7"/>
      </object_component>
      <object_component id="oc-213">
         <name>.data:pid_posLeft</name>
         <load_address>0x20002750</load_address>
         <run_address>0x20002750</run_address>
         <size>0x28</size>
         <input_file_ref idref="fl-7"/>
      </object_component>
      <object_component id="oc-216">
         <name>.data:pid_posRight</name>
         <load_address>0x20002778</load_address>
         <run_address>0x20002778</run_address>
         <size>0x28</size>
         <input_file_ref idref="fl-7"/>
      </object_component>
      <object_component id="oc-296">
         <name>.data</name>
         <load_address>0x20002720</load_address>
         <run_address>0x20002720</run_address>
         <size>0x30</size>
         <input_file_ref idref="fl-a"/>
      </object_component>
      <object_component id="oc-2a0">
         <name>.data</name>
         <load_address>0x200026a8</load_address>
         <run_address>0x200026a8</run_address>
         <size>0x40</size>
         <input_file_ref idref="fl-b"/>
      </object_component>
      <object_component id="oc-2a1">
         <name>.data:P_$3</name>
         <load_address>0x200024d0</load_address>
         <run_address>0x200024d0</run_address>
         <size>0x80</size>
         <input_file_ref idref="fl-b"/>
      </object_component>
      <object_component id="oc-2a2">
         <name>.data:P_$6</name>
         <load_address>0x20002550</load_address>
         <run_address>0x20002550</run_address>
         <size>0x80</size>
         <input_file_ref idref="fl-b"/>
      </object_component>
      <object_component id="oc-153">
         <name>.data</name>
         <load_address>0x20002650</load_address>
         <run_address>0x20002650</run_address>
         <size>0x55</size>
         <input_file_ref idref="fl-f"/>
      </object_component>
      <object_component id="oc-19e">
         <name>.data</name>
         <load_address>0x200027fc</load_address>
         <run_address>0x200027fc</run_address>
         <size>0x8</size>
         <input_file_ref idref="fl-10"/>
      </object_component>
      <object_component id="oc-1d5">
         <name>.data</name>
         <load_address>0x2000271e</load_address>
         <run_address>0x2000271e</run_address>
         <size>0x2</size>
         <input_file_ref idref="fl-11"/>
      </object_component>
      <object_component id="oc-241">
         <name>.data</name>
         <load_address>0x200026a7</load_address>
         <run_address>0x200026a7</run_address>
         <size>0x1</size>
         <input_file_ref idref="fl-12"/>
      </object_component>
      <object_component id="oc-252">
         <name>.data</name>
         <load_address>0x20002821</load_address>
         <run_address>0x20002821</run_address>
         <size>0x5</size>
         <input_file_ref idref="fl-14"/>
      </object_component>
      <object_component id="oc-27b">
         <name>.data</name>
         <load_address>0x200026a5</load_address>
         <run_address>0x200026a5</run_address>
         <size>0x2</size>
         <input_file_ref idref="fl-15"/>
      </object_component>
      <object_component id="oc-351">
         <name>.data</name>
         <load_address>0x20002826</load_address>
         <run_address>0x20002826</run_address>
         <size>0x4</size>
         <input_file_ref idref="fl-16"/>
      </object_component>
      <object_component id="oc-25b">
         <name>.data</name>
         <load_address>0x2000281c</load_address>
         <run_address>0x2000281c</run_address>
         <size>0x5</size>
         <input_file_ref idref="fl-19"/>
      </object_component>
      <object_component id="oc-a8">
         <name>.data</name>
         <load_address>0x2000280c</load_address>
         <run_address>0x2000280c</run_address>
         <size>0x8</size>
         <input_file_ref idref="fl-145"/>
      </object_component>
      <object_component id="oc-70">
         <name>.data</name>
         <load_address>0x20002830</load_address>
         <run_address>0x20002830</run_address>
         <size>0x4</size>
         <input_file_ref idref="fl-151"/>
      </object_component>
      <object_component id="oc-a5">
         <name>.data</name>
         <load_address>0x20002804</load_address>
         <run_address>0x20002804</run_address>
         <size>0x8</size>
         <input_file_ref idref="fl-155"/>
      </object_component>
      <object_component id="oc-4ff">
         <name>.data</name>
         <load_address>0x200025d0</load_address>
         <run_address>0x200025d0</run_address>
         <size>0x80</size>
         <input_file_ref idref="fl-166"/>
      </object_component>
      <object_component id="oc-50a">
         <name>.data</name>
         <load_address>0x2000282c</load_address>
         <run_address>0x2000282c</run_address>
         <size>0x4</size>
         <input_file_ref idref="fl-167"/>
      </object_component>
      <object_component id="oc-52e">
         <name>.data</name>
         <load_address>0x20002814</load_address>
         <run_address>0x20002814</run_address>
         <size>0x8</size>
         <input_file_ref idref="fl-168"/>
      </object_component>
      <object_component id="oc-549">
         <name>.data:sigtable</name>
         <load_address>0x20002420</load_address>
         <run_address>0x20002420</run_address>
         <size>0xb0</size>
         <input_file_ref idref="fl-16a"/>
      </object_component>
      <object_component id="oc-36a">
         <name>.debug_info</name>
         <load_address>0x0</load_address>
         <run_address>0x0</run_address>
         <size>0x28d</size>
         <input_file_ref idref="fl-2"/>
      </object_component>
      <object_component id="oc-16f">
         <name>.debug_info</name>
         <load_address>0x28d</load_address>
         <run_address>0x28d</run_address>
         <size>0x121</size>
         <input_file_ref idref="fl-2"/>
      </object_component>
      <object_component id="oc-d0">
         <name>.debug_info</name>
         <load_address>0x3ae</load_address>
         <run_address>0x3ae</run_address>
         <size>0x700</size>
         <input_file_ref idref="fl-2"/>
      </object_component>
      <object_component id="oc-172">
         <name>.debug_info</name>
         <load_address>0xaae</load_address>
         <run_address>0xaae</run_address>
         <size>0x99</size>
         <input_file_ref idref="fl-2"/>
      </object_component>
      <object_component id="oc-1e4">
         <name>.debug_info</name>
         <load_address>0xb47</load_address>
         <run_address>0xb47</run_address>
         <size>0x147</size>
         <input_file_ref idref="fl-2"/>
      </object_component>
      <object_component id="oc-245">
         <name>.debug_info</name>
         <load_address>0xc8e</load_address>
         <run_address>0xc8e</run_address>
         <size>0x14a</size>
         <input_file_ref idref="fl-2"/>
      </object_component>
      <object_component id="oc-27f">
         <name>.debug_info</name>
         <load_address>0xdd8</load_address>
         <run_address>0xdd8</run_address>
         <size>0x51</size>
         <input_file_ref idref="fl-2"/>
      </object_component>
      <object_component id="oc-15b">
         <name>.debug_info</name>
         <load_address>0xe29</load_address>
         <run_address>0xe29</run_address>
         <size>0x48</size>
         <input_file_ref idref="fl-2"/>
      </object_component>
      <object_component id="oc-22f">
         <name>.debug_info</name>
         <load_address>0xe71</load_address>
         <run_address>0xe71</run_address>
         <size>0xeb</size>
         <input_file_ref idref="fl-2"/>
      </object_component>
      <object_component id="oc-24a">
         <name>.debug_info</name>
         <load_address>0xf5c</load_address>
         <run_address>0xf5c</run_address>
         <size>0x158</size>
         <input_file_ref idref="fl-2"/>
      </object_component>
      <object_component id="oc-298">
         <name>.debug_info</name>
         <load_address>0x10b4</load_address>
         <run_address>0x10b4</run_address>
         <size>0x326</size>
         <input_file_ref idref="fl-2"/>
      </object_component>
      <object_component id="oc-452">
         <name>.debug_info</name>
         <load_address>0x13da</load_address>
         <run_address>0x13da</run_address>
         <size>0x136</size>
         <input_file_ref idref="fl-2"/>
      </object_component>
      <object_component id="oc-375">
         <name>.debug_info</name>
         <load_address>0x1510</load_address>
         <run_address>0x1510</run_address>
         <size>0xfe</size>
         <input_file_ref idref="fl-2"/>
      </object_component>
      <object_component id="oc-43b">
         <name>.debug_info</name>
         <load_address>0x160e</load_address>
         <run_address>0x160e</run_address>
         <size>0x5e</size>
         <input_file_ref idref="fl-2"/>
      </object_component>
      <object_component id="oc-b0">
         <name>.debug_info</name>
         <load_address>0x166c</load_address>
         <run_address>0x166c</run_address>
         <size>0x8b</size>
         <input_file_ref idref="fl-2"/>
      </object_component>
      <object_component id="oc-1ed">
         <name>.debug_info</name>
         <load_address>0x16f7</load_address>
         <run_address>0x16f7</run_address>
         <size>0x39</size>
         <input_file_ref idref="fl-2"/>
      </object_component>
      <object_component id="oc-7c">
         <name>.debug_info</name>
         <load_address>0x1730</load_address>
         <run_address>0x1730</run_address>
         <size>0x18b</size>
         <input_file_ref idref="fl-2"/>
      </object_component>
      <object_component id="oc-8c">
         <name>.debug_info</name>
         <load_address>0x18bb</load_address>
         <run_address>0x18bb</run_address>
         <size>0x2c</size>
         <input_file_ref idref="fl-2"/>
      </object_component>
      <object_component id="oc-362">
         <name>.debug_info</name>
         <load_address>0x18e7</load_address>
         <run_address>0x18e7</run_address>
         <size>0x4e</size>
         <input_file_ref idref="fl-2"/>
      </object_component>
      <object_component id="oc-113">
         <name>.debug_info</name>
         <load_address>0x1935</load_address>
         <run_address>0x1935</run_address>
         <size>0xcc</size>
         <input_file_ref idref="fl-3"/>
      </object_component>
      <object_component id="oc-9e">
         <name>.debug_info</name>
         <load_address>0x1a01</load_address>
         <run_address>0x1a01</run_address>
         <size>0x6d3</size>
         <input_file_ref idref="fl-3"/>
      </object_component>
      <object_component id="oc-32">
         <name>.debug_info</name>
         <load_address>0x20d4</load_address>
         <run_address>0x20d4</run_address>
         <size>0xec</size>
         <input_file_ref idref="fl-4"/>
      </object_component>
      <object_component id="oc-10">
         <name>.debug_info</name>
         <load_address>0x21c0</load_address>
         <run_address>0x21c0</run_address>
         <size>0xd1</size>
         <input_file_ref idref="fl-4"/>
      </object_component>
      <object_component id="oc-2b">
         <name>.debug_info</name>
         <load_address>0x2291</load_address>
         <run_address>0x2291</run_address>
         <size>0x1e5</size>
         <input_file_ref idref="fl-4"/>
      </object_component>
      <object_component id="oc-77">
         <name>.debug_info</name>
         <load_address>0x2476</load_address>
         <run_address>0x2476</run_address>
         <size>0x84</size>
         <input_file_ref idref="fl-4"/>
      </object_component>
      <object_component id="oc-202">
         <name>.debug_info</name>
         <load_address>0x24fa</load_address>
         <run_address>0x24fa</run_address>
         <size>0x2d0</size>
         <input_file_ref idref="fl-5"/>
      </object_component>
      <object_component id="oc-1f3">
         <name>.debug_info</name>
         <load_address>0x27ca</load_address>
         <run_address>0x27ca</run_address>
         <size>0x52f</size>
         <input_file_ref idref="fl-5"/>
      </object_component>
      <object_component id="oc-370">
         <name>.debug_info</name>
         <load_address>0x2cf9</load_address>
         <run_address>0x2cf9</run_address>
         <size>0x197</size>
         <input_file_ref idref="fl-6"/>
      </object_component>
      <object_component id="oc-1fc">
         <name>.debug_info</name>
         <load_address>0x2e90</load_address>
         <run_address>0x2e90</run_address>
         <size>0x325</size>
         <input_file_ref idref="fl-6"/>
      </object_component>
      <object_component id="oc-208">
         <name>.debug_info</name>
         <load_address>0x31b5</load_address>
         <run_address>0x31b5</run_address>
         <size>0x6a6</size>
         <input_file_ref idref="fl-7"/>
      </object_component>
      <object_component id="oc-1f9">
         <name>.debug_info</name>
         <load_address>0x385b</load_address>
         <run_address>0x385b</run_address>
         <size>0x33e</size>
         <input_file_ref idref="fl-7"/>
      </object_component>
      <object_component id="oc-20b">
         <name>.debug_info</name>
         <load_address>0x3b99</load_address>
         <run_address>0x3b99</run_address>
         <size>0xdf</size>
         <input_file_ref idref="fl-7"/>
      </object_component>
      <object_component id="oc-205">
         <name>.debug_info</name>
         <load_address>0x3c78</load_address>
         <run_address>0x3c78</run_address>
         <size>0xdd</size>
         <input_file_ref idref="fl-7"/>
      </object_component>
      <object_component id="oc-214">
         <name>.debug_info</name>
         <load_address>0x3d55</load_address>
         <run_address>0x3d55</run_address>
         <size>0xd9</size>
         <input_file_ref idref="fl-7"/>
      </object_component>
      <object_component id="oc-217">
         <name>.debug_info</name>
         <load_address>0x3e2e</load_address>
         <run_address>0x3e2e</run_address>
         <size>0xdb</size>
         <input_file_ref idref="fl-7"/>
      </object_component>
      <object_component id="oc-f6">
         <name>.debug_info</name>
         <load_address>0x3f09</load_address>
         <run_address>0x3f09</run_address>
         <size>0x219c</size>
         <input_file_ref idref="fl-7"/>
      </object_component>
      <object_component id="oc-369">
         <name>.debug_info</name>
         <load_address>0x60a5</load_address>
         <run_address>0x60a5</run_address>
         <size>0x1d9</size>
         <input_file_ref idref="fl-8"/>
      </object_component>
      <object_component id="oc-1ea">
         <name>.debug_info</name>
         <load_address>0x627e</load_address>
         <run_address>0x627e</run_address>
         <size>0xd8</size>
         <input_file_ref idref="fl-8"/>
      </object_component>
      <object_component id="oc-ef">
         <name>.debug_info</name>
         <load_address>0x6356</load_address>
         <run_address>0x6356</run_address>
         <size>0x33f</size>
         <input_file_ref idref="fl-8"/>
      </object_component>
      <object_component id="oc-430">
         <name>.debug_info</name>
         <load_address>0x6695</load_address>
         <run_address>0x6695</run_address>
         <size>0x6b</size>
         <input_file_ref idref="fl-8"/>
      </object_component>
      <object_component id="oc-133">
         <name>.debug_info</name>
         <load_address>0x6700</load_address>
         <run_address>0x6700</run_address>
         <size>0x14d</size>
         <input_file_ref idref="fl-9"/>
      </object_component>
      <object_component id="oc-3bd">
         <name>.debug_info</name>
         <load_address>0x684d</load_address>
         <run_address>0x684d</run_address>
         <size>0x46</size>
         <input_file_ref idref="fl-9"/>
      </object_component>
      <object_component id="oc-29d">
         <name>.debug_info</name>
         <load_address>0x6893</load_address>
         <run_address>0x6893</run_address>
         <size>0x166</size>
         <input_file_ref idref="fl-a"/>
      </object_component>
      <object_component id="oc-13e">
         <name>.debug_info</name>
         <load_address>0x69f9</load_address>
         <run_address>0x69f9</run_address>
         <size>0x583</size>
         <input_file_ref idref="fl-a"/>
      </object_component>
      <object_component id="oc-2a4">
         <name>.debug_info</name>
[...]
         <object_component_ref idref="oc-1dc"/>
      </symbol>
      <symbol id="sm-866">
         <name>HC05_GetSystemInfoType</name>
         <value>0x4e89</value>
         <object_component_ref idref="oc-1dc"/>
      </symbol>
      <symbol id="sm-867">
         <name>bluetooth_recv</name>
         <value>0x4b89</value>
         <object_component_ref idref="oc-1dc"/>
      </symbol>
      <symbol id="sm-868">
         <name>HC05_NotifyUpperLayer</name>
         <value>0x4e43</value>
         <object_component_ref idref="oc-1dc"/>
      </symbol>
      <symbol id="sm-869">
         <name>HC05_HandleTimeoutEvt</name>
         <value>0x50a9</value>
         <object_component_ref idref="oc-1dc"/>
      </symbol>
      <symbol id="sm-86a">
         <name>HC05_GetRxSize</name>
         <value>0x4da3</value>
         <object_component_ref idref="oc-1dc"/>
      </symbol>
      <symbol id="sm-86b">
         <name>HC05_EventProcessing</name>
         <value>0x4e95</value>
         <object_component_ref idref="oc-1dc"/>
      </symbol>
      <symbol id="sm-86c">
         <name>HC05_ClearEvtQueue</name>
         <value>0x5089</value>
         <object_component_ref idref="oc-1dc"/>
      </symbol>
      <symbol id="sm-86d">
         <name>bluetooth_init</name>
         <value>0x4a51</value>
         <object_component_ref idref="oc-1dc"/>
      </symbol>
      <symbol id="sm-8a1">
         <name>BatteryVoltage</name>
         <value>0x2000281c</value>
         <object_component_ref idref="oc-25b"/>
      </symbol>
      <symbol id="sm-8a2">
         <name>BattSenseTimerTimeout</name>
         <value>0x6fb1</value>
         <object_component_ref idref="oc-106"/>
      </symbol>
      <symbol id="sm-8a3">
         <name>BattSense_init</name>
         <value>0x6f25</value>
         <object_component_ref idref="oc-106"/>
      </symbol>
      <symbol id="sm-8a4">
         <name>BattSenseISR</name>
         <value>0x6fc9</value>
         <object_component_ref idref="oc-106"/>
      </symbol>
      <symbol id="sm-8b6">
         <name>_c_int00</name>
         <value>0x849d</value>
         <object_component_ref idref="oc-24"/>
      </symbol>
      <symbol id="sm-8b7">
         <name>__stack</name>
         <value>0x2000141c</value>
         <object_component_ref idref="oc-29"/>
      </symbol>
      <symbol id="sm-8ce">
         <name>__TI_decompress_none</name>
         <value>0x8c4f</value>
         <object_component_ref idref="oc-12"/>
      </symbol>
      <symbol id="sm-8f1">
         <name>__TI_decompress_rle24</name>
         <value>0x8ce5</value>
         <object_component_ref idref="oc-18"/>
      </symbol>
      <symbol id="sm-903">
         <name>__TI_zero_init</name>
         <value>0x8c8d</value>
         <object_component_ref idref="oc-1e"/>
      </symbol>
      <symbol id="sm-922">
         <name>C$$EXIT</name>
         <value>0x873d</value>
         <object_component_ref idref="oc-6a"/>
      </symbol>
      <symbol id="sm-923">
         <name>abort</name>
         <value>0x8741</value>
         <object_component_ref idref="oc-6a"/>
      </symbol>
      <symbol id="sm-924">
         <name>exit</name>
         <value>0x8749</value>
         <object_component_ref idref="oc-6a"/>
      </symbol>
      <symbol id="sm-925">
         <name>__TI_dtors_ptr</name>
         <value>0x20002810</value>
         <object_component_ref idref="oc-a8"/>
      </symbol>
      <symbol id="sm-926">
         <name>__TI_cleanup_ptr</name>
         <value>0x2000280c</value>
         <object_component_ref idref="oc-a8"/>
      </symbol>
      <symbol id="sm-94a">
         <name>__aeabi_dsub</name>
         <value>0x70fd</value>
         <object_component_ref idref="oc-256"/>
      </symbol>
      <symbol id="sm-94b">
         <name>__aeabi_dadd</name>
         <value>0x7107</value>
         <object_component_ref idref="oc-256"/>
      </symbol>
      <symbol id="sm-972">
         <name>__aeabi_cdcmpeq</name>
         <value>0x7fc7</value>
         <object_component_ref idref="oc-291"/>
      </symbol>
      <symbol id="sm-973">
         <name>__aeabi_cdcmple</name>
         <value>0x7fc7</value>
         <object_component_ref idref="oc-291"/>
      </symbol>
      <symbol id="sm-974">
         <name>__aeabi_cdrcmple</name>
         <value>0x804d</value>
         <object_component_ref idref="oc-21e"/>
      </symbol>
      <symbol id="sm-994">
         <name>__aeabi_ddiv</name>
         <value>0x76f1</value>
         <object_component_ref idref="oc-219"/>
      </symbol>
      <symbol id="sm-9ab">
         <name>__aeabi_dmul</name>
         <value>0x7c89</value>
         <object_component_ref idref="oc-183"/>
      </symbol>
      <symbol id="sm-9b9">
         <name>__aeabi_d2iz</name>
         <value>0x86ad</value>
         <object_component_ref idref="oc-188"/>
      </symbol>
      <symbol id="sm-9c5">
         <name>__aeabi_d2f</name>
         <value>0x85d1</value>
         <object_component_ref idref="oc-143"/>
      </symbol>
      <symbol id="sm-9d3">
         <name>__aeabi_f2d</name>
         <value>0x88c5</value>
         <object_component_ref idref="oc-148"/>
      </symbol>
      <symbol id="sm-9df">
         <name>__aeabi_i2d</name>
         <value>0x89f9</value>
         <object_component_ref idref="oc-138"/>
      </symbol>
      <symbol id="sm-9fa">
         <name>memcpy</name>
         <value>0x7f2b</value>
         <object_component_ref idref="oc-33"/>
      </symbol>
      <symbol id="sm-9fb">
         <name>__aeabi_memcpy</name>
         <value>0x7f2b</value>
         <object_component_ref idref="oc-33"/>
      </symbol>
      <symbol id="sm-9fc">
         <name>__aeabi_memcpy8</name>
         <value>0x7f2b</value>
         <object_component_ref idref="oc-33"/>
      </symbol>
      <symbol id="sm-9fd">
         <name>__aeabi_memcpy4</name>
         <value>0x7f2b</value>
         <object_component_ref idref="oc-33"/>
      </symbol>
      <symbol id="sm-a0c">
         <name>__aeabi_memset</name>
         <value>0x80d5</value>
         <object_component_ref idref="oc-4c"/>
      </symbol>
      <symbol id="sm-a0d">
         <name>memset</name>
         <value>0x80db</value>
         <object_component_ref idref="oc-4c"/>
      </symbol>
      <symbol id="sm-a0e">
         <name>__aeabi_memset8</name>
         <value>0x80d5</value>
         <object_component_ref idref="oc-4c"/>
      </symbol>
      <symbol id="sm-a0f">
         <name>__aeabi_memset4</name>
         <value>0x80d5</value>
         <object_component_ref idref="oc-4c"/>
      </symbol>
      <symbol id="sm-a10">
         <name>__aeabi_memclr8</name>
         <value>0x80d3</value>
         <object_component_ref idref="oc-4c"/>
      </symbol>
      <symbol id="sm-a11">
         <name>__aeabi_memclr4</name>
         <value>0x80d3</value>
         <object_component_ref idref="oc-4c"/>
      </symbol>
      <symbol id="sm-a12">
         <name>__aeabi_memclr</name>
         <value>0x80d3</value>
         <object_component_ref idref="oc-4c"/>
      </symbol>
      <symbol id="sm-a1c">
         <name>_system_pre_init</name>
         <value>0x8cf3</value>
         <object_component_ref idref="oc-58"/>
      </symbol>
      <symbol id="sm-a24">
         <name>main_func_sp</name>
         <value>0x20002830</value>
         <object_component_ref idref="oc-70"/>
      </symbol>
      <symbol id="sm-a32">
         <name>strlen</name>
         <value>0x8bcd</value>
         <object_component_ref idref="oc-344"/>
      </symbol>
      <symbol id="sm-a4f">
         <name>vsprintf</name>
         <value>0x86f5</value>
         <object_component_ref idref="oc-33e"/>
      </symbol>
      <symbol id="sm-a68">
         <name>_nop</name>
         <value>0x8bc7</value>
         <object_component_ref idref="oc-11d"/>
      </symbol>
      <symbol id="sm-a69">
         <name>_lock</name>
         <value>0x20002804</value>
         <object_component_ref idref="oc-a5"/>
      </symbol>
      <symbol id="sm-a6a">
         <name>_unlock</name>
         <value>0x20002808</value>
         <object_component_ref idref="oc-a5"/>
      </symbol>
      <symbol id="sm-a6b">
         <name>_register_lock</name>
         <value>0x8bbf</value>
         <object_component_ref idref="oc-11d"/>
      </symbol>
      <symbol id="sm-a6c">
         <name>_register_unlock</name>
         <value>0x8bb9</value>
         <object_component_ref idref="oc-11d"/>
      </symbol>
      <symbol id="sm-b71">
         <name>__TI_printfi</name>
         <value>0x28a1</value>
         <object_component_ref idref="oc-417"/>
      </symbol>
      <symbol id="sm-b86">
         <name>_args_main</name>
         <value>0x8b75</value>
         <object_component_ref idref="oc-64"/>
      </symbol>
      <symbol id="sm-b9c">
         <name>atoi</name>
         <value>0x8539</value>
         <object_component_ref idref="oc-49d"/>
      </symbol>
      <symbol id="sm-bc2">
         <name>__TI_auto_init</name>
         <value>0x814d</value>
         <object_component_ref idref="oc-5e"/>
      </symbol>
      <symbol id="sm-bdc">
         <name>copy_in</name>
         <value>0x8585</value>
         <object_component_ref idref="oc-95"/>
      </symbol>
      <symbol id="sm-be7">
         <name>_ctypes_</name>
         <value>0x8cf8</value>
         <object_component_ref idref="oc-4e3"/>
      </symbol>
      <symbol id="sm-bf4">
         <name>frexp</name>
         <value>0x8a7f</value>
         <object_component_ref idref="oc-47f"/>
      </symbol>
      <symbol id="sm-c05">
         <name>ldexp</name>
         <value>0x83ab</value>
         <object_component_ref idref="oc-485"/>
      </symbol>
      <symbol id="sm-c14">
         <name>ltoa</name>
         <value>0x8355</value>
         <object_component_ref idref="oc-479"/>
      </symbol>
      <symbol id="sm-c24">
         <name>memccpy</name>
         <value>0x8ae1</value>
         <object_component_ref idref="oc-497"/>
      </symbol>
      <symbol id="sm-c34">
         <name>strchr</name>
         <value>0x8b8d</value>
         <object_component_ref idref="oc-48b"/>
      </symbol>
      <symbol id="sm-c5e">
         <name>__aeabi_uldivmod</name>
         <value>0x6d31</value>
         <object_component_ref idref="oc-474"/>
      </symbol>
      <symbol id="sm-c6c">
         <name>_Dclass</name>
         <value>0x8999</value>
         <object_component_ref idref="oc-491"/>
      </symbol>
      <symbol id="sm-c8d">
         <name>_Dscale</name>
         <value>0x7a6d</value>
         <object_component_ref idref="oc-4cf"/>
      </symbol>
      <symbol id="sm-ca1">
         <name>_Dunscale</name>
         <value>0x828d</value>
         <object_component_ref idref="oc-4c7"/>
      </symbol>
      <symbol id="sm-cb0">
         <name>_Feraise</name>
         <value>0x89c9</value>
         <object_component_ref idref="oc-4d5"/>
      </symbol>
      <symbol id="sm-cc0">
         <name>_Rteps</name>
         <value>0x20002630</value>
         <object_component_ref idref="oc-4ff"/>
      </symbol>
      <symbol id="sm-cc1">
         <name>_Zero</name>
         <value>0x20002648</value>
         <object_component_ref idref="oc-4ff"/>
      </symbol>
      <symbol id="sm-cc2">
         <name>_Hugeval</name>
         <value>0x200025f0</value>
         <object_component_ref idref="oc-4ff"/>
      </symbol>
      <symbol id="sm-cc3">
         <name>_Snan</name>
         <value>0x20002620</value>
         <object_component_ref idref="oc-4ff"/>
      </symbol>
      <symbol id="sm-cc4">
         <name>_Nan</name>
         <value>0x20002610</value>
         <object_component_ref idref="oc-4ff"/>
      </symbol>
      <symbol id="sm-cc5">
         <name>_Inf</name>
         <value>0x20002600</value>
         <object_component_ref idref="oc-4ff"/>
      </symbol>
      <symbol id="sm-cc6">
         <name>_Xbig</name>
         <value>0x20002640</value>
         <object_component_ref idref="oc-4ff"/>
      </symbol>
      <symbol id="sm-cc7">
         <name>_Eps</name>
         <value>0x200025e0</value>
         <object_component_ref idref="oc-4ff"/>
      </symbol>
      <symbol id="sm-cc8">
         <name>_Denorm</name>
         <value>0x200025d0</value>
         <object_component_ref idref="oc-4ff"/>
      </symbol>
      <symbol id="sm-cd0">
         <name>_Errno</name>
         <value>0x2000282c</value>
         <object_component_ref idref="oc-50a"/>
      </symbol>
      <symbol id="sm-cee">
         <name>feraiseexcept</name>
         <value>0x8965</value>
         <object_component_ref idref="oc-504"/>
      </symbol>
      <symbol id="sm-cef">
         <name>_Tls_setup__Fenv</name>
         <value>0x20002818</value>
         <object_component_ref idref="oc-52e"/>
      </symbol>
      <symbol id="sm-cf0">
         <name>_Fenv</name>
         <value>0x20002814</value>
         <object_component_ref idref="oc-52e"/>
      </symbol>
      <symbol id="sm-d04">
         <name>raise</name>
         <value>0x8a27</value>
         <object_component_ref idref="oc-528"/>
      </symbol>
      <symbol id="sm-d1e">
         <name>signal</name>
         <value>0x8885</value>
         <object_component_ref idref="oc-538"/>
      </symbol>
      <symbol id="sm-d33">
         <name>_Dnorm</name>
         <value>0x7e6d</value>
         <object_component_ref idref="oc-4f5"/>
      </symbol>
      <symbol id="sm-d54">
         <name>ADCIntRegister</name>
         <value>0x8afd</value>
         <object_component_ref idref="oc-1a5"/>
      </symbol>
      <symbol id="sm-d6f">
         <name>EEPROMInit</name>
         <value>0x87c5</value>
         <object_component_ref idref="oc-17d"/>
      </symbol>
      <symbol id="sm-de8">
         <name>GPIOIntRegister</name>
         <value>0x8b15</value>
         <object_component_ref idref="oc-25f"/>
      </symbol>
      <symbol id="sm-de9">
         <name>GPIOPinConfigure</name>
         <value>0x861d</value>
         <object_component_ref idref="oc-2fc"/>
      </symbol>
      <symbol id="sm-dea">
         <name>GPIOIntEnable</name>
         <value>0x8c69</value>
         <object_component_ref idref="oc-265"/>
      </symbol>
      <symbol id="sm-deb">
         <name>GPIOIntClear</name>
         <value>0x8cd3</value>
         <object_component_ref idref="oc-26b"/>
      </symbol>
      <symbol id="sm-dec">
         <name>GPIOPinTypeUART</name>
         <value>0x8be1</value>
         <object_component_ref idref="oc-302"/>
      </symbol>
      <symbol id="sm-ded">
         <name>GPIOIntStatus</name>
         <value>0x8c25</value>
         <object_component_ref idref="oc-271"/>
      </symbol>
      <symbol id="sm-dee">
         <name>GPIOPinRead</name>
         <value>0x8cd9</value>
         <object_component_ref idref="oc-c9"/>
      </symbol>
      <symbol id="sm-def">
         <name>GPIODirModeSet</name>
         <value>0x8a55</value>
         <object_component_ref idref="oc-3ee"/>
      </symbol>
      <symbol id="sm-df0">
         <name>GPIOPadConfigSet</name>
         <value>0x7827</value>
         <object_component_ref idref="oc-3f4"/>
      </symbol>
      <symbol id="sm-e32">
         <name>IntEnable</name>
         <value>0x8225</value>
         <object_component_ref idref="oc-1bd"/>
      </symbol>
      <symbol id="sm-e33">
         <name>IntRegister</name>
         <value>0x88fd</value>
         <object_component_ref idref="oc-2ab"/>
      </symbol>
      <symbol id="sm-e34">
         <name>IntMasterDisable</name>
         <value>0x8c05</value>
         <object_component_ref idref="oc-168"/>
      </symbol>
      <symbol id="sm-e35">
         <name>g_pfnRAMVectors</name>
         <value>0x20000000</value>
         <object_component_ref idref="oc-3c7"/>
      </symbol>
      <symbol id="sm-e54">
         <name>QEIIntRegister</name>
         <value>0x8b2d</value>
         <object_component_ref idref="oc-198"/>
      </symbol>
      <symbol id="sm-e9b">
         <name>SysCtlDelay</name>
         <value>0x8cdf</value>
         <object_component_ref idref="oc-e1"/>
      </symbol>
      <symbol id="sm-e9c">
         <name>SysCtlPeripheralEnable</name>
         <value>0x8931</value>
         <object_component_ref idref="oc-177"/>
      </symbol>
      <symbol id="sm-e9d">
         <name>SysCtlClockGet</name>
         <value>0x7b7d</value>
         <object_component_ref idref="oc-db"/>
      </symbol>
      <symbol id="sm-e9e">
         <name>SysCtlPeripheralReset</name>
         <value>0x83fd</value>
         <object_component_ref idref="oc-2c4"/>
      </symbol>
      <symbol id="sm-ead">
         <name>SysTickIntRegister</name>
         <value>0x8aa9</value>
         <object_component_ref idref="oc-162"/>
      </symbol>
      <symbol id="sm-f08">
         <name>TimerLoadSet</name>
         <value>0x8bf3</value>
         <object_component_ref idref="oc-1b1"/>
      </symbol>
      <symbol id="sm-f09">
         <name>TimerIntRegister</name>
         <value>0x8b45</value>
         <object_component_ref idref="oc-1b7"/>
      </symbol>
      <symbol id="sm-f0a">
         <name>TimerEnable</name>
         <value>0x8c33</value>
         <object_component_ref idref="oc-1cf"/>
      </symbol>
      <symbol id="sm-f0b">
         <name>TimerIntEnable</name>
         <value>0x8cc3</value>
         <object_component_ref idref="oc-1c3"/>
      </symbol>
      <symbol id="sm-f0c">
         <name>TimerConfigure</name>
         <value>0x82f5</value>
         <object_component_ref idref="oc-1ab"/>
      </symbol>
      <symbol id="sm-f0d">
         <name>TimerIntClear</name>
         <value>0x8ceb</value>
         <object_component_ref idref="oc-1c9"/>
      </symbol>
      <symbol id="sm-f8e">
         <name>UARTCharPutNonBlocking</name>
         <value>0x8c41</value>
         <object_component_ref idref="oc-32c"/>
      </symbol>
      <symbol id="sm-f8f">
         <name>UARTTxIntModeSet</name>
         <value>0x8c81</value>
         <object_component_ref idref="oc-31a"/>
      </symbol>
      <symbol id="sm-f90">
         <name>UARTConfigSetExpClk</name>
         <value>0x8781</value>
         <object_component_ref idref="oc-308"/>
      </symbol>
      <symbol id="sm-f91">
         <name>UARTDisable</name>
         <value>0x8ac5</value>
         <object_component_ref idref="oc-3fb"/>
      </symbol>
      <symbol id="sm-f92">
         <name>UARTIntEnable</name>
         <value>0x8ccb</value>
         <object_component_ref idref="oc-314"/>
      </symbol>
      <symbol id="sm-f93">
         <name>UARTCharsAvail</name>
         <value>0x8c75</value>
         <object_component_ref idref="oc-338"/>
      </symbol>
      <symbol id="sm-f94">
         <name>UARTEnable</name>
         <value>0x8ba3</value>
         <object_component_ref idref="oc-401"/>
      </symbol>
      <symbol id="sm-f95">
         <name>UARTIntClear</name>
         <value>0x8cef</value>
         <object_component_ref idref="oc-326"/>
      </symbol>
      <symbol id="sm-f96">
         <name>UARTIntStatus</name>
         <value>0x8cb9</value>
         <object_component_ref idref="oc-320"/>
      </symbol>
      <symbol id="sm-f97">
         <name>UARTCharGet</name>
         <value>0x8caf</value>
         <object_component_ref idref="oc-332"/>
      </symbol>
      <symbol id="sm-f98">
         <name>UARTIntRegister</name>
         <value>0x8b5d</value>
         <object_component_ref idref="oc-30e"/>
      </symbol>
      <symbol id="sm-fa2">
         <name>CPUcpsid</name>
         <value>0x8c5d</value>
         <object_component_ref idref="oc-2b3"/>
      </symbol>
      <symbol id="sm-fa3">
         <name>__TI_static_base__</name>
         <value>0x0</value>
      </symbol>
      <symbol id="sm-fa6">
         <name>SHT$$INIT_ARRAY$$Limit</name>
         <value>0x0</value>
      </symbol>
      <symbol id="sm-fa7">
         <name>SHT$$INIT_ARRAY$$Base</name>
         <value>0x0</value>
      </symbol>
   </symbol_table>
   <title>Link successful</title>
</link_info>
