******************************************************************************
                  TI ARM Linker PC v5.2.5                      
******************************************************************************
>> Linked Mon Sep 14 19:39:15 2015

OUTPUT FILE NAME:   <RYA_robot_v1.2222.out>
ENTRY POINT SYMBOL: "_c_int00"  address: 00006915


MEMORY CONFIGURATION

         name            origin    length      used     unused   attr    fill
----------------------  --------  ---------  --------  --------  ----  --------
  FLASH                 00000000   00040000  000077de  00038822  R  X
  SRAM                  20000000   00008000  000023f6  00005c0a  RW X


SEGMENT ALLOCATION MAP

run origin  load origin   length   init length attrs members
----------  ----------- ---------- ----------- ----- -------
00000000    00000000    000077e0   000077e0    r-x
  00000000    00000000    0000026c   0000026c    r-- .intvecs
  0000026c    0000026c    00006efe   00006efe    r-x .text
  0000716c    0000716c    00000534   00000534    r-- .const
  000076a0    000076a0    00000140   00000140    r-- .cinit
20000000    20000000    000023fc   00000000    rw-
  20000000    20000000    0000026c   00000000    rw- .vtable
  2000026c    2000026c    00001000   00000000    rw- .stack
  20001270    20001270    00000d96   00000000    rw- .bss
  20002008    20002008    000003f4   00000000    rw- .data


SECTION ALLOCATION MAP

 output                                  attributes/
section   page    origin      length       input sections
--------  ----  ----------  ----------   ----------------
.intvecs   0    00000000    0000026c     
                  00000000    0000026c     startup_ccs.obj (.intvecs)

.text      0    0000026c    00006efe     
                  0000026c    000010ba     rtsv7M4_T_le_v4SPD16_eabi.lib : _printfi.obj (.text)
                  00001326    00000002     --HOLE-- [fill = 0]
                  00001328    00000ac8     Uocluong.obj (.text)
                  00001df0    000008d0     ImgProcess.obj (.text)
                  000026c0    000006b8     IR.obj (.text)
                  00002d78    000006a4     Bluetooth.obj (.text)
                  0000341c    00000588     speed_control.obj (.text)
                  000039a4    00000314     qei.obj (.text)
                  00003cb8    000002fc     HostComm.obj (.text)
                  00003fb4    000002e0     STR_Indirect.obj (.text)
                  00004294    000002c8     Buzzer.obj (.text)
                  0000455c    000002c0     SystemConfig.obj (.text)
                  0000481c    000002bc     EEPROM.obj (.text)
                  00004ad8    00000278     main.obj (.text)
                  00004d50    000001fc     Button.obj (.text)
                  00004f4c    000001f4     rtsv7M4_T_le_v4SPD16_eabi.lib : ull_div_t2.obj (.text)
                  00005140    000001d8     Bettery.obj (.text)
                  00005318    000001b6     rtsv7M4_T_le_v4SPD16_eabi.lib : fd_add_t2.obj (.text)
                  000054ce    00000002     --HOLE-- [fill = 0]
                  000054d0    000001b4     Timer.obj (.text)
                  00005684    00000148     rtGetInf.obj (.text)
                  000057cc    00000140     Img_PID.obj (.text)
                  0000590c    00000140     PID.obj (.text)
                  00005a4c    00000136     rtsv7M4_T_le_v4SPD16_eabi.lib : fd_div_t2.obj (.text)
                  00005b82    00000130     driverlib.lib : gpio.obj (.text:GPIOPadConfigSet)
                  00005cb2    00000002     --HOLE-- [fill = 0]
                  00005cb4    0000011c     WallFollow.obj (.text)
                  00005dd0    00000114     rt_nonfinite.obj (.text)
                  00005ee4    00000110     rtsv7M4_T_le_v4SPD16_eabi.lib : xdscale.obj (.text)
                  00005ff4    0000010c     driverlib.lib : sysctl.obj (.text:SysCtlClockGet)
                  00006100    000000fc     rtsv7M4_T_le_v4SPD16_eabi.lib : fd_mul_t2.obj (.text)
                  000061fc    000000e8     rtGetNaN.obj (.text)
                  000062e4    000000be     rtsv7M4_T_le_v4SPD16_eabi.lib : xdnorm.obj (.text)
                  000063a2    0000009c                                   : memcpy_t2.obj (.text)
                  0000643e    00000086                                   : fd_cmp_t2.obj (.text:__aeabi_cdcmple)
                  000064c4    00000086                                   : fd_cmp_t2.obj (.text:__aeabi_cdrcmple)
                  0000654a    0000007a                                   : memset_t2.obj (.text)
                  000065c4    0000006c                                   : autoinit.obj (.text)
                  00006630    0000006a                                   : copy_decompress_rle.obj (.text)
                  0000669a    00000002     --HOLE-- [fill = 0]
                  0000669c    00000068     driverlib.lib : interrupt.obj (.text:IntEnable)
                  00006704    00000066     rtsv7M4_T_le_v4SPD16_eabi.lib : xdunscal.obj (.text)
                  0000676a    00000002     --HOLE-- [fill = 0]
                  0000676c    00000060     driverlib.lib : timer.obj (.text:TimerConfigure)
                  000067cc    00000056     rtsv7M4_T_le_v4SPD16_eabi.lib : ltoa.obj (.text)
                  00006822    00000052                                   : ldexp.obj (.text)
                  00006874    00000050     driverlib.lib : sysctl.obj (.text:SysCtlPeripheralReset)
                  000068c4    00000050                   : adc.obj (.text:_ADCIntNumberGet)
                  00006914    00000050     rtsv7M4_T_le_v4SPD16_eabi.lib : boot.obj (.text)
                  00006964    0000004c     driverlib.lib : timer.obj (.text:_TimerIntNumberGet)
                  000069b0    0000004c     rtsv7M4_T_le_v4SPD16_eabi.lib : atoi.obj (.text)
                  000069fc    0000004c                                   : cpy_tbl.obj (.text)
                  00006a48    00000048     driverlib.lib : gpio.obj (.text:GPIOPinConfigure)
                  00006a90    00000048                   : qei.obj (.text:_QEIIntNumberGet)
                  00006ad8    00000048     rtsv7M4_T_le_v4SPD16_eabi.lib : fd_toi_t2.obj (.text)
                  00006b20    00000048                                   : fd_tos_t2.obj (.text)
                  00006b68    00000048                                   : vsprintf.obj (.text)
                  00006bb0    00000044                                   : exit.obj (.text)
                  00006bf4    00000042     driverlib.lib : uart.obj (.text:UARTConfigSetExpClk)
                  00006c36    00000002     --HOLE-- [fill = 0]
                  00006c38    00000040                   : eeprom.obj (.text:EEPROMInit)
                  00006c78    00000040                   : gpio.obj (.text:_GPIOIntNumberGet)
                  00006cb8    00000040                   : uart.obj (.text:_UARTIntNumberGet)
                  00006cf8    00000040     rtsv7M4_T_le_v4SPD16_eabi.lib : signal.obj (.text)
                  00006d38    00000038                                   : fs_tod_t2.obj (.text)
                  00006d70    00000034     driverlib.lib : interrupt.obj (.text:IntRegister)
                  00006da4    00000034                   : sysctl.obj (.text:SysCtlPeripheralEnable)
                  00006dd8    00000034     rtsv7M4_T_le_v4SPD16_eabi.lib : feraiseexcept.obj (.text)
                  00006e0c    00000030                                   : xdclass.obj (.text)
                  00006e3c    00000030                                   : xferaise.obj (.text)
                  00006e6c    0000002e                                   : i_tofd_t2.obj (.text)
                  00006e9a    0000002e                                   : raise.obj (.text)
                  00006ec8    0000002a     driverlib.lib : gpio.obj (.text:GPIODirModeSet)
                  00006ef2    0000002a     rtsv7M4_T_le_v4SPD16_eabi.lib : frexp.obj (.text)
                  00006f1c    0000001c     driverlib.lib : systick.obj (.text:SysTickIntRegister)
                  00006f38    0000001c                   : uart.obj (.text:UARTDisable)
                  00006f54    0000001c     rtsv7M4_T_le_v4SPD16_eabi.lib : memccpy.obj (.text)
                  00006f70    00000018     driverlib.lib : adc.obj (.text:ADCIntRegister)
                  00006f88    00000018                   : gpio.obj (.text:GPIOIntRegister)
                  00006fa0    00000018                   : qei.obj (.text:QEIIntRegister)
                  00006fb8    00000018                   : timer.obj (.text:TimerIntRegister)
                  00006fd0    00000018                   : uart.obj (.text:UARTIntRegister)
                  00006fe8    00000018     rtsv7M4_T_le_v4SPD16_eabi.lib : args_main.obj (.text)
                  00007000    00000016                                   : strchr.obj (.text)
                  00007016    00000014     driverlib.lib : uart.obj (.text:UARTEnable)
                  0000702a    00000002     --HOLE-- [fill = 0]
                  0000702c    00000014     rtsv7M4_T_le_v4SPD16_eabi.lib : _lock.obj (.text)
                  00007040    00000014                                   : strlen.obj (.text)
                  00007054    00000012     driverlib.lib : gpio.obj (.text:GPIOPinTypeUART)
                  00007066    00000012                   : timer.obj (.text:TimerLoadSet)
                  00007078    00000010                   : interrupt.obj (.text:IntMasterDisable)
                  00007088    00000010                   : eeprom.obj (.text:_EEPROMWaitForDone)
                  00007098    0000000e                   : gpio.obj (.text:GPIOIntStatus)
                  000070a6    0000000e                   : timer.obj (.text:TimerEnable)
                  000070b4    0000000e                   : uart.obj (.text:UARTCharPutNonBlocking)
                  000070c2    0000000e     rtsv7M4_T_le_v4SPD16_eabi.lib : copy_decompress_none.obj (.text:decompress:none)
                  000070d0    0000000c     driverlib.lib : cpu.obj (.text:CPUcpsid)
                  000070dc    0000000c                   : gpio.obj (.text:GPIOIntEnable)
                  000070e8    0000000c                   : uart.obj (.text:UARTCharsAvail)
                  000070f4    0000000c                   : uart.obj (.text:UARTTxIntModeSet)
                  00007100    0000000c     rtsv7M4_T_le_v4SPD16_eabi.lib : copy_zero_init.obj (.text:decompress:ZI)
                  0000710c    0000000c     startup_ccs.obj (.text)
                  00007118    0000000a     Control_initialize.obj (.text)
                  00007122    0000000a     driverlib.lib : uart.obj (.text:UARTCharGet)
                  0000712c    0000000a                   : uart.obj (.text:UARTIntStatus)
                  00007136    00000008                   : timer.obj (.text:TimerIntEnable)
                  0000713e    00000008                   : uart.obj (.text:UARTIntEnable)
                  00007146    00000006                   : gpio.obj (.text:GPIOIntClear)
                  0000714c    00000006                   : gpio.obj (.text:GPIOPinRead)
                  00007152    00000006                   : sysctl.obj (.text:SysCtlDelay)
                  00007158    00000006     rtsv7M4_T_le_v4SPD16_eabi.lib : copy_decompress_rle.obj (.text:decompress:rle24)
                  0000715e    00000004     driverlib.lib : timer.obj (.text:TimerIntClear)
                  00007162    00000004                   : uart.obj (.text:UARTIntClear)
                  00007166    00000004     rtsv7M4_T_le_v4SPD16_eabi.lib : pre_init.obj (.text)

.const     0    0000716c    00000534     
                  0000716c    00000101     rtsv7M4_T_le_v4SPD16_eabi.lib : ctype.obj (.const:.string:_ctypes_)
                  0000726d    00000003     --HOLE-- [fill = 0]
                  00007270    000000c0     driverlib.lib : gpio.obj (.const:g_ppui32GPIOIntMapBlizzard)
                  00007330    000000c0                   : gpio.obj (.const:g_ppui32GPIOIntMapSnowflake)
                  000073f0    00000090                   : gpio.obj (.const:g_pui32GPIOBaseAddrs)
                  00007480    00000070                   : interrupt.obj (.const)
                  000074f0    0000006c                   : sysctl.obj (.const:g_pui32Xtals)
                  0000755c    00000060                   : timer.obj (.const:g_ppui32TimerIntMap)
                  000075bc    00000040                   : timer.obj (.const:g_ppui32TimerIntMapSnowflake)
                  000075fc    00000040                   : uart.obj (.const:g_ppui32UARTIntMap)
                  0000763c    00000040                   : uart.obj (.const:g_ppui32UARTIntMapSnowflake)
                  0000767c    00000020     Buzzer.obj (.const)
                  0000769c    00000004     rtGetNaN.obj (.const)

.cinit     0    000076a0    00000140     
                  000076a0    0000010b     (.cinit..data.load) [load image, compression = rle]
                  000077ab    00000001     --HOLE-- [fill = 0]
                  000077ac    0000000c     (__TI_handler_table)
                  000077b8    00000008     (.cinit..bss.load) [load image, compression = zero_init]
                  000077c0    00000008     (.cinit..vtable.load) [load image, compression = zero_init]
                  000077c8    00000018     (__TI_cinit_table)

.init_array 
*          0    00000000    00000000     UNINITIALIZED

.vtable    0    20000000    0000026c     UNINITIALIZED
                  20000000    0000026c     driverlib.lib : interrupt.obj (.vtable)

.stack     0    2000026c    00001000     UNINITIALIZED
                  2000026c    00001000     --HOLE--

.bss       0    20001270    00000d96     UNINITIALIZED
                  20001270    000005dc     Bluetooth.obj (.bss:rxBuffer)
                  2000184c    000005dc     Bluetooth.obj (.bss:txBuffer)
                  20001e28    00000050     Timer.obj (.bss:timer_event_list)
                  20001e78    00000034     HostComm.obj (.bss:data)
                  20001eac    00000034     HostComm.obj (.bss:rcvMsg)
                  20001ee0    00000020     (.common:Theta)
                  20001f00    00000020     (.common:Theta2)
                  20001f20    00000020     (.common:ir_calib_values)
                  20001f40    00000014     (.common:HC05_Notify_Callbacks)
                  20001f54    00000010     (.common:IR_Result)
                  20001f64    00000010     (.common:IR_ResultTmp)
                  20001f74    0000000c     (.common:hc05_EvtQueue)
                  20001f80    00000008     (.common:rtInf)
                  20001f88    00000008     (.common:rtMinusInf)
                  20001f90    00000008     (.common:rtNaN)
                  20001f98    00000004     (.common:Button_left_callback)
                  20001f9c    00000004     (.common:Button_right_callback)
                  20001fa0    00000004     (.common:angle)
                  20001fa4    00000004     (.common:angle_2)
                  20001fa8    00000004     (.common:avrSpeed)
                  20001fac    00000004     (.common:avrSpeed)
                  20001fb0    00000004     (.common:e$5)
                  20001fb4    00000004     (.common:e$7)
                  20001fb8    00000004     (.common:len)
                  20001fbc    00000004     (.common:qei_velocity_timeout)
                  20001fc0    00000004     (.common:rtInfF)
                  20001fc4    00000004     (.common:rtMinusInfF)
                  20001fc8    00000004     (.common:rtNaNF)
                  20001fcc    00000004     (.common:u$6)
                  20001fd0    00000004     (.common:u$8)
                  20001fd4    00000004     (.common:vp$2)
                  20001fd8    00000004     (.common:vp$4)
                  20001fdc    00000004     (.common:vt$1)
                  20001fe0    00000004     (.common:vt$3)
                  20001fe4    00000004     (.common:x)
                  20001fe8    00000004     (.common:x_dest)
                  20001fec    00000004     (.common:x_temp)
                  20001ff0    00000004     (.common:y)
                  20001ff4    00000004     (.common:y_dest)
                  20001ff8    00000002     (.common:rxHead)
                  20001ffa    00000002     (.common:rxTail)
                  20001ffc    00000002     (.common:txHead)
                  20001ffe    00000002     (.common:txTail)
                  20002000    00000001     (.common:hc05_IsEvtQueueFull)
                  20002001    00000001     (.common:hc05_SystemInfoID)
                  20002002    00000001     (.common:hc05_SystemInfoType)
                  20002003    00000001     (.common:hc05_Timer_ID)
                  20002004    00000001     (.common:hc05_evt_r_index)
                  20002005    00000001     (.common:hc05_evt_w_index)

.TI.noinit 
*          0    20001270    00000000     UNINITIALIZED

.data      0    20002008    000003f4     UNINITIALIZED
                  20002008    000000b0     rtsv7M4_T_le_v4SPD16_eabi.lib : signal.obj (.data:sigtable)
                  200020b8    00000080     Uocluong.obj (.data:P_$3)
                  20002138    00000080     Uocluong.obj (.data:P_$6)
                  200021b8    00000080     rtsv7M4_T_le_v4SPD16_eabi.lib : xvalues.obj (.data)
                  20002238    00000055     speed_control.obj (.data)
                  2000228d    00000002     Button.obj (.data)
                  2000228f    00000001     main.obj (.data)
                  20002290    00000040     Uocluong.obj (.data)
                  200022d0    00000030     STR_Indirect.obj (.data)
                  20002300    00000028     ImgProcess.obj (.data:pid_ImgProcessBackParam)
                  20002328    00000028     ImgProcess.obj (.data:pid_ImgProcessParam)
                  20002350    00000028     WallFollow.obj (.data:pid_wall_left)
                  20002378    0000001c     ImgProcess.obj (.data)
                  20002394    00000016     WallFollow.obj (.data)
                  200023aa    00000002     IR.obj (.data)
                  200023ac    0000000c     HostComm.obj (.data)
                  200023b8    0000000c     SystemConfig.obj (.data)
                  200023c4    00000008     qei.obj (.data)
                  200023cc    00000008     rtsv7M4_T_le_v4SPD16_eabi.lib : _lock.obj (.data)
                  200023d4    00000008                                   : exit.obj (.data)
                  200023dc    00000008                                   : feraiseexcept.obj (.data)
                  200023e4    00000005     Bettery.obj (.data)
                  200023e9    00000005     Buzzer.obj (.data)
                  200023ee    00000004     Bluetooth.obj (.data)
                  200023f2    00000002     --HOLE--
                  200023f4    00000004     rtsv7M4_T_le_v4SPD16_eabi.lib : errno.obj (.data)
                  200023f8    00000004                                   : stkdepth_vars.obj (.data)

.TI.persistent 
*          0    20002008    00000000     UNINITIALIZED


LINKER GENERATED COPY TABLES

__TI_cinit_table @ 000077c8 records: 3, size/record: 8, table size: 24
	.data: load addr=000076a0, load size=0000010b bytes, run addr=20002008, run size=000003f4 bytes, compression=rle
	.bss: load addr=000077b8, load size=00000008 bytes, run addr=20001270, run size=00000d96 bytes, compression=zero_init
	.vtable: load addr=000077c0, load size=00000008 bytes, run addr=20000000, run size=0000026c bytes, compression=zero_init


LINKER GENERATED HANDLER TABLE

__TI_handler_table @ 000077ac records: 3, size/record: 4, table size: 12
	index: 0, handler: __TI_zero_init
	index: 1, handler: __TI_decompress_rle24
	index: 2, handler: __TI_decompress_none


GLOBAL SYMBOLS: SORTED ALPHABETICALLY BY Name 

address   name                       
-------   ----                       
00006f71  ADCIntRegister             
000051e5  BattSenseISR               
000051cd  BattSenseTimerTimeout      
00005141  BattSense_init             
200023e4  BatteryVoltage             
00004ad9  ButtonLeftHandler          
00004e07  ButtonRegisterCallback     
00004b0f  ButtonRightHandler         
00004d97  Button_init                
00006bb1  C$$EXIT                    
000070d1  CPUcpsid                   
00004563  Config_System              
00007119  Control_initialize         
000048b1  EEPROMConfig               
00006c39  EEPROMInit                 
00006ec9  GPIODirModeSet             
00007147  GPIOIntClear               
000070dd  GPIOIntEnable              
00006f89  GPIOIntRegister            
00007099  GPIOIntStatus              
00005b83  GPIOPadConfigSet           
00006a49  GPIOPinConfigure           
0000714d  GPIOPinRead                
00007055  GPIOPinTypeUART            
000033b1  HC05_ClearEvtQueue         
000031bd  HC05_EventProcessing       
00003089  HC05_GetRxData             
000030cb  HC05_GetRxSize             
000031b7  HC05_GetSystemInfoID       
000031b1  HC05_GetSystemInfoType     
000033d1  HC05_HandleTimeoutEvt      
0000316b  HC05_NotifyUpperLayer      
20001f40  HC05_Notify_Callbacks      
00003071  HC05_QueryRxData           
000030dd  HC05_RegisterEvtNotify     
000033db  HC05_RunTimeout            
000033ed  HC05_StopTimeout           
0000312d  HC05_UnregisterEvtNotify   
00003ce5  HostCommInit               
00003e4f  HostComm_process           
000026c1  IRDetector_init            
2000228f  IR_Calib_Step              
000029e9  IR_GetIrDetectorValue      
00002bf9  IR_get_calib_value         
00002a5d  IR_load_calib_value        
00002b05  IR_set_calib_value         
0000669d  IntEnable                  
00007079  IntMasterDisable           
00006d71  IntRegister                
00004641  LED_Display_init           
00003445  ProcessSpeedControl        
00006fa1  QEIIntRegister             
0000710d  ResetISR                   
UNDEFED   SHT$$INIT_ARRAY$$Base      
UNDEFED   SHT$$INIT_ARRAY$$Limit     
00003fb5  STR_Indirect               
00004101  STR_Indirect2              
00004d51  Switch_init                
00005ff5  SysCtlClockGet             
00007153  SysCtlDelay                
00006da5  SysCtlPeripheralEnable     
00006875  SysCtlPeripheralReset      
00006f1d  SysTickIntRegister         
000055f1  TIMER_ISR                  
0000555d  TIMER_RegisterEvent        
000055b5  TIMER_UnregisterEvent      
0000676d  TimerConfigure             
000070a7  TimerEnable                
0000715f  TimerIntClear              
00007137  TimerIntEnable             
00006fb9  TimerIntRegister           
00007067  TimerLoadSet               
000054d1  Timer_Init                 
00007123  UARTCharGet                
000070b5  UARTCharPutNonBlocking     
000070e9  UARTCharsAvail             
00006bf5  UARTConfigSetExpClk        
00006f39  UARTDisable                
00007017  UARTEnable                 
00007163  UARTIntClear               
0000713f  UARTIntEnable              
00006fd1  UARTIntRegister            
0000712d  UARTIntStatus              
000070f5  UARTTxIntModeSet           
00001329  Uocluong                   
00001881  Uocluong2                  
00006e0d  _Dclass                    
200021b8  _Denorm                    
000062e5  _Dnorm                     
00005ee5  _Dscale                    
00006705  _Dunscale                  
200021c8  _Eps                       
200023f4  _Errno                     
200023dc  _Fenv                      
00006e3d  _Feraise                   
200021d8  _Hugeval                   
200021e8  _Inf                       
200021f8  _Nan                       
20002218  _Rteps                     
20002208  _Snan                      
200023e0  _Tls_setup__Fenv           
20002228  _Xbig                      
20002230  _Zero                      
2000126c  __STACK_END                
00001000  __STACK_SIZE               
2000046c  __STACK_TOP                
000077c8  __TI_CINIT_Base            
000077e0  __TI_CINIT_Limit           
000077ac  __TI_Handler_Table_Base    
000077b8  __TI_Handler_Table_Limit   
000065c5  __TI_auto_init             
200023d4  __TI_cleanup_ptr           
000070c3  __TI_decompress_none       
00007159  __TI_decompress_rle24      
200023d8  __TI_dtors_ptr             
00001021  __TI_printfi               
00000000  __TI_static_base__         
00007101  __TI_zero_init             
0000643f  __aeabi_cdcmpeq            
0000643f  __aeabi_cdcmple            
000064c5  __aeabi_cdrcmple           
00006b21  __aeabi_d2f                
00006ad9  __aeabi_d2iz               
00005323  __aeabi_dadd               
00005a4d  __aeabi_ddiv               
00006101  __aeabi_dmul               
00005319  __aeabi_dsub               
00006d39  __aeabi_f2d                
00006e6d  __aeabi_i2d                
0000654b  __aeabi_memclr             
0000654b  __aeabi_memclr4            
0000654b  __aeabi_memclr8            
000063a3  __aeabi_memcpy             
000063a3  __aeabi_memcpy4            
000063a3  __aeabi_memcpy8            
0000654d  __aeabi_memset             
0000654d  __aeabi_memset4            
0000654d  __aeabi_memset8            
00004f4d  __aeabi_uldivmod           
ffffffff  __binit__                  
ffffffff  __c_args__                 
2000026c  __stack                    
00006fe9  _args_main                 
00006915  _c_int00                   
0000716c  _ctypes_                   
200023cc  _lock                      
0000703b  _nop                       
00007033  _register_lock             
0000702d  _register_unlock           
00007167  _system_pre_init           
200023d0  _unlock                    
00006bb5  abort                      
20001fa0  angle                      
20001fa4  angle_2                    
000069b1  atoi                       
ffffffff  binit                      
00002d79  bluetooth_init             
00003021  bluetooth_print            
00002eb1  bluetooth_recv             
00002f8b  bluetooth_send             
00004295  buzzer_init                
00004385  buzzer_low_battery_notify  
000043a5  buzzer_low_battery_shutdown
0000449d  buzzer_on                  
00004317  buzzer_setsound            
00003d0d  calcCheckSum               
000069fd  copy_in                    
00006bbd  exit                       
00006dd9  feraiseexcept              
00006ef3  frexp                      
20000000  g_pfnRAMVectors            
00000000  g_pfnVectors               
20001f74  hc05_EvtQueue              
20002000  hc05_IsEvtQueueFull        
20002004  hc05_evt_r_index           
20002005  hc05_evt_w_index           
00006823  ldexp                      
00004aa5  loadIRData                 
0000497d  loadMotorModel             
000067cd  ltoa                       
00004ccd  main                       
200023f8  main_func_sp               
00006f55  memccpy                    
000063a3  memcpy                     
00006553  memset                     
0000241d  pid_ImageProcess           
00001e53  pid_ImageProcess_init      
20002300  pid_ImgProcessBackParam    
20002328  pid_ImgProcessParam        
00005d95  pid_Wallfollow_process     
00005d4b  pid_Wallfollow_set_follow  
000057f5  pid_imgProcess             
000058df  pid_imgReset               
000057cd  pid_imgSet_k_params        
00005935  pid_process                
00005a1f  pid_reset                  
0000590d  pid_set_k_params           
20002350  pid_wall_left              
00003c0d  qei_getPosLeft             
00003c1d  qei_getPosRight            
00003bc3  qei_getVelocity            
000039a5  qei_init                   
00003c2d  qei_setPosLeft             
00003c41  qei_setPosRight            
00006e9b  raise                      
00005685  rtGetInf                   
0000570d  rtGetInfF                  
0000571f  rtGetMinusInf              
000057a7  rtGetMinusInfF             
000061fd  rtGetNaN                   
00006289  rtGetNaNF                  
20001f80  rtInf                      
20001fc0  rtInfF                     
00005e1f  rtIsInf                    
00005e4d  rtIsInfF                   
00005e87  rtIsNaN                    
00005ea7  rtIsNaNF                   
20001f88  rtMinusInf                 
20001fc4  rtMinusInfF                
20001f90  rtNaN                      
20001fc8  rtNaNF                     
00005dd1  rt_InitInfAndNaN           
00004a51  saveIRData                 
000048bf  saveMotorModel             
00006cf9  signal                     
0000367f  speed_Enable_Hbridge       
0000390f  speed_GetMotorModel        
00003895  speed_SetMotorModel        
0000341d  speed_control_init         
00003741  speed_set                  
00007001  strchr                     
00007041  strlen                     
0000460d  system_Enable_BoostCircuit 
000046cb  system_GetState            
000046e5  system_Process_System_State
000046d1  system_SetState            
0000455d  u32_UsrSystemClockGet      
00006b69  vsprintf                   
00005d13  wallFollow_init            
20001fe4  x                          
20001fe8  x_dest                     
20001ff0  y                          
20001ff4  y_dest                     


GLOBAL SYMBOLS: SORTED BY Symbol Address 

address   name                       
-------   ----                       
00000000  __TI_static_base__         
00000000  g_pfnVectors               
00001000  __STACK_SIZE               
00001021  __TI_printfi               
00001329  Uocluong                   
00001881  Uocluong2                  
00001e53  pid_ImageProcess_init      
0000241d  pid_ImageProcess           
000026c1  IRDetector_init            
000029e9  IR_GetIrDetectorValue      
00002a5d  IR_load_calib_value        
00002b05  IR_set_calib_value         
00002bf9  IR_get_calib_value         
00002d79  bluetooth_init             
00002eb1  bluetooth_recv             
00002f8b  bluetooth_send             
00003021  bluetooth_print            
00003071  HC05_QueryRxData           
00003089  HC05_GetRxData             
000030cb  HC05_GetRxSize             
000030dd  HC05_RegisterEvtNotify     
0000312d  HC05_UnregisterEvtNotify   
0000316b  HC05_NotifyUpperLayer      
000031b1  HC05_GetSystemInfoType     
000031b7  HC05_GetSystemInfoID       
000031bd  HC05_EventProcessing       
000033b1  HC05_ClearEvtQueue         
000033d1  HC05_HandleTimeoutEvt      
000033db  HC05_RunTimeout            
000033ed  HC05_StopTimeout           
0000341d  speed_control_init         
00003445  ProcessSpeedControl        
0000367f  speed_Enable_Hbridge       
00003741  speed_set                  
00003895  speed_SetMotorModel        
0000390f  speed_GetMotorModel        
000039a5  qei_init                   
00003bc3  qei_getVelocity            
00003c0d  qei_getPosLeft             
00003c1d  qei_getPosRight            
00003c2d  qei_setPosLeft             
00003c41  qei_setPosRight            
00003ce5  HostCommInit               
00003d0d  calcCheckSum               
00003e4f  HostComm_process           
00003fb5  STR_Indirect               
00004101  STR_Indirect2              
00004295  buzzer_init                
00004317  buzzer_setsound            
00004385  buzzer_low_battery_notify  
000043a5  buzzer_low_battery_shutdown
0000449d  buzzer_on                  
0000455d  u32_UsrSystemClockGet      
00004563  Config_System              
0000460d  system_Enable_BoostCircuit 
00004641  LED_Display_init           
000046cb  system_GetState            
000046d1  system_SetState            
000046e5  system_Process_System_State
000048b1  EEPROMConfig               
000048bf  saveMotorModel             
0000497d  loadMotorModel             
00004a51  saveIRData                 
00004aa5  loadIRData                 
00004ad9  ButtonLeftHandler          
00004b0f  ButtonRightHandler         
00004ccd  main                       
00004d51  Switch_init                
00004d97  Button_init                
00004e07  ButtonRegisterCallback     
00004f4d  __aeabi_uldivmod           
00005141  BattSense_init             
000051cd  BattSenseTimerTimeout      
000051e5  BattSenseISR               
00005319  __aeabi_dsub               
00005323  __aeabi_dadd               
000054d1  Timer_Init                 
0000555d  TIMER_RegisterEvent        
000055b5  TIMER_UnregisterEvent      
000055f1  TIMER_ISR                  
00005685  rtGetInf                   
0000570d  rtGetInfF                  
0000571f  rtGetMinusInf              
000057a7  rtGetMinusInfF             
000057cd  pid_imgSet_k_params        
000057f5  pid_imgProcess             
000058df  pid_imgReset               
0000590d  pid_set_k_params           
00005935  pid_process                
00005a1f  pid_reset                  
00005a4d  __aeabi_ddiv               
00005b83  GPIOPadConfigSet           
00005d13  wallFollow_init            
00005d4b  pid_Wallfollow_set_follow  
00005d95  pid_Wallfollow_process     
00005dd1  rt_InitInfAndNaN           
00005e1f  rtIsInf                    
00005e4d  rtIsInfF                   
00005e87  rtIsNaN                    
00005ea7  rtIsNaNF                   
00005ee5  _Dscale                    
00005ff5  SysCtlClockGet             
00006101  __aeabi_dmul               
000061fd  rtGetNaN                   
00006289  rtGetNaNF                  
000062e5  _Dnorm                     
000063a3  __aeabi_memcpy             
000063a3  __aeabi_memcpy4            
000063a3  __aeabi_memcpy8            
000063a3  memcpy                     
0000643f  __aeabi_cdcmpeq            
0000643f  __aeabi_cdcmple            
000064c5  __aeabi_cdrcmple           
0000654b  __aeabi_memclr             
0000654b  __aeabi_memclr4            
0000654b  __aeabi_memclr8            
0000654d  __aeabi_memset             
0000654d  __aeabi_memset4            
0000654d  __aeabi_memset8            
00006553  memset                     
000065c5  __TI_auto_init             
0000669d  IntEnable                  
00006705  _Dunscale                  
0000676d  TimerConfigure             
000067cd  ltoa                       
00006823  ldexp                      
00006875  SysCtlPeripheralReset      
00006915  _c_int00                   
000069b1  atoi                       
000069fd  copy_in                    
00006a49  GPIOPinConfigure           
00006ad9  __aeabi_d2iz               
00006b21  __aeabi_d2f                
00006b69  vsprintf                   
00006bb1  C$$EXIT                    
00006bb5  abort                      
00006bbd  exit                       
00006bf5  UARTConfigSetExpClk        
00006c39  EEPROMInit                 
00006cf9  signal                     
00006d39  __aeabi_f2d                
00006d71  IntRegister                
00006da5  SysCtlPeripheralEnable     
00006dd9  feraiseexcept              
00006e0d  _Dclass                    
00006e3d  _Feraise                   
00006e6d  __aeabi_i2d                
00006e9b  raise                      
00006ec9  GPIODirModeSet             
00006ef3  frexp                      
00006f1d  SysTickIntRegister         
00006f39  UARTDisable                
00006f55  memccpy                    
00006f71  ADCIntRegister             
00006f89  GPIOIntRegister            
00006fa1  QEIIntRegister             
00006fb9  TimerIntRegister           
00006fd1  UARTIntRegister            
00006fe9  _args_main                 
00007001  strchr                     
00007017  UARTEnable                 
0000702d  _register_unlock           
00007033  _register_lock             
0000703b  _nop                       
00007041  strlen                     
00007055  GPIOPinTypeUART            
00007067  TimerLoadSet               
00007079  IntMasterDisable           
00007099  GPIOIntStatus              
000070a7  TimerEnable                
000070b5  UARTCharPutNonBlocking     
000070c3  __TI_decompress_none       
000070d1  CPUcpsid                   
000070dd  GPIOIntEnable              
000070e9  UARTCharsAvail             
000070f5  UARTTxIntModeSet           
00007101  __TI_zero_init             
0000710d  ResetISR                   
00007119  Control_initialize         
00007123  UARTCharGet                
0000712d  UARTIntStatus              
00007137  TimerIntEnable             
0000713f  UARTIntEnable              
00007147  GPIOIntClear               
0000714d  GPIOPinRead                
00007153  SysCtlDelay                
00007159  __TI_decompress_rle24      
0000715f  TimerIntClear              
00007163  UARTIntClear               
00007167  _system_pre_init           
0000716c  _ctypes_                   
000077ac  __TI_Handler_Table_Base    
000077b8  __TI_Handler_Table_Limit   
000077c8  __TI_CINIT_Base            
000077e0  __TI_CINIT_Limit           
20000000  g_pfnRAMVectors            
2000026c  __stack                    
2000046c  __STACK_TOP                
2000126c  __STACK_END                
20001f40  HC05_Notify_Callbacks      
20001f74  hc05_EvtQueue              
20001f80  rtInf                      
20001f88  rtMinusInf                 
20001f90  rtNaN                      
20001fa0  angle                      
20001fa4  angle_2                    
20001fc0  rtInfF                     
20001fc4  rtMinusInfF                
20001fc8  rtNaNF                     
20001fe4  x                          
20001fe8  x_dest                     
20001ff0  y                          
20001ff4  y_dest                     
20002000  hc05_IsEvtQueueFull        
20002004  hc05_evt_r_index           
20002005  hc05_evt_w_index           
200021b8  _Denorm                    
200021c8  _Eps                       
200021d8  _Hugeval                   
200021e8  _Inf                       
200021f8  _Nan                       
20002208  _Snan                      
20002218  _Rteps                     
20002228  _Xbig                      
20002230  _Zero                      
2000228f  IR_Calib_Step              
20002300  pid_ImgProcessBackParam    
20002328  pid_ImgProcessParam        
20002350  pid_wall_left              
200023cc  _lock                      
200023d0  _unlock                    
200023d4  __TI_cleanup_ptr           
200023d8  __TI_dtors_ptr             
200023dc  _Fenv                      
200023e0  _Tls_setup__Fenv           
200023e4  BatteryVoltage             
200023f4  _Errno                     
200023f8  main_func_sp               
ffffffff  __binit__                  
ffffffff  __c_args__                 
ffffffff  binit                      
UNDEFED   SHT$$INIT_ARRAY$$Base      
UNDEFED   SHT$$INIT_ARRAY$$Limit     

[243 symbols]
